Archive member included to satisfy reference by file (symbol)

c:/program files (x86)/gnu tools arm embedded/5.4 2016q3/bin/../lib/gcc/arm-none-eabi/5.4.1/../../../../arm-none-eabi/lib/armv7-m\libc.a(lib_a-exit.o)
                              c:/program files (x86)/gnu tools arm embedded/5.4 2016q3/bin/../lib/gcc/arm-none-eabi/5.4.1/../../../../arm-none-eabi/lib/armv7-m/crt0.o (exit)
c:/program files (x86)/gnu tools arm embedded/5.4 2016q3/bin/../lib/gcc/arm-none-eabi/5.4.1/../../../../arm-none-eabi/lib/armv7-m\libc.a(lib_a-impure.o)
                              c:/program files (x86)/gnu tools arm embedded/5.4 2016q3/bin/../lib/gcc/arm-none-eabi/5.4.1/../../../../arm-none-eabi/lib/armv7-m\libc.a(lib_a-exit.o) (_global_impure_ptr)
c:/program files (x86)/gnu tools arm embedded/5.4 2016q3/bin/../lib/gcc/arm-none-eabi/5.4.1/../../../../arm-none-eabi/lib/armv7-m\libc.a(lib_a-init.o)
                              c:/program files (x86)/gnu tools arm embedded/5.4 2016q3/bin/../lib/gcc/arm-none-eabi/5.4.1/../../../../arm-none-eabi/lib/armv7-m/crt0.o (__libc_init_array)
c:/program files (x86)/gnu tools arm embedded/5.4 2016q3/bin/../lib/gcc/arm-none-eabi/5.4.1/../../../../arm-none-eabi/lib/armv7-m\libc.a(lib_a-memset.o)
                              c:/program files (x86)/gnu tools arm embedded/5.4 2016q3/bin/../lib/gcc/arm-none-eabi/5.4.1/../../../../arm-none-eabi/lib/armv7-m/crt0.o (memset)
c:/program files (x86)/gnu tools arm embedded/5.4 2016q3/bin/../lib/gcc/arm-none-eabi/5.4.1/../../../../arm-none-eabi/lib/armv7-m\libc.a(lib_a-__call_atexit.o)
                              c:/program files (x86)/gnu tools arm embedded/5.4 2016q3/bin/../lib/gcc/arm-none-eabi/5.4.1/../../../../arm-none-eabi/lib/armv7-m\libc.a(lib_a-exit.o) (__call_exitprocs)
c:/program files (x86)/gnu tools arm embedded/5.4 2016q3/bin/../lib/gcc/arm-none-eabi/5.4.1/../../../../arm-none-eabi/lib/armv7-m\libc.a(lib_a-atexit.o)
                              c:/program files (x86)/gnu tools arm embedded/5.4 2016q3/bin/../lib/gcc/arm-none-eabi/5.4.1/../../../../arm-none-eabi/lib/armv7-m\libc.a(lib_a-__call_atexit.o) (atexit)
c:/program files (x86)/gnu tools arm embedded/5.4 2016q3/bin/../lib/gcc/arm-none-eabi/5.4.1/../../../../arm-none-eabi/lib/armv7-m\libc.a(lib_a-fini.o)
                              c:/program files (x86)/gnu tools arm embedded/5.4 2016q3/bin/../lib/gcc/arm-none-eabi/5.4.1/../../../../arm-none-eabi/lib/armv7-m\libc.a(lib_a-__call_atexit.o) (__libc_fini_array)
c:/program files (x86)/gnu tools arm embedded/5.4 2016q3/bin/../lib/gcc/arm-none-eabi/5.4.1/../../../../arm-none-eabi/lib/armv7-m\libc.a(lib_a-__atexit.o)
                              c:/program files (x86)/gnu tools arm embedded/5.4 2016q3/bin/../lib/gcc/arm-none-eabi/5.4.1/../../../../arm-none-eabi/lib/armv7-m\libc.a(lib_a-atexit.o) (__register_exitproc)
c:/program files (x86)/gnu tools arm embedded/5.4 2016q3/bin/../lib/gcc/arm-none-eabi/5.4.1/../../../../arm-none-eabi/lib/armv7-m\libm.a(lib_a-wf_log10.o)
                              ..\obj\tdoa_anc.o (log10f)
c:/program files (x86)/gnu tools arm embedded/5.4 2016q3/bin/../lib/gcc/arm-none-eabi/5.4.1/../../../../arm-none-eabi/lib/armv7-m\libm.a(lib_a-ef_log10.o)
                              c:/program files (x86)/gnu tools arm embedded/5.4 2016q3/bin/../lib/gcc/arm-none-eabi/5.4.1/../../../../arm-none-eabi/lib/armv7-m\libm.a(lib_a-wf_log10.o) (__ieee754_log10f)
c:/program files (x86)/gnu tools arm embedded/5.4 2016q3/bin/../lib/gcc/arm-none-eabi/5.4.1/../../../../arm-none-eabi/lib/armv7-m\libm.a(lib_a-s_lib_ver.o)
                              c:/program files (x86)/gnu tools arm embedded/5.4 2016q3/bin/../lib/gcc/arm-none-eabi/5.4.1/../../../../arm-none-eabi/lib/armv7-m\libm.a(lib_a-wf_log10.o) (__fdlib_version)
c:/program files (x86)/gnu tools arm embedded/5.4 2016q3/bin/../lib/gcc/arm-none-eabi/5.4.1/../../../../arm-none-eabi/lib/armv7-m\libm.a(lib_a-s_matherr.o)
                              c:/program files (x86)/gnu tools arm embedded/5.4 2016q3/bin/../lib/gcc/arm-none-eabi/5.4.1/../../../../arm-none-eabi/lib/armv7-m\libm.a(lib_a-wf_log10.o) (matherr)
c:/program files (x86)/gnu tools arm embedded/5.4 2016q3/bin/../lib/gcc/arm-none-eabi/5.4.1/../../../../arm-none-eabi/lib/armv7-m\libm.a(lib_a-s_nan.o)
                              c:/program files (x86)/gnu tools arm embedded/5.4 2016q3/bin/../lib/gcc/arm-none-eabi/5.4.1/../../../../arm-none-eabi/lib/armv7-m\libm.a(lib_a-wf_log10.o) (nan)
c:/program files (x86)/gnu tools arm embedded/5.4 2016q3/bin/../lib/gcc/arm-none-eabi/5.4.1/../../../../arm-none-eabi/lib/armv7-m\libm.a(lib_a-ef_log.o)
                              c:/program files (x86)/gnu tools arm embedded/5.4 2016q3/bin/../lib/gcc/arm-none-eabi/5.4.1/../../../../arm-none-eabi/lib/armv7-m\libm.a(lib_a-ef_log10.o) (__ieee754_logf)
c:/program files (x86)/gnu tools arm embedded/5.4 2016q3/bin/../lib/gcc/arm-none-eabi/5.4.1/armv7-m\libgcc.a(_arm_addsubdf3.o)
[...]
Memory Configuration

Name             Origin             Length             Attributes
FLASH            0x08000000         0x00040000         xr
RAM              0x20000000         0x00010000         xrw
MEMORY_B1        0x60000000         0x00000000         xr
*default*        0x00000000         0xffffffff

Linker script and memory map

LOAD c:/program files (x86)/gnu tools arm embedded/5.4 2016q3/bin/../lib/gcc/arm-none-eabi/5.4.1/armv7-m/crti.o
LOAD c:/program files (x86)/gnu tools arm embedded/5.4 2016q3/bin/../lib/gcc/arm-none-eabi/5.4.1/armv7-m/crtbegin.o
LOAD c:/program files (x86)/gnu tools arm embedded/5.4 2016q3/bin/../lib/gcc/arm-none-eabi/5.4.1/../../../../arm-none-eabi/lib/armv7-m/crt0.o
                0x20010000                _estack = 0x20010000
                0x00000400                _Min_Heap_Size = 0x400
                0x00000400                _Min_Stack_Size = 0x400

.isr_vector     0x08000000      0x1e4
                0x08000000                . = ALIGN (0x4)
 *(.isr_vector)
 .isr_vector    0x08000000      0x1e4 ..\obj\startup_stm32f10x_cl.o
                0x08000000                g_pfnVectors
                0x080001e4                . = ALIGN (0x4)

.text           0x080001f0     0x9e64
                0x080001f0                . = ALIGN (0x4)
 *(.text)
 .text          0x080001f0       0x5c c:/program files (x86)/gnu tools arm embedded/5.4 2016q3/bin/../lib/gcc/arm-none-eabi/5.4.1/armv7-m/crtbegin.o
 .text          0x0800024c      0x370 c:/program files (x86)/gnu tools arm embedded/5.4 2016q3/bin/../lib/gcc/arm-none-eabi/5.4.1/armv7-m\libgcc.a(_arm_addsubdf3.o)
                0x0800024c                __aeabi_drsub
                0x08000254                __aeabi_dsub
                0x08000254                __subdf3
                0x08000258                __aeabi_dadd
                0x08000258                __adddf3
                0x080004d0                __floatunsidf
                0x080004d0                __aeabi_ui2d
                0x080004f0                __floatsidf
                0x080004f0                __aeabi_i2d
                0x08000514                __aeabi_f2d
                0x08000514                __extendsfdf2
                0x08000550                __floatundidf
                0x08000550                __aeabi_ul2d
                0x08000560                __floatdidf
                0x08000560                __aeabi_l2d
 .text          0x080005bc       0xa0 c:/program files (x86)/gnu tools arm embedded/5.4 2016q3/bin/../lib/gcc/arm-none-eabi/5.4.1/armv7-m\libgcc.a(_arm_truncdfsf2.o)
                0x080005bc                __truncdfsf2
                0x080005bc                __aeabi_d2f
 .text          0x0800065c      0x21c c:/program files (x86)/gnu tools arm embedded/5.4 2016q3/bin/../lib/gcc/arm-none-eabi/5.4.1/armv7-m\libgcc.a(_arm_addsubsf3.o)
                0x0800065c                __aeabi_frsub
                0x08000664                __subsf3
                0x08000664                __aeabi_fsub
                0x08000668                __aeabi_fadd
                0x08000668                __addsf3
                0x080007c8                __aeabi_ui2f
                0x080007c8                __floatunsisf
                0x080007d0                __aeabi_i2f
                0x080007d0                __floatsisf
                0x080007ec                __aeabi_ul2f
                0x080007ec                __floatundisf
                0x080007fc                __aeabi_l2f
                0x080007fc                __floatdisf
 .text          0x08000878      0x2a0 c:/program files (x86)/gnu tools arm embedded/5.4 2016q3/bin/../lib/gcc/arm-none-eabi/5.4.1/armv7-m\libgcc.a(_arm_muldivsf3.o)
                0x08000878                __mulsf3
                0x08000878                __aeabi_fmul
                0x080009e0                __aeabi_fdiv
                0x080009e0                __divsf3
 .text          0x08000b18       0xec c:/program files (x86)/gnu tools arm embedded/5.4 2016q3/bin/../lib/gcc/arm-none-eabi/5.4.1/armv7-m\libgcc.a(_arm_cmpsf2.o)
                0x08000b18                __gesf2
                0x08000b18                __gtsf2
                0x08000b20                __lesf2
                0x08000b20                __ltsf2
                0x08000b28                __nesf2
                0x08000b28                __eqsf2
                0x08000b28                __cmpsf2
                0x08000b88                __aeabi_cfrcmple
                0x08000b90                __aeabi_cfcmpeq
                0x08000b90                __aeabi_cfcmple
                0x08000ba0                __aeabi_fcmpeq
                0x08000bb4                __aeabi_fcmplt
                0x08000bc8                __aeabi_fcmple
                0x08000bdc                __aeabi_fcmpge
                0x08000bf0                __aeabi_fcmpgt
 .text          0x08000c04       0x2c c:/program files (x86)/gnu tools arm embedded/5.4 2016q3/bin/../lib/gcc/arm-none-eabi/5.4.1/armv7-m\libgcc.a(_arm_unordsf2.o)
                0x08000c04                __unordsf2
                0x08000c04                __aeabi_fcmpun
 .text          0x08000c30       0x4c c:/program files (x86)/gnu tools arm embedded/5.4 2016q3/bin/../lib/gcc/arm-none-eabi/5.4.1/armv7-m\libgcc.a(_arm_fixsfsi.o)
                0x08000c30                __aeabi_f2iz
                0x08000c30                __fixsfsi
 .text          0x08000c7c       0xec c:/program files (x86)/gnu tools arm embedded/5.4 2016q3/bin/../lib/gcc/arm-none-eabi/5.4.1/../../../../arm-none-eabi/lib/armv7-m\libc.a(lib_a-memcpy.o)
                0x08000c7c                memcpy
 .text          0x08000d68      0x424 c:/program files (x86)/gnu tools arm embedded/5.4 2016q3/bin/../lib/gcc/arm-none-eabi/5.4.1/armv7-m\libgcc.a(_arm_muldivdf3.o)
                0x08000d68                __aeabi_dmul
                0x08000d68                __muldf3
                0x08000fbc                __divdf3
                0x08000fbc                __aeabi_ddiv
 .text          0x0800118c      0x110 c:/program files (x86)/gnu tools arm embedded/5.4 2016q3/bin/../lib/gcc/arm-none-eabi/5.4.1/armv7-m\libgcc.a(_arm_cmpdf2.o)
                0x0800118c                __gtdf2
                0x0800118c                __gedf2
                0x08001194                __ltdf2
                0x08001194                __ledf2
                0x0800119c                __nedf2
                0x0800119c                __eqdf2
                0x0800119c                __cmpdf2
                0x08001218                __aeabi_cdrcmple
                0x08001228                __aeabi_cdcmpeq
                0x08001228                __aeabi_cdcmple
                0x08001238                __aeabi_dcmpeq
                0x0800124c                __aeabi_dcmplt
                0x08001260                __aeabi_dcmple
                0x08001274                __aeabi_dcmpge
                0x08001288                __aeabi_dcmpgt
 .text          0x0800129c       0x2c c:/program files (x86)/gnu tools arm embedded/5.4 2016q3/bin/../lib/gcc/arm-none-eabi/5.4.1/armv7-m\libgcc.a(_arm_unorddf2.o)
                0x0800129c                __unorddf2
                0x0800129c                __aeabi_dcmpun
 .text          0x080012c8       0x50 c:/program files (x86)/gnu tools arm embedded/5.4 2016q3/bin/../lib/gcc/arm-none-eabi/5.4.1/armv7-m\libgcc.a(_arm_fixdfsi.o)
                0x080012c8                __aeabi_d2iz
                0x080012c8                __fixdfsi
 .text          0x08001318       0x30 c:/program files (x86)/gnu tools arm embedded/5.4 2016q3/bin/../lib/gcc/arm-none-eabi/5.4.1/armv7-m\libgcc.a(_aeabi_uldivmod.o)
                0x08001318                __aeabi_uldivmod
 .text          0x08001348      0x2ec c:/program files (x86)/gnu tools arm embedded/5.4 2016q3/bin/../lib/gcc/arm-none-eabi/5.4.1/armv7-m\libgcc.a(_udivmoddi4.o)
                0x08001348                __udivmoddi4
 .text          0x08001634        0x4 c:/program files (x86)/gnu tools arm embedded/5.4 2016q3/bin/../lib/gcc/arm-none-eabi/5.4.1/armv7-m\libgcc.a(_dvmd_tls.o)
                0x08001634                __aeabi_idiv0
                0x08001634                __aeabi_ldiv0
 *(.text*)
 .text.__libc_init_array
                0x08001638       0x50 c:/program files (x86)/gnu tools arm embedded/5.4 2016q3/bin/../lib/gcc/arm-none-eabi/5.4.1/../../../../arm-none-eabi/lib/armv7-m\libc.a(lib_a-init.o)
                0x08001638                __libc_init_array
 .text.memset   0x08001688       0x9c c:/program files (x86)/gnu tools arm embedded/5.4 2016q3/bin/../lib/gcc/arm-none-eabi/5.4.1/../../../../arm-none-eabi/lib/armv7-m\libc.a(lib_a-memset.o)
                0x08001688                memset
 .text.startup.register_fini
                0x08001724       0x14 c:/program files (x86)/gnu tools arm embedded/5.4 2016q3/bin/../lib/gcc/arm-none-eabi/5.4.1/../../../../arm-none-eabi/lib/armv7-m\libc.a(lib_a-__call_atexit.o)
 .text.atexit   0x08001738        0xc c:/program files (x86)/gnu tools arm embedded/5.4 2016q3/bin/../lib/gcc/arm-none-eabi/5.4.1/../../../../arm-none-eabi/lib/armv7-m\libc.a(lib_a-atexit.o)
                0x08001738                atexit
 .text.__libc_fini_array
                0x08001744       0x28 c:/program files (x86)/gnu tools arm embedded/5.4 2016q3/bin/../lib/gcc/arm-none-eabi/5.4.1/../../../../arm-none-eabi/lib/armv7-m\libc.a(lib_a-fini.o)
                0x08001744                __libc_fini_array
 .text.__register_exitproc
                0x0800176c       0xa4 c:/program files (x86)/gnu tools arm embedded/5.4 2016q3/bin/../lib/gcc/arm-none-eabi/5.4.1/../../../../arm-none-eabi/lib/armv7-m\libc.a(lib_a-__atexit.o)
                0x0800176c                __register_exitproc
 .text.__get_MSP
                0x08001810        0x8 ..\obj\core_cm3.o
                0x08001810                __get_MSP
 .text.SystemInit
                0x08001818      0x138 ..\obj\system_stm32f10x.o
                0x08001818                SystemInit
 .text.dwt_writetodevice
                0x08001950       0x44 ..\obj\deca_device.o
                0x08001950                dwt_writetodevice
 .text.dwt_writetxdata
                0x08001994       0x24 ..\obj\deca_device.o
                0x08001994                dwt_writetxdata
 .text.dwt_readfromdevice
                0x080019b8       0x40 ..\obj\deca_device.o
                0x080019b8                dwt_readfromdevice
 .text.dwt_readrxdata
                0x080019f8       0x14 ..\obj\deca_device.o
                0x080019f8                dwt_readrxdata
 .text.dwt_readrxtimestamp
                0x08001a0c       0x10 ..\obj\deca_device.o
                0x08001a0c                dwt_readrxtimestamp
 .text.dwt_readsystime
                0x08001a1c       0x10 ..\obj\deca_device.o
                0x08001a1c                dwt_readsystime
 .text.dwt_read32bitoffsetreg
                0x08001a2c       0x28 ..\obj\deca_device.o
                0x08001a2c                dwt_read32bitoffsetreg
 .text.dwt_readdevid
                0x08001a54        0xc ..\obj\deca_device.o
                0x08001a54                dwt_readdevid
 .text.dwt_read16bitoffsetreg
                0x08001a60       0x24 ..\obj\deca_device.o
                0x08001a60                dwt_read16bitoffsetreg
 .text.dwt_read8bitoffsetreg
                0x08001a84       0x1c ..\obj\deca_device.o
                0x08001a84                dwt_read8bitoffsetreg
 .text.dwt_write8bitoffsetreg
                0x08001aa0       0x1c ..\obj\deca_device.o
                0x08001aa0                dwt_write8bitoffsetreg
 .text.dwt_write16bitoffsetreg
                0x08001abc       0x20 ..\obj\deca_device.o
                0x08001abc                dwt_write16bitoffsetreg
 .text.dwt_setrxantennadelay
                0x08001adc       0x10 ..\obj\deca_device.o
                0x08001adc                dwt_setrxantennadelay
 .text.dwt_settxantennadelay
                0x08001aec       0x10 ..\obj\deca_device.o
                0x08001aec                dwt_settxantennadelay
 .text.dwt_write32bitoffsetreg
                0x08001afc       0x2c ..\obj\deca_device.o
                0x08001afc                dwt_write32bitoffsetreg
 .text.dwt_writetxfctrl
                0x08001b28       0x20 ..\obj\deca_device.o
                0x08001b28                dwt_writetxfctrl
 .text._dwt_otpread
                0x08001b48       0x2c ..\obj\deca_device.o
                0x08001b48                _dwt_otpread
 .text._dwt_aonarrayupload
                0x08001b74       0x18 ..\obj\deca_device.o
                0x08001b74                _dwt_aonarrayupload
 .text._dwt_configlde
                0x08001b8c       0x34 ..\obj\deca_device.o
                0x08001b8c                _dwt_configlde
 .text.dwt_configure
                0x08001bc0      0x204 ..\obj\deca_device.o
                0x08001bc0                dwt_configure
 .text.dwt_setsmarttxpower
                0x08001dc4       0x34 ..\obj\deca_device.o
                0x08001dc4                dwt_setsmarttxpower
 .text.dwt_setcallbacks
                0x08001df8       0x14 ..\obj\deca_device.o
                0x08001df8                dwt_setcallbacks
 .text.dwt_setleds
                0x08001e0c       0x80 ..\obj\deca_device.o
                0x08001e0c                dwt_setleds
 .text._dwt_enableclocks
                0x08001e8c       0xf4 ..\obj\deca_device.o
                0x08001e8c                _dwt_enableclocks
 .text._dwt_loaducodefromrom
                0x08001f80       0x24 ..\obj\deca_device.o
                0x08001f80                _dwt_loaducodefromrom
 .text._dwt_disablesequencing
                0x08001fa4       0x14 ..\obj\deca_device.o
                0x08001fa4                _dwt_disablesequencing
 .text.dwt_setdelayedtrxtime
                0x08001fb8       0x10 ..\obj\deca_device.o
                0x08001fb8                dwt_setdelayedtrxtime
 .text.dwt_starttx
                0x08001fc8       0x70 ..\obj\deca_device.o
                0x08001fc8                dwt_starttx
 .text.dwt_syncrxbufptrs
                0x08002038       0x20 ..\obj\deca_device.o
                0x08002038                dwt_syncrxbufptrs
 .text.dwt_forcetrxoff
                0x08002058       0x54 ..\obj\deca_device.o
                0x08002058                dwt_forcetrxoff
 .text.dwt_rxenable
                0x080020ac       0x68 ..\obj\deca_device.o
                0x080020ac                dwt_rxenable
 .text.dwt_setrxtimeout
                0x08002114       0x50 ..\obj\deca_device.o
                0x08002114                dwt_setrxtimeout
 .text.dwt_setinterrupt
                0x08002164       0x30 ..\obj\deca_device.o
                0x08002164                dwt_setinterrupt
 .text.dwt_rxreset
                0x08002194       0x18 ..\obj\deca_device.o
                0x08002194                dwt_rxreset
 .text.dwt_isr  0x080021ac      0x138 ..\obj\deca_device.o
                0x080021ac                dwt_isr
 .text.dwt_softreset
                0x080022e4       0x44 ..\obj\deca_device.o
                0x080022e4                dwt_softreset
 .text.dwt_setxtaltrim
                0x08002328       0x14 ..\obj\deca_device.o
                0x08002328                dwt_setxtaltrim
 .text.dwt_initialise
                0x0800233c       0xe8 ..\obj\deca_device.o
                0x0800233c                dwt_initialise
 .text.writetospi
                0x08002424       0x70 ..\obj\deca_spi.o
                0x08002424                writetospi
 .text.readfromspi
                0x08002494       0x74 ..\obj\deca_spi.o
                0x08002494                readfromspi
 .text.GPIO_Init
                0x08002508       0xa0 ..\obj\stm32f10x_gpio.o
                0x08002508                GPIO_Init
 .text.GPIO_ReadInputDataBit
                0x080025a8        0xc ..\obj\stm32f10x_gpio.o
                0x080025a8                GPIO_ReadInputDataBit
 .text.GPIO_SetBits
                0x080025b4        0x4 ..\obj\stm32f10x_gpio.o
                0x080025b4                GPIO_SetBits
 .text.GPIO_ResetBits
                0x080025b8        0x4 ..\obj\stm32f10x_gpio.o
                0x080025b8                GPIO_ResetBits
 .text.GPIO_PinRemapConfig
                0x080025bc       0x6c ..\obj\stm32f10x_gpio.o
                0x080025bc                GPIO_PinRemapConfig
 .text.GPIO_EXTILineConfig
                0x08002628       0x2c ..\obj\stm32f10x_gpio.o
                0x08002628                GPIO_EXTILineConfig
 .text.uwbTask  0x08002654       0x44 ..\obj\main.o
 .text.init_deca
                0x08002698       0x54 ..\obj\main.o
                0x08002698                init_deca
 .text.main_task
                0x080026ec      0x15c ..\obj\main.o
 .text.main     0x08002848       0x38 ..\obj\main.o
                0x08002848                main
 .text.vApplicationGetIdleTaskMemory
                0x08002880       0x18 ..\obj\main.o
                0x08002880                vApplicationGetIdleTaskMemory
 .text.vAssertCalled
                0x08002898       0x10 ..\obj\main.o
                0x08002898                vAssertCalled
 .text.EXTI9_5_IRQHandler
                0x080028a8       0x3c ..\obj\main.o
                0x080028a8                EXTI9_5_IRQHandler
 .text.tdoa_init
                0x080028e4       0x8c ..\obj\tdoa_anc.o
                0x080028e4                tdoa_init
 .text.setupRx  0x08002970       0x48 ..\obj\tdoa_anc.o
                0x08002970                setupRx
 .text.updateSlot
                0x080029b8       0x34 ..\obj\tdoa_anc.o
                0x080029b8                updateSlot
 .text.setTxData
                0x080029ec       0x70 ..\obj\tdoa_anc.o
                0x080029ec                setTxData
 *fill*         0x08002a5c        0x4 
 .text.transmitTimeForSlot
                0x08002a60       0x4c ..\obj\tdoa_anc.o
                0x08002a60                transmitTimeForSlot
 .text.setupTx  0x08002aac       0x4c ..\obj\tdoa_anc.o
                0x08002aac                setupTx
 .text.calculatePower
                0x08002af8       0x78 ..\obj\tdoa_anc.o
                0x08002af8                calculatePower
 .text.dwGetReceivePower
                0x08002b70       0x48 ..\obj\tdoa_anc.o
                0x08002b70                dwGetReceivePower
 .text.dwCorrectTimestamp
                0x08002bb8      0x15c ..\obj\tdoa_anc.o
                0x08002bb8                dwCorrectTimestamp
 .text.slotStep
                0x08002d14      0x108 ..\obj\tdoa_anc.o
                0x08002d14                slotStep
 .text.rx_to_cb
                0x08002e1c       0x6c ..\obj\tdoa_anc.o
                0x08002e1c                rx_to_cb
 .text.rx_err_cb
                0x08002e88       0x5c ..\obj\tdoa_anc.o
                0x08002e88                rx_err_cb
 .text.tx_conf_cb
                0x08002ee4       0x6c ..\obj\tdoa_anc.o
                0x08002ee4                tx_conf_cb
 .text.rx_ok_cb
                0x08002f50       0xec ..\obj\tdoa_anc.o
                0x08002f50                rx_ok_cb
 .text.RCC_DeInit
                0x0800303c       0x4c ..\obj\stm32f10x_rcc.o
                0x0800303c                RCC_DeInit
 .text.RCC_HSEConfig
                0x08003088       0x3c ..\obj\stm32f10x_rcc.o
                0x08003088                RCC_HSEConfig
 .text.RCC_PLLConfig
                0x080030c4       0x14 ..\obj\stm32f10x_rcc.o
                0x080030c4                RCC_PLLConfig
 .text.RCC_PLLCmd
                0x080030d8        0xc ..\obj\stm32f10x_rcc.o
                0x080030d8                RCC_PLLCmd
 .text.RCC_PREDIV1Config
                0x080030e4       0x18 ..\obj\stm32f10x_rcc.o
                0x080030e4                RCC_PREDIV1Config
 .text.RCC_PREDIV2Config
                0x080030fc       0x14 ..\obj\stm32f10x_rcc.o
                0x080030fc                RCC_PREDIV2Config
 .text.RCC_PLL2Config
                0x08003110       0x14 ..\obj\stm32f10x_rcc.o
                0x08003110                RCC_PLL2Config
 .text.RCC_PLL2Cmd
                0x08003124        0xc ..\obj\stm32f10x_rcc.o
                0x08003124                RCC_PLL2Cmd
 .text.RCC_SYSCLKConfig
                0x08003130       0x14 ..\obj\stm32f10x_rcc.o
                0x08003130                RCC_SYSCLKConfig
 .text.RCC_GetSYSCLKSource
                0x08003144       0x10 ..\obj\stm32f10x_rcc.o
                0x08003144                RCC_GetSYSCLKSource
 .text.RCC_HCLKConfig
                0x08003154       0x14 ..\obj\stm32f10x_rcc.o
                0x08003154                RCC_HCLKConfig
 .text.RCC_PCLK1Config
                0x08003168       0x14 ..\obj\stm32f10x_rcc.o
                0x08003168                RCC_PCLK1Config
 .text.RCC_PCLK2Config
                0x0800317c       0x14 ..\obj\stm32f10x_rcc.o
                0x0800317c                RCC_PCLK2Config
 .text.RCC_ADCCLKConfig
                0x08003190       0x14 ..\obj\stm32f10x_rcc.o
                0x08003190                RCC_ADCCLKConfig
 .text.RCC_GetClocksFreq
                0x080031a4       0xf0 ..\obj\stm32f10x_rcc.o
                0x080031a4                RCC_GetClocksFreq
 .text.RCC_APB2PeriphClockCmd
                0x08003294       0x1c ..\obj\stm32f10x_rcc.o
                0x08003294                RCC_APB2PeriphClockCmd
 .text.RCC_APB1PeriphClockCmd
                0x080032b0       0x1c ..\obj\stm32f10x_rcc.o
                0x080032b0                RCC_APB1PeriphClockCmd
 .text.RCC_APB2PeriphResetCmd
                0x080032cc       0x1c ..\obj\stm32f10x_rcc.o
                0x080032cc                RCC_APB2PeriphResetCmd
 .text.RCC_APB1PeriphResetCmd
                0x080032e8       0x1c ..\obj\stm32f10x_rcc.o
                0x080032e8                RCC_APB1PeriphResetCmd
 .text.RCC_GetFlagStatus
                0x08003304       0x28 ..\obj\stm32f10x_rcc.o
                0x08003304                RCC_GetFlagStatus
 .text.RCC_WaitForHSEStartUp
                0x0800332c       0x34 ..\obj\stm32f10x_rcc.o
                0x0800332c                RCC_WaitForHSEStartUp
 .text.Reset_Handler
                0x08003360       0x48 ..\obj\startup_stm32f10x_cl.o
                0x08003360                Reset_Handler
 .text.Default_Handler
                0x080033a8        0x2 ..\obj\startup_stm32f10x_cl.o
                0x080033a8                EXTI2_IRQHandler
                0x080033a8                DebugMon_Handler
                0x080033a8                TIM1_CC_IRQHandler
                0x080033a8                HardFault_Handler
                0x080033a8                TIM6_IRQHandler
                0x080033a8                PVD_IRQHandler
                0x080033a8                NMI_Handler
                0x080033a8                CAN2_RX1_IRQHandler
                0x080033a8                EXTI3_IRQHandler
                0x080033a8                EXTI0_IRQHandler
                0x080033a8                I2C2_EV_IRQHandler
                0x080033a8                CAN1_RX0_IRQHandler
                0x080033a8                UsageFault_Handler
                0x080033a8                CAN2_SCE_IRQHandler
                0x080033a8                ADC1_2_IRQHandler
                0x080033a8                SPI1_IRQHandler
                0x080033a8                TAMPER_IRQHandler
                0x080033a8                CAN2_RX0_IRQHandler
                0x080033a8                DMA2_Channel2_IRQHandler
                0x080033a8                DMA1_Channel4_IRQHandler
                0x080033a8                USART3_IRQHandler
                0x080033a8                RTC_IRQHandler
                0x080033a8                DMA1_Channel7_IRQHandler
                0x080033a8                CAN1_RX1_IRQHandler
                0x080033a8                UART5_IRQHandler
                0x080033a8                TIM4_IRQHandler
                0x080033a8                DMA2_Channel1_IRQHandler
                0x080033a8                I2C1_EV_IRQHandler
                0x080033a8                DMA1_Channel6_IRQHandler
                0x080033a8                UART4_IRQHandler
                0x080033a8                DMA2_Channel4_IRQHandler
                0x080033a8                TIM3_IRQHandler
                0x080033a8                RCC_IRQHandler
                0x080033a8                TIM1_TRG_COM_IRQHandler
                0x080033a8                DMA1_Channel1_IRQHandler
                0x080033a8                Default_Handler
                0x080033a8                EXTI15_10_IRQHandler
                0x080033a8                TIM7_IRQHandler
                0x080033a8                CAN2_TX_IRQHandler
                0x080033a8                TIM5_IRQHandler
                0x080033a8                ETH_WKUP_IRQHandler
                0x080033a8                SPI2_IRQHandler
                0x080033a8                MemManage_Handler
                0x080033a8                CAN1_TX_IRQHandler
                0x080033a8                DMA2_Channel5_IRQHandler
                0x080033a8                DMA1_Channel5_IRQHandler
                0x080033a8                EXTI4_IRQHandler
                0x080033a8                DMA1_Channel3_IRQHandler
                0x080033a8                ETH_IRQHandler
                0x080033a8                TIM1_UP_IRQHandler
                0x080033a8                WWDG_IRQHandler
                0x080033a8                TIM2_IRQHandler
                0x080033a8                OTG_FS_WKUP_IRQHandler
                0x080033a8                TIM1_BRK_IRQHandler
                0x080033a8                EXTI1_IRQHandler
                0x080033a8                RTCAlarm_IRQHandler
                0x080033a8                USART2_IRQHandler
                0x080033a8                I2C2_ER_IRQHandler
                0x080033a8                DMA1_Channel2_IRQHandler
                0x080033a8                CAN1_SCE_IRQHandler
                0x080033a8                FLASH_IRQHandler
                0x080033a8                BusFault_Handler
                0x080033a8                USART1_IRQHandler
                0x080033a8                OTG_FS_IRQHandler
                0x080033a8                SPI3_IRQHandler
                0x080033a8                I2C1_ER_IRQHandler
                0x080033a8                DMA2_Channel3_IRQHandler
 *fill*         0x080033aa        0x2 
 .text.EXTI_Init
                0x080033ac       0x90 ..\obj\stm32f10x_exti.o
                0x080033ac                EXTI_Init
 .text.EXTI_ClearITPendingBit
                0x0800343c        0xc ..\obj\stm32f10x_exti.o
                0x0800343c                EXTI_ClearITPendingBit
 .text.prvResetNextTaskUnblockTime
                0x08003448       0x2c ..\obj\tasks.o
 .text.prvAddCurrentTaskToDelayedList
                0x08003474       0x9c ..\obj\tasks.o
 .text.xTaskCreateStatic
                0x08003510      0x1d4 ..\obj\tasks.o
                0x08003510                xTaskCreateStatic
 .text.vTaskStartScheduler
                0x080036e4       0x74 ..\obj\tasks.o
                0x080036e4                vTaskStartScheduler
 .text.vTaskSuspendAll
                0x08003758       0x10 ..\obj\tasks.o
                0x08003758                vTaskSuspendAll
 .text.xTaskIncrementTick
                0x08003768      0x134 ..\obj\tasks.o
                0x08003768                xTaskIncrementTick
 .text.xTaskResumeAll
                0x0800389c       0xf8 ..\obj\tasks.o
                0x0800389c                xTaskResumeAll
 .text.prvIdleTask
                0x08003994       0x68 ..\obj\tasks.o
 .text.vTaskSwitchContext
                0x080039fc       0x8c ..\obj\tasks.o
                0x080039fc                vTaskSwitchContext
 .text.vTaskPlaceOnEventList
                0x08003a88       0x30 ..\obj\tasks.o
                0x08003a88                vTaskPlaceOnEventList
 .text.xTaskRemoveFromEventList
                0x08003ab8       0x84 ..\obj\tasks.o
                0x08003ab8                xTaskRemoveFromEventList
 .text.vTaskSetTimeOutState
                0x08003b3c       0x2c ..\obj\tasks.o
                0x08003b3c                vTaskSetTimeOutState
 .text.xTaskCheckForTimeOut
                0x08003b68       0x90 ..\obj\tasks.o
                0x08003b68                xTaskCheckForTimeOut
 .text.vTaskMissedYield
                0x08003bf8        0xc ..\obj\tasks.o
                0x08003bf8                vTaskMissedYield
 .text.xTaskGetSchedulerState
                0x08003c04       0x20 ..\obj\tasks.o
                0x08003c04                xTaskGetSchedulerState
 .text.vTaskPriorityInherit
                0x08003c24       0xa0 ..\obj\tasks.o
                0x08003c24                vTaskPriorityInherit
 .text.xTaskPriorityDisinherit
                0x08003cc4       0xa8 ..\obj\tasks.o
                0x08003cc4                xTaskPriorityDisinherit
 .text.pvTaskIncrementMutexHeldCount
                0x08003d6c       0x1c ..\obj\tasks.o
                0x08003d6c                pvTaskIncrementMutexHeldCount
 .text.decamutexon
                0x08003d88       0x20 ..\obj\deca_mutex.o
                0x08003d88                decamutexon
 .text.decamutexoff
                0x08003da8       0x10 ..\obj\deca_mutex.o
                0x08003da8                decamutexoff
 .text.USART_SendData
                0x08003db8        0x8 ..\obj\stm32f10x_usart.o
                0x08003db8                USART_SendData
 .text.USART_ReceiveData
                0x08003dc0        0x8 ..\obj\stm32f10x_usart.o
                0x08003dc0                USART_ReceiveData
 .text.USART_GetFlagStatus
                0x08003dc8        0xc ..\obj\stm32f10x_usart.o
                0x08003dc8                USART_GetFlagStatus
 .text.sleep_ms
                0x08003dd4       0x18 ..\obj\deca_sleep.o
                0x08003dd4                sleep_ms
 .text.deca_sleep
                0x08003dec        0x8 ..\obj\deca_sleep.o
                0x08003dec                deca_sleep
 .text.vListInitialise
                0x08003df4       0x18 ..\obj\list.o
                0x08003df4                vListInitialise
 .text.vListInitialiseItem
                0x08003e0c        0x8 ..\obj\list.o
                0x08003e0c                vListInitialiseItem
 .text.vListInsertEnd
                0x08003e14       0x18 ..\obj\list.o
                0x08003e14                vListInsertEnd
 .text.vListInsert
                0x08003e2c       0x34 ..\obj\list.o
                0x08003e2c                vListInsert
 .text.uxListRemove
                0x08003e60       0x24 ..\obj\list.o
                0x08003e60                uxListRemove
 .text._sbrk    0x08003e84       0x34 ..\obj\syscalls.o
                0x08003e84                _sbrk
 .text._read_r  0x08003eb8       0x3c ..\obj\syscalls.o
                0x08003eb8                _read_r
 .text._write   0x08003ef4       0x40 ..\obj\syscalls.o
                0x08003ef4                _write
 .text._close_r
                0x08003f34        0x4 ..\obj\syscalls.o
                0x08003f34                _close_r
 .text._fstat_r
                0x08003f38        0xc ..\obj\syscalls.o
                0x08003f38                _fstat_r
 .text._isatty_r
                0x08003f44        0xc ..\obj\syscalls.o
                0x08003f44                _isatty_r
 .text._lseek_r
                0x08003f50        0x4 ..\obj\syscalls.o
                0x08003f50                _lseek_r
 .text.FLASH_SetLatency
                0x08003f54       0x14 ..\obj\stm32f10x_flash.o
                0x08003f54                FLASH_SetLatency
 .text.FLASH_PrefetchBufferCmd
                0x08003f68       0x18 ..\obj\stm32f10x_flash.o
                0x08003f68                FLASH_PrefetchBufferCmd
 .text.vApplicationTickHook
                0x08003f80       0x10 ..\obj\stm32f10x_it.o
                0x08003f80                vApplicationTickHook
 .text.prvCopyDataToQueue
                0x08003f90       0x74 ..\obj\queue.o
 .text.prvNotifyQueueSetContainer
                0x08004004       0x74 ..\obj\queue.o
 .text.prvCopyDataFromQueue
                0x08004078       0x24 ..\obj\queue.o
 .text.prvUnlockQueue
                0x0800409c       0x8c ..\obj\queue.o
 .text.xQueueGenericReset
                0x08004128       0x7c ..\obj\queue.o
                0x08004128                xQueueGenericReset
 .text.xQueueGenericCreateStatic
                0x080041a4       0x80 ..\obj\queue.o
                0x080041a4                xQueueGenericCreateStatic
 .text.xQueueGiveFromISR
                0x08004224       0xbc ..\obj\queue.o
                0x08004224                xQueueGiveFromISR
 .text.xQueueGenericReceive
                0x080042e0      0x188 ..\obj\queue.o
                0x080042e0                xQueueGenericReceive
 .text.prvPortStartFirstTask
                0x08004468       0x20 ..\obj\port.o
 .text.prvTaskExitError
                0x08004488       0x30 ..\obj\port.o
 .text.pxPortInitialiseStack
                0x080044b8       0x24 ..\obj\port.o
                0x080044b8                pxPortInitialiseStack
 *fill*         0x080044dc        0x4 
 .text.SVC_Handler
                0x080044e0       0x24 ..\obj\port.o
                0x080044e0                SVC_Handler
 .text.vPortEnterCritical
                0x08004504       0x40 ..\obj\port.o
                0x08004504                vPortEnterCritical
 .text.vPortExitCritical
                0x08004544       0x2c ..\obj\port.o
                0x08004544                vPortExitCritical
 .text.PendSV_Handler
                0x08004570       0x44 ..\obj\port.o
                0x08004570                PendSV_Handler
 .text.SysTick_Handler
                0x080045b4       0x2c ..\obj\port.o
                0x080045b4                SysTick_Handler
 .text.vPortSetupTimerInterrupt
                0x080045e0       0x18 ..\obj\port.o
                0x080045e0                vPortSetupTimerInterrupt
 .text.xPortStartScheduler
                0x080045f8       0xa4 ..\obj\port.o
                0x080045f8                xPortStartScheduler
 .text.vPortValidateInterruptPriority
                0x0800469c       0x54 ..\obj\port.o
                0x0800469c                vPortValidateInterruptPriority
 .text.writetoLCD
                0x080046f0      0x108 ..\obj\lcd.o
                0x080046f0                writetoLCD
 .text.lcd_display_str
                0x080047f8       0x3c ..\obj\lcd.o
                0x080047f8                lcd_display_str
 .text.NVIC_PriorityGroupConfig
                0x08004834       0x14 ..\obj\misc.o
                0x08004834                NVIC_PriorityGroupConfig
 .text.NVIC_Init
                0x08004848       0x64 ..\obj\misc.o
                0x08004848                NVIC_Init
 .text.SPI_I2S_DeInit
                0x080048ac       0x64 ..\obj\stm32f10x_spi.o
                0x080048ac                SPI_I2S_DeInit
 .text.SPI_Init
                0x08004910       0x40 ..\obj\stm32f10x_spi.o
                0x08004910                SPI_Init
 .text.SPI_Cmd  0x08004950       0x1c ..\obj\stm32f10x_spi.o
                0x08004950                SPI_Cmd
 .text.SPI_I2S_SendData
                0x0800496c        0x4 ..\obj\stm32f10x_spi.o
                0x0800496c                SPI_I2S_SendData
 .text.SPI_I2S_ReceiveData
                0x08004970        0x8 ..\obj\stm32f10x_spi.o
                0x08004970                SPI_I2S_ReceiveData
 .text.SPI_SSOutputCmd
                0x08004978       0x1c ..\obj\stm32f10x_spi.o
                0x08004978                SPI_SSOutputCmd
 .text.SPI_I2S_GetFlagStatus
                0x08004994        0xc ..\obj\stm32f10x_spi.o
                0x08004994                SPI_I2S_GetFlagStatus
 .text.portGetTickCnt
                0x080049a0        0xc ..\obj\port_deca.o
                0x080049a0                portGetTickCnt
 .text.SysTick_Configuration
                0x080049ac       0x38 ..\obj\port_deca.o
                0x080049ac                SysTick_Configuration
 .text.NVIC_Configuration
                0x080049e4       0x68 ..\obj\port_deca.o
                0x080049e4                NVIC_Configuration
 .text.EXTI_GetITEnStatus
                0x08004a4c       0x14 ..\obj\port_deca.o
                0x08004a4c                EXTI_GetITEnStatus
 .text.port_set_deca_isr
                0x08004a60       0x2c ..\obj\port_deca.o
                0x08004a60                port_set_deca_isr
 .text.RCC_Configuration
                0x08004a8c       0xc0 ..\obj\port_deca.o
                0x08004a8c                RCC_Configuration
 .text.SPI_ChangeRate
                0x08004b4c       0x18 ..\obj\port_deca.o
                0x08004b4c                SPI_ChangeRate
 .text.spi_set_rate_low
                0x08004b64        0xc ..\obj\port_deca.o
                0x08004b64                spi_set_rate_low
 .text.spi_set_rate_high
                0x08004b70        0xc ..\obj\port_deca.o
                0x08004b70                spi_set_rate_high
 .text.SPI_Configuration
                0x08004b7c       0xb8 ..\obj\port_deca.o
                0x08004b7c                SPI_Configuration
 .text.SPI2_Configuration
                0x08004c34       0xf8 ..\obj\port_deca.o
                0x08004c34                SPI2_Configuration
 .text.GPIO_Configuration
                0x08004d2c       0xc0 ..\obj\port_deca.o
                0x08004d2c                GPIO_Configuration
 .text.reset_DW1000
                0x08004dec       0x4c ..\obj\port_deca.o
                0x08004dec                reset_DW1000
 .text.is_button_low
                0x08004e38       0x18 ..\obj\port_deca.o
                0x08004e38                is_button_low
 .text.is_switch_on
                0x08004e50       0x18 ..\obj\port_deca.o
                0x08004e50                is_switch_on
 .text.led_off  0x08004e68       0x4c ..\obj\port_deca.o
                0x08004e68                led_off
 .text.led_on   0x08004eb4       0x4c ..\obj\port_deca.o
                0x08004eb4                led_on
 .text.clock_init
                0x08004f00        0xc ..\obj\port_deca.o
                0x08004f00                clock_init
 .text.peripherals_init
                0x08004f0c       0x80 ..\obj\port_deca.o
                0x08004f0c                peripherals_init
 .text.log10f   0x08004f8c       0xe8 c:/program files (x86)/gnu tools arm embedded/5.4 2016q3/bin/../lib/gcc/arm-none-eabi/5.4.1/../../../../arm-none-eabi/lib/armv7-m\libm.a(lib_a-wf_log10.o)
                0x08004f8c                log10f
 .text.__ieee754_log10f
                0x08005074       0xa4 c:/program files (x86)/gnu tools arm embedded/5.4 2016q3/bin/../lib/gcc/arm-none-eabi/5.4.1/../../../../arm-none-eabi/lib/armv7-m\libm.a(lib_a-ef_log10.o)
                0x08005074                __ieee754_log10f
 .text.matherr  0x08005118        0x4 c:/program files (x86)/gnu tools arm embedded/5.4 2016q3/bin/../lib/gcc/arm-none-eabi/5.4.1/../../../../arm-none-eabi/lib/armv7-m\libm.a(lib_a-s_matherr.o)
                0x08005118                matherr
 .text.nan      0x0800511c        0xc c:/program files (x86)/gnu tools arm embedded/5.4 2016q3/bin/../lib/gcc/arm-none-eabi/5.4.1/../../../../arm-none-eabi/lib/armv7-m\libm.a(lib_a-s_nan.o)
                0x0800511c                nan
 .text.__ieee754_logf
                0x08005128      0x284 c:/program files (x86)/gnu tools arm embedded/5.4 2016q3/bin/../lib/gcc/arm-none-eabi/5.4.1/../../../../arm-none-eabi/lib/armv7-m\libm.a(lib_a-ef_log.o)
                0x08005128                __ieee754_logf
 .text.__errno  0x080053ac        0xc c:/program files (x86)/gnu tools arm embedded/5.4 2016q3/bin/../lib/gcc/arm-none-eabi/5.4.1/../../../../arm-none-eabi/lib/armv7-m\libc.a(lib_a-errno.o)
                0x080053ac                __errno
 .text.printf   0x080053b8       0x28 c:/program files (x86)/gnu tools arm embedded/5.4 2016q3/bin/../lib/gcc/arm-none-eabi/5.4.1/../../../../arm-none-eabi/lib/armv7-m\libc.a(lib_a-printf.o)
                0x080053b8                printf
 .text.strlen   0x080053e0       0x5c c:/program files (x86)/gnu tools arm embedded/5.4 2016q3/bin/../lib/gcc/arm-none-eabi/5.4.1/../../../../arm-none-eabi/lib/armv7-m\libc.a(lib_a-strlen-stub.o)
                0x080053e0                strlen
 .text._vfprintf_r
                0x0800543c     0x1798 c:/program files (x86)/gnu tools arm embedded/5.4 2016q3/bin/../lib/gcc/arm-none-eabi/5.4.1/../../../../arm-none-eabi/lib/armv7-m\libc.a(lib_a-vfprintf.o)
                0x0800543c                _vfprintf_r
 .text.__sbprintf
                0x08006bd4       0x6c c:/program files (x86)/gnu tools arm embedded/5.4 2016q3/bin/../lib/gcc/arm-none-eabi/5.4.1/../../../../arm-none-eabi/lib/armv7-m\libc.a(lib_a-vfprintf.o)
 .text.__swsetup_r
                0x08006c40       0xc8 c:/program files (x86)/gnu tools arm embedded/5.4 2016q3/bin/../lib/gcc/arm-none-eabi/5.4.1/../../../../arm-none-eabi/lib/armv7-m\libc.a(lib_a-wsetup.o)
                0x08006c40                __swsetup_r
 .text.quorem   0x08006d08      0x12c c:/program files (x86)/gnu tools arm embedded/5.4 2016q3/bin/../lib/gcc/arm-none-eabi/5.4.1/../../../../arm-none-eabi/lib/armv7-m\libc.a(lib_a-dtoa.o)
 *fill*         0x08006e34        0x4 
 .text._dtoa_r  0x08006e38      0xe4c c:/program files (x86)/gnu tools arm embedded/5.4 2016q3/bin/../lib/gcc/arm-none-eabi/5.4.1/../../../../arm-none-eabi/lib/armv7-m\libc.a(lib_a-dtoa.o)
                0x08006e38                _dtoa_r
 .text.__sflush_r
                0x08007c84      0x148 c:/program files (x86)/gnu tools arm embedded/5.4 2016q3/bin/../lib/gcc/arm-none-eabi/5.4.1/../../../../arm-none-eabi/lib/armv7-m\libc.a(lib_a-fflush.o)
                0x08007c84                __sflush_r
 .text._fflush_r
                0x08007dcc       0x2c c:/program files (x86)/gnu tools arm embedded/5.4 2016q3/bin/../lib/gcc/arm-none-eabi/5.4.1/../../../../arm-none-eabi/lib/armv7-m\libc.a(lib_a-fflush.o)
                0x08007dcc                _fflush_r
 .text._cleanup_r
                0x08007df8        0xc c:/program files (x86)/gnu tools arm embedded/5.4 2016q3/bin/../lib/gcc/arm-none-eabi/5.4.1/../../../../arm-none-eabi/lib/armv7-m\libc.a(lib_a-findfp.o)
                0x08007df8                _cleanup_r
 .text.__sinit.part.1
                0x08007e04       0xf0 c:/program files (x86)/gnu tools arm embedded/5.4 2016q3/bin/../lib/gcc/arm-none-eabi/5.4.1/../../../../arm-none-eabi/lib/armv7-m\libc.a(lib_a-findfp.o)
 .text.__sinit  0x08007ef4        0xc c:/program files (x86)/gnu tools arm embedded/5.4 2016q3/bin/../lib/gcc/arm-none-eabi/5.4.1/../../../../arm-none-eabi/lib/armv7-m\libc.a(lib_a-findfp.o)
                0x08007ef4                __sinit
 .text.__sfp_lock_acquire
                0x08007f00        0x4 c:/program files (x86)/gnu tools arm embedded/5.4 2016q3/bin/../lib/gcc/arm-none-eabi/5.4.1/../../../../arm-none-eabi/lib/armv7-m\libc.a(lib_a-findfp.o)
                0x08007f00                __sfp_lock_acquire
 .text.__sfp_lock_release
                0x08007f04        0x4 c:/program files (x86)/gnu tools arm embedded/5.4 2016q3/bin/../lib/gcc/arm-none-eabi/5.4.1/../../../../arm-none-eabi/lib/armv7-m\libc.a(lib_a-findfp.o)
                0x08007f04                __sfp_lock_release
 .text._malloc_trim_r
                0x08007f08       0x9c c:/program files (x86)/gnu tools arm embedded/5.4 2016q3/bin/../lib/gcc/arm-none-eabi/5.4.1/../../../../arm-none-eabi/lib/armv7-m\libc.a(lib_a-freer.o)
                0x08007f08                _malloc_trim_r
 .text._free_r  0x08007fa4      0x1d0 c:/program files (x86)/gnu tools arm embedded/5.4 2016q3/bin/../lib/gcc/arm-none-eabi/5.4.1/../../../../arm-none-eabi/lib/armv7-m\libc.a(lib_a-freer.o)
                0x08007fa4                _free_r
 .text._fwalk_reent
                0x08008174       0x50 c:/program files (x86)/gnu tools arm embedded/5.4 2016q3/bin/../lib/gcc/arm-none-eabi/5.4.1/../../../../arm-none-eabi/lib/armv7-m\libc.a(lib_a-fwalk.o)
                0x08008174                _fwalk_reent
 .text._localeconv_r
                0x080081c4       0x1c c:/program files (x86)/gnu tools arm embedded/5.4 2016q3/bin/../lib/gcc/arm-none-eabi/5.4.1/../../../../arm-none-eabi/lib/armv7-m\libc.a(lib_a-localeconv.o)
                0x080081c4                _localeconv_r
 .text.__swhatbuf_r
                0x080081e0       0x60 c:/program files (x86)/gnu tools arm embedded/5.4 2016q3/bin/../lib/gcc/arm-none-eabi/5.4.1/../../../../arm-none-eabi/lib/armv7-m\libc.a(lib_a-makebuf.o)
                0x080081e0                __swhatbuf_r
 .text.__smakebuf_r
                0x08008240       0x88 c:/program files (x86)/gnu tools arm embedded/5.4 2016q3/bin/../lib/gcc/arm-none-eabi/5.4.1/../../../../arm-none-eabi/lib/armv7-m\libc.a(lib_a-makebuf.o)
                0x08008240                __smakebuf_r
 .text._malloc_r
                0x080082c8      0x558 c:/program files (x86)/gnu tools arm embedded/5.4 2016q3/bin/../lib/gcc/arm-none-eabi/5.4.1/../../../../arm-none-eabi/lib/armv7-m\libc.a(lib_a-mallocr.o)
                0x080082c8                _malloc_r
 .text.memchr   0x08008820       0x8c c:/program files (x86)/gnu tools arm embedded/5.4 2016q3/bin/../lib/gcc/arm-none-eabi/5.4.1/../../../../arm-none-eabi/lib/armv7-m\libc.a(lib_a-memchr-stub.o)
                0x08008820                memchr
 .text.__malloc_lock
                0x080088ac        0x4 c:/program files (x86)/gnu tools arm embedded/5.4 2016q3/bin/../lib/gcc/arm-none-eabi/5.4.1/../../../../arm-none-eabi/lib/armv7-m\libc.a(lib_a-mlock.o)
                0x080088ac                __malloc_lock
 .text.__malloc_unlock
                0x080088b0        0x4 c:/program files (x86)/gnu tools arm embedded/5.4 2016q3/bin/../lib/gcc/arm-none-eabi/5.4.1/../../../../arm-none-eabi/lib/armv7-m\libc.a(lib_a-mlock.o)
                0x080088b0                __malloc_unlock
 .text._Balloc  0x080088b4       0x50 c:/program files (x86)/gnu tools arm embedded/5.4 2016q3/bin/../lib/gcc/arm-none-eabi/5.4.1/../../../../arm-none-eabi/lib/armv7-m\libc.a(lib_a-mprec.o)
                0x080088b4                _Balloc
 .text._Bfree   0x08008904       0x14 c:/program files (x86)/gnu tools arm embedded/5.4 2016q3/bin/../lib/gcc/arm-none-eabi/5.4.1/../../../../arm-none-eabi/lib/armv7-m\libc.a(lib_a-mprec.o)
                0x08008904                _Bfree
 .text.__multadd
                0x08008918       0x80 c:/program files (x86)/gnu tools arm embedded/5.4 2016q3/bin/../lib/gcc/arm-none-eabi/5.4.1/../../../../arm-none-eabi/lib/armv7-m\libc.a(lib_a-mprec.o)
                0x08008918                __multadd
 .text.__hi0bits
                0x08008998       0x40 c:/program files (x86)/gnu tools arm embedded/5.4 2016q3/bin/../lib/gcc/arm-none-eabi/5.4.1/../../../../arm-none-eabi/lib/armv7-m\libc.a(lib_a-mprec.o)
                0x08008998                __hi0bits
 .text.__lo0bits
                0x080089d8       0x5c c:/program files (x86)/gnu tools arm embedded/5.4 2016q3/bin/../lib/gcc/arm-none-eabi/5.4.1/../../../../arm-none-eabi/lib/armv7-m\libc.a(lib_a-mprec.o)
                0x080089d8                __lo0bits
 .text.__i2b    0x08008a34       0x14 c:/program files (x86)/gnu tools arm embedded/5.4 2016q3/bin/../lib/gcc/arm-none-eabi/5.4.1/../../../../arm-none-eabi/lib/armv7-m\libc.a(lib_a-mprec.o)
                0x08008a34                __i2b
 .text.__multiply
                0x08008a48      0x13c c:/program files (x86)/gnu tools arm embedded/5.4 2016q3/bin/../lib/gcc/arm-none-eabi/5.4.1/../../../../arm-none-eabi/lib/armv7-m\libc.a(lib_a-mprec.o)
                0x08008a48                __multiply
 .text.__pow5mult
                0x08008b84       0xa0 c:/program files (x86)/gnu tools arm embedded/5.4 2016q3/bin/../lib/gcc/arm-none-eabi/5.4.1/../../../../arm-none-eabi/lib/armv7-m\libc.a(lib_a-mprec.o)
                0x08008b84                __pow5mult
 .text.__lshift
                0x08008c24       0xac c:/program files (x86)/gnu tools arm embedded/5.4 2016q3/bin/../lib/gcc/arm-none-eabi/5.4.1/../../../../arm-none-eabi/lib/armv7-m\libc.a(lib_a-mprec.o)
                0x08008c24                __lshift
 .text.__mcmp   0x08008cd0       0x40 c:/program files (x86)/gnu tools arm embedded/5.4 2016q3/bin/../lib/gcc/arm-none-eabi/5.4.1/../../../../arm-none-eabi/lib/armv7-m\libc.a(lib_a-mprec.o)
                0x08008cd0                __mcmp
 .text.__mdiff  0x08008d10      0x128 c:/program files (x86)/gnu tools arm embedded/5.4 2016q3/bin/../lib/gcc/arm-none-eabi/5.4.1/../../../../arm-none-eabi/lib/armv7-m\libc.a(lib_a-mprec.o)
                0x08008d10                __mdiff
 .text.__d2b    0x08008e38       0xa8 c:/program files (x86)/gnu tools arm embedded/5.4 2016q3/bin/../lib/gcc/arm-none-eabi/5.4.1/../../../../arm-none-eabi/lib/armv7-m\libc.a(lib_a-mprec.o)
                0x08008e38                __d2b
 .text._sbrk_r  0x08008ee0       0x24 c:/program files (x86)/gnu tools arm embedded/5.4 2016q3/bin/../lib/gcc/arm-none-eabi/5.4.1/../../../../arm-none-eabi/lib/armv7-m\libc.a(lib_a-sbrkr.o)
                0x08008ee0                _sbrk_r
 .text.__sread  0x08008f04       0x24 c:/program files (x86)/gnu tools arm embedded/5.4 2016q3/bin/../lib/gcc/arm-none-eabi/5.4.1/../../../../arm-none-eabi/lib/armv7-m\libc.a(lib_a-stdio.o)
                0x08008f04                __sread
 .text.__swrite
                0x08008f28       0x3c c:/program files (x86)/gnu tools arm embedded/5.4 2016q3/bin/../lib/gcc/arm-none-eabi/5.4.1/../../../../arm-none-eabi/lib/armv7-m\libc.a(lib_a-stdio.o)
                0x08008f28                __swrite
 .text.__sseek  0x08008f64       0x20 c:/program files (x86)/gnu tools arm embedded/5.4 2016q3/bin/../lib/gcc/arm-none-eabi/5.4.1/../../../../arm-none-eabi/lib/armv7-m\libc.a(lib_a-stdio.o)
                0x08008f64                __sseek
 .text.__sclose
                0x08008f84        0x8 c:/program files (x86)/gnu tools arm embedded/5.4 2016q3/bin/../lib/gcc/arm-none-eabi/5.4.1/../../../../arm-none-eabi/lib/armv7-m\libc.a(lib_a-stdio.o)
                0x08008f84                __sclose
 .text.__sprint_r.part.0
                0x08008f8c       0x78 c:/program files (x86)/gnu tools arm embedded/5.4 2016q3/bin/../lib/gcc/arm-none-eabi/5.4.1/../../../../arm-none-eabi/lib/armv7-m\libc.a(lib_a-vfiprintf.o)
 .text.__sprint_r
                0x08009004       0x14 c:/program files (x86)/gnu tools arm embedded/5.4 2016q3/bin/../lib/gcc/arm-none-eabi/5.4.1/../../../../arm-none-eabi/lib/armv7-m\libc.a(lib_a-vfiprintf.o)
                0x08009004                __sprint_r
 .text._write_r
                0x08009018       0x2c c:/program files (x86)/gnu tools arm embedded/5.4 2016q3/bin/../lib/gcc/arm-none-eabi/5.4.1/../../../../arm-none-eabi/lib/armv7-m\libc.a(lib_a-writer.o)
                0x08009018                _write_r
 .text._calloc_r
                0x08009044       0x60 c:/program files (x86)/gnu tools arm embedded/5.4 2016q3/bin/../lib/gcc/arm-none-eabi/5.4.1/../../../../arm-none-eabi/lib/armv7-m\libc.a(lib_a-callocr.o)
                0x08009044                _calloc_r
 .text._fclose_r
                0x080090a4       0x84 c:/program files (x86)/gnu tools arm embedded/5.4 2016q3/bin/../lib/gcc/arm-none-eabi/5.4.1/../../../../arm-none-eabi/lib/armv7-m\libc.a(lib_a-fclose.o)
                0x080090a4                _fclose_r
 .text.__fputwc
                0x08009128       0x94 c:/program files (x86)/gnu tools arm embedded/5.4 2016q3/bin/../lib/gcc/arm-none-eabi/5.4.1/../../../../arm-none-eabi/lib/armv7-m\libc.a(lib_a-fputwc.o)
                0x08009128                __fputwc
 .text._fputwc_r
                0x080091bc       0x24 c:/program files (x86)/gnu tools arm embedded/5.4 2016q3/bin/../lib/gcc/arm-none-eabi/5.4.1/../../../../arm-none-eabi/lib/armv7-m\libc.a(lib_a-fputwc.o)
                0x080091bc                _fputwc_r
 .text.__sfvwrite_r
                0x080091e0      0x308 c:/program files (x86)/gnu tools arm embedded/5.4 2016q3/bin/../lib/gcc/arm-none-eabi/5.4.1/../../../../arm-none-eabi/lib/armv7-m\libc.a(lib_a-fvwrite.o)
                0x080091e0                __sfvwrite_r
 .text.__locale_mb_cur_max
                0x080094e8       0x1c c:/program files (x86)/gnu tools arm embedded/5.4 2016q3/bin/../lib/gcc/arm-none-eabi/5.4.1/../../../../arm-none-eabi/lib/armv7-m\libc.a(lib_a-locale.o)
                0x080094e8                __locale_mb_cur_max
 .text.__ascii_mbtowc
                0x08009504       0x2c c:/program files (x86)/gnu tools arm embedded/5.4 2016q3/bin/../lib/gcc/arm-none-eabi/5.4.1/../../../../arm-none-eabi/lib/armv7-m\libc.a(lib_a-mbtowc_r.o)
                0x08009504                __ascii_mbtowc
 .text.memmove  0x08009530       0xc8 c:/program files (x86)/gnu tools arm embedded/5.4 2016q3/bin/../lib/gcc/arm-none-eabi/5.4.1/../../../../arm-none-eabi/lib/armv7-m\libc.a(lib_a-memmove.o)
                0x08009530                memmove
 .text._realloc_r
                0x080095f8      0x3d4 c:/program files (x86)/gnu tools arm embedded/5.4 2016q3/bin/../lib/gcc/arm-none-eabi/5.4.1/../../../../arm-none-eabi/lib/armv7-m\libc.a(lib_a-reallocr.o)
                0x080095f8                _realloc_r
 .text.__swbuf_r
                0x080099cc       0xac c:/program files (x86)/gnu tools arm embedded/5.4 2016q3/bin/../lib/gcc/arm-none-eabi/5.4.1/../../../../arm-none-eabi/lib/armv7-m\libc.a(lib_a-wbuf.o)
                0x080099cc                __swbuf_r
 .text._wcrtomb_r
                0x08009a78       0x54 c:/program files (x86)/gnu tools arm embedded/5.4 2016q3/bin/../lib/gcc/arm-none-eabi/5.4.1/../../../../arm-none-eabi/lib/armv7-m\libc.a(lib_a-wcrtomb.o)
                0x08009a78                _wcrtomb_r
 .text.__ascii_wctomb
                0x08009acc       0x1c c:/program files (x86)/gnu tools arm embedded/5.4 2016q3/bin/../lib/gcc/arm-none-eabi/5.4.1/../../../../arm-none-eabi/lib/armv7-m\libc.a(lib_a-wctomb_r.o)
                0x08009acc                __ascii_wctomb
 *(.rodata)
 .rodata        0x08009ae8       0x11 ..\obj\main.o
 *fill*         0x08009af9        0x3 
 .rodata        0x08009afc        0x9 ..\obj\port_deca.o
 *(.rodata*)
 *fill*         0x08009b05        0x3 
 .rodata._global_impure_ptr
                0x08009b08        0x4 c:/program files (x86)/gnu tools arm embedded/5.4 2016q3/bin/../lib/gcc/arm-none-eabi/5.4.1/../../../../arm-none-eabi/lib/armv7-m\libc.a(lib_a-impure.o)
                0x08009b08                _global_impure_ptr
 .rodata.str1.4
                0x08009b0c       0x40 ..\obj\main.o
 .rodata.BIAS_900_64
                0x08009b4c       0x12 ..\obj\tdoa_anc.o
 *fill*         0x08009b5e        0x2 
 .rodata.BIAS_500_16
                0x08009b60       0x12 ..\obj\tdoa_anc.o
 *fill*         0x08009b72        0x2 
 .rodata.BIAS_900_16
                0x08009b74       0x12 ..\obj\tdoa_anc.o
 *fill*         0x08009b86        0x2 
 .rodata.base_address
                0x08009b88        0x8 ..\obj\tdoa_anc.o
                0x08009b88                base_address
 .rodata.BIAS_500_64
                0x08009b90       0x12 ..\obj\tdoa_anc.o
 *fill*         0x08009ba2        0x2 
 .rodata.str1.4
                0x08009ba4       0x6d ..\obj\tasks.o
 *fill*         0x08009c11        0x3 
 .rodata.str1.4
                0x08009c14       0x66 ..\obj\queue.o
 *fill*         0x08009c7a        0x2 
 .rodata.str1.4
                0x08009c7c       0x7a ..\obj\port.o
 *fill*         0x08009cf6        0x2 
 .rodata.sftsh  0x08009cf8        0xc ..\obj\deca_params_init.o
                0x08009cf8                sftsh
 .rodata.fs_pll_cfg
                0x08009d04       0x18 ..\obj\deca_params_init.o
                0x08009d04                fs_pll_cfg
 .rodata.dtune1
                0x08009d1c        0x4 ..\obj\deca_params_init.o
                0x08009d1c                dtune1
 .rodata.agc_config
                0x08009d20        0x8 ..\obj\deca_params_init.o
                0x08009d20                agc_config
 .rodata.dwnsSFDlen
                0x08009d28        0x3 ..\obj\deca_params_init.o
                0x08009d28                dwnsSFDlen
 *fill*         0x08009d2b        0x1 
 .rodata.fs_pll_tune
                0x08009d2c        0x6 ..\obj\deca_params_init.o
                0x08009d2c                fs_pll_tune
 *fill*         0x08009d32        0x2 
 .rodata.chan_idx
                0x08009d34        0x8 ..\obj\deca_params_init.o
                0x08009d34                chan_idx
 .rodata.digital_bb_config
                0x08009d3c       0x20 ..\obj\deca_params_init.o
                0x08009d3c                digital_bb_config
 .rodata.tx_config
                0x08009d5c       0x18 ..\obj\deca_params_init.o
                0x08009d5c                tx_config
 .rodata.lde_replicaCoeff
                0x08009d74       0x32 ..\obj\deca_params_init.o
                0x08009d74                lde_replicaCoeff
 *fill*         0x08009da6        0x2 
 .rodata.rx_config
                0x08009da8        0x2 ..\obj\deca_params_init.o
                0x08009da8                rx_config
 *fill*         0x08009daa        0x2 
 .rodata.str1.4
                0x08009dac        0x7 c:/program files (x86)/gnu tools arm embedded/5.4 2016q3/bin/../lib/gcc/arm-none-eabi/5.4.1/../../../../arm-none-eabi/lib/armv7-m\libm.a(lib_a-wf_log10.o)
                                  0x9 (size before relaxing)
 *fill*         0x08009db3        0x1 
 .rodata.zeroes.7271
                0x08009db4       0x10 c:/program files (x86)/gnu tools arm embedded/5.4 2016q3/bin/../lib/gcc/arm-none-eabi/5.4.1/../../../../arm-none-eabi/lib/armv7-m\libc.a(lib_a-vfprintf.o)
 .rodata.str1.4
                0x08009dc4       0x42 c:/program files (x86)/gnu tools arm embedded/5.4 2016q3/bin/../lib/gcc/arm-none-eabi/5.4.1/../../../../arm-none-eabi/lib/armv7-m\libc.a(lib_a-vfprintf.o)
 *fill*         0x08009e06        0x2 
 .rodata.blanks.7270
                0x08009e08       0x10 c:/program files (x86)/gnu tools arm embedded/5.4 2016q3/bin/../lib/gcc/arm-none-eabi/5.4.1/../../../../arm-none-eabi/lib/armv7-m\libc.a(lib_a-vfprintf.o)
 .rodata.str1.4
                0x08009e18       0x10 c:/program files (x86)/gnu tools arm embedded/5.4 2016q3/bin/../lib/gcc/arm-none-eabi/5.4.1/../../../../arm-none-eabi/lib/armv7-m\libc.a(lib_a-dtoa.o)
                                 0x12 (size before relaxing)
 .rodata.__mprec_tens
                0x08009e28       0xc8 c:/program files (x86)/gnu tools arm embedded/5.4 2016q3/bin/../lib/gcc/arm-none-eabi/5.4.1/../../../../arm-none-eabi/lib/armv7-m\libc.a(lib_a-mprec.o)
                0x08009e28                __mprec_tens
 .rodata.p05.6085
                0x08009ef0        0xc c:/program files (x86)/gnu tools arm embedded/5.4 2016q3/bin/../lib/gcc/arm-none-eabi/5.4.1/../../../../arm-none-eabi/lib/armv7-m\libc.a(lib_a-mprec.o)
 *fill*         0x08009efc        0x4 
 .rodata.__mprec_bigtens
                0x08009f00       0x28 c:/program files (x86)/gnu tools arm embedded/5.4 2016q3/bin/../lib/gcc/arm-none-eabi/5.4.1/../../../../arm-none-eabi/lib/armv7-m\libc.a(lib_a-mprec.o)
                0x08009f00                __mprec_bigtens
 .rodata.str1.4
                0x08009f28       0x10 c:/program files (x86)/gnu tools arm embedded/5.4 2016q3/bin/../lib/gcc/arm-none-eabi/5.4.1/../../../../arm-none-eabi/lib/armv7-m\libc.a(lib_a-locale.o)
                                 0x12 (size before relaxing)
 .rodata._ctype_
                0x08009f38      0x101 c:/program files (x86)/gnu tools arm embedded/5.4 2016q3/bin/../lib/gcc/arm-none-eabi/5.4.1/../../../../arm-none-eabi/lib/armv7-m\libc.a(lib_a-ctype_.o)
                0x08009f38                _ctype_
 *(.glue_7)
 .glue_7        0x0800a039        0x0 linker stubs
 *(.glue_7t)
 .glue_7t       0x0800a039        0x0 linker stubs
 *(.eh_frame)
 *fill*         0x0800a039        0x3 
 .eh_frame      0x0800a03c        0x0 c:/program files (x86)/gnu tools arm embedded/5.4 2016q3/bin/../lib/gcc/arm-none-eabi/5.4.1/armv7-m/crtbegin.o
 *(.init)
 .init          0x0800a03c        0x4 c:/program files (x86)/gnu tools arm embedded/5.4 2016q3/bin/../lib/gcc/arm-none-eabi/5.4.1/armv7-m/crti.o
                0x0800a03c                _init
 .init          0x0800a040        0x8 c:/program files (x86)/gnu tools arm embedded/5.4 2016q3/bin/../lib/gcc/arm-none-eabi/5.4.1/armv7-m/crtn.o
 *(.fini)
 .fini          0x0800a048        0x4 c:/program files (x86)/gnu tools arm embedded/5.4 2016q3/bin/../lib/gcc/arm-none-eabi/5.4.1/armv7-m/crti.o
                0x0800a048                _fini
 .fini          0x0800a04c        0x8 c:/program files (x86)/gnu tools arm embedded/5.4 2016q3/bin/../lib/gcc/arm-none-eabi/5.4.1/armv7-m/crtn.o
                0x0800a054                . = ALIGN (0x4)
                0x0800a054                _etext = .

.vfp11_veneer   0x0800a054        0x0
 .vfp11_veneer  0x0800a054        0x0 linker stubs

.v4_bx          0x0800a054        0x0
 .v4_bx         0x0800a054        0x0 linker stubs

.iplt           0x0800a054        0x0
 .iplt          0x0800a054        0x0 c:/program files (x86)/gnu tools arm embedded/5.4 2016q3/bin/../lib/gcc/arm-none-eabi/5.4.1/armv7-m/crtbegin.o

.ARM.extab
 *(.ARM.extab* .gnu.linkonce.armextab.*)

.ARM            0x0800a054        0x8
                0x0800a054                __exidx_start = .
 *(.ARM.exidx*)
 .ARM.exidx     0x0800a054        0x8 c:/program files (x86)/gnu tools arm embedded/5.4 2016q3/bin/../lib/gcc/arm-none-eabi/5.4.1/armv7-m\libgcc.a(_udivmoddi4.o)
                0x0800a05c                __exidx_end = .

.rel.dyn        0x0800a05c        0x0
 .rel.iplt      0x0800a05c        0x0 c:/program files (x86)/gnu tools arm embedded/5.4 2016q3/bin/../lib/gcc/arm-none-eabi/5.4.1/armv7-m/crtbegin.o

.preinit_array  0x0800a05c        0x0
                0x0800a05c                PROVIDE (__preinit_array_start, .)
 *(.preinit_array*)
                0x0800a05c                PROVIDE (__preinit_array_end, .)

.init_array     0x0800a05c        0x8
                0x0800a05c                PROVIDE (__init_array_start, .)
 *(SORT(.init_array.*))
 .init_array.00000
                0x0800a05c        0x4 c:/program files (x86)/gnu tools arm embedded/5.4 2016q3/bin/../lib/gcc/arm-none-eabi/5.4.1/../../../../arm-none-eabi/lib/armv7-m\libc.a(lib_a-__call_atexit.o)
 *(.init_array*)
 .init_array    0x0800a060        0x4 c:/program files (x86)/gnu tools arm embedded/5.4 2016q3/bin/../lib/gcc/arm-none-eabi/5.4.1/armv7-m/crtbegin.o
                0x0800a064                PROVIDE (__init_array_end, .)

.fini_array     0x0800a064        0x4
                0x0800a064                PROVIDE (__fini_array_start, .)
 *(.fini_array*)
 .fini_array    0x0800a064        0x4 c:/program files (x86)/gnu tools arm embedded/5.4 2016q3/bin/../lib/gcc/arm-none-eabi/5.4.1/armv7-m/crtbegin.o
 *(SORT(.fini_array.*))
                0x0800a068                PROVIDE (__fini_array_end, .)
                0x0800a068                _sidata = .

.data           0x20000000      0x9fc load address 0x0800a068
                0x20000000                . = ALIGN (0x4)
                0x20000000                _sdata = .
 *(.data)
 *(.data*)
 .data.impure_data
                0x20000000      0x428 c:/program files (x86)/gnu tools arm embedded/5.4 2016q3/bin/../lib/gcc/arm-none-eabi/5.4.1/../../../../arm-none-eabi/lib/armv7-m\libc.a(lib_a-impure.o)
 .data._impure_ptr
                0x20000428        0x4 c:/program files (x86)/gnu tools arm embedded/5.4 2016q3/bin/../lib/gcc/arm-none-eabi/5.4.1/../../../../arm-none-eabi/lib/armv7-m\libc.a(lib_a-impure.o)
                0x20000428                _impure_ptr
 .data.SystemCoreClock
                0x2000042c        0x4 ..\obj\system_stm32f10x.o
                0x2000042c                SystemCoreClock
 .data.chConfig
                0x20000430       0x30 ..\obj\main.o
                0x20000430                chConfig
 .data.firstEntry.7874
                0x20000460        0x1 ..\obj\tdoa_anc.o
 *fill*         0x20000461        0x3 
 .data.ADCPrescTable
                0x20000464        0x4 ..\obj\stm32f10x_rcc.o
 .data.APBAHBPrescTable
                0x20000468       0x10 ..\obj\stm32f10x_rcc.o
 .data.uxCriticalNesting
                0x20000478        0x4 ..\obj\port.o
 .data.__fdlib_version
                0x2000047c        0x1 c:/program files (x86)/gnu tools arm embedded/5.4 2016q3/bin/../lib/gcc/arm-none-eabi/5.4.1/../../../../arm-none-eabi/lib/armv7-m\libm.a(lib_a-s_lib_ver.o)
                0x2000047c                __fdlib_version
 *fill*         0x2000047d        0x3 
 .data.__malloc_av_
                0x20000480      0x408 c:/program files (x86)/gnu tools arm embedded/5.4 2016q3/bin/../lib/gcc/arm-none-eabi/5.4.1/../../../../arm-none-eabi/lib/armv7-m\libc.a(lib_a-mallocr.o)
                0x20000480                __malloc_av_
 .data.__malloc_trim_threshold
                0x20000888        0x4 c:/program files (x86)/gnu tools arm embedded/5.4 2016q3/bin/../lib/gcc/arm-none-eabi/5.4.1/../../../../arm-none-eabi/lib/armv7-m\libc.a(lib_a-mallocr.o)
                0x20000888                __malloc_trim_threshold
 .data.__malloc_sbrk_base
                0x2000088c        0x4 c:/program files (x86)/gnu tools arm embedded/5.4 2016q3/bin/../lib/gcc/arm-none-eabi/5.4.1/../../../../arm-none-eabi/lib/armv7-m\libc.a(lib_a-mallocr.o)
                0x2000088c                __malloc_sbrk_base
 .data.__global_locale
                0x20000890      0x16c c:/program files (x86)/gnu tools arm embedded/5.4 2016q3/bin/../lib/gcc/arm-none-eabi/5.4.1/../../../../arm-none-eabi/lib/armv7-m\libc.a(lib_a-locale.o)
                0x20000890                __global_locale
                0x200009fc                . = ALIGN (0x4)
                0x200009fc                _edata = .

.jcr            0x200009fc        0x0 load address 0x0800aa64
 .jcr           0x200009fc        0x0 c:/program files (x86)/gnu tools arm embedded/5.4 2016q3/bin/../lib/gcc/arm-none-eabi/5.4.1/armv7-m/crtbegin.o

.igot.plt       0x200009fc        0x0 load address 0x0800aa64
 .igot.plt      0x200009fc        0x0 c:/program files (x86)/gnu tools arm embedded/5.4 2016q3/bin/../lib/gcc/arm-none-eabi/5.4.1/armv7-m/crtbegin.o
                0x200009fc                . = ALIGN (0x4)

.bss            0x20000a00     0x24d0 load address 0x0800aa68
                0x20000a00                _sbss = .
                0x20000a00                __bss_start__ = _sbss
 *(.bss)
 .bss           0x20000a00       0x1c c:/program files (x86)/gnu tools arm embedded/5.4 2016q3/bin/../lib/gcc/arm-none-eabi/5.4.1/armv7-m/crtbegin.o
 *(.bss*)
 .bss.dw1000local
                0x20000a1c       0x38 ..\obj\deca_device.o
 .bss.uwbStaticTask.9634
                0x20000a54       0x58 ..\obj\main.o
 .bss.irqSemaphoreBuffer.9628
                0x20000aac       0x4c ..\obj\main.o
 .bss.xIdleTaskTCB.9647
                0x20000af8       0x58 ..\obj\main.o
 .bss.uwbStaticStack.9635
                0x20000b50     0x1000 ..\obj\main.o
 .bss.ucMainStack
                0x20001b50      0x800 ..\obj\main.o
 .bss.irqSemaphore
                0x20002350        0x4 ..\obj\main.o
 .bss.s1switch  0x20002354        0x1 ..\obj\main.o
                0x20002354                s1switch
 *fill*         0x20002355        0x3 
 .bss.timeout   0x20002358        0x4 ..\obj\main.o
 .bss.xMainTask
                0x2000235c       0x58 ..\obj\main.o
 .bss.uxIdleTaskStack.9648
                0x200023b4      0x800 ..\obj\main.o
 .bss.rxPacket.7889
                0x20002bb4       0x55 ..\obj\tdoa_anc.o
 *fill*         0x20002c09        0x3 
 .bss.rxPacket.7898
                0x20002c0c       0x55 ..\obj\tdoa_anc.o
 *fill*         0x20002c61        0x3 
 .bss.txPacket.7873
                0x20002c64       0x55 ..\obj\tdoa_anc.o
 *fill*         0x20002cb9        0x3 
 .bss.xNumOfOverflows
                0x20002cbc        0x4 ..\obj\tasks.o
 .bss.pxDelayedTaskList
                0x20002cc0        0x4 ..\obj\tasks.o
 .bss.xSchedulerRunning
                0x20002cc4        0x4 ..\obj\tasks.o
 .bss.uxSchedulerSuspended
                0x20002cc8        0x4 ..\obj\tasks.o
 .bss.xDelayedTaskList1
                0x20002ccc       0x14 ..\obj\tasks.o
 .bss.pxOverflowDelayedTaskList
                0x20002ce0        0x4 ..\obj\tasks.o
 .bss.uxPendedTicks
                0x20002ce4        0x4 ..\obj\tasks.o
 .bss.pxReadyTasksLists
                0x20002ce8       0x8c ..\obj\tasks.o
 .bss.xTasksWaitingTermination
                0x20002d74       0x14 ..\obj\tasks.o
 .bss.uxDeletedTasksWaitingCleanUp
                0x20002d88        0x4 ..\obj\tasks.o
 .bss.xNextTaskUnblockTime
                0x20002d8c        0x4 ..\obj\tasks.o
 .bss.xIdleTaskHandle
                0x20002d90        0x4 ..\obj\tasks.o
 .bss.xTickCount
                0x20002d94        0x4 ..\obj\tasks.o
 .bss.pxCurrentTCB
                0x20002d98        0x4 ..\obj\tasks.o
                0x20002d98                pxCurrentTCB
 .bss.xPendingReadyList
                0x20002d9c       0x14 ..\obj\tasks.o
 .bss.uxTaskNumber
                0x20002db0        0x4 ..\obj\tasks.o
 .bss.uxCurrentNumberOfTasks
                0x20002db4        0x4 ..\obj\tasks.o
 .bss.xDelayedTaskList2
                0x20002db8       0x14 ..\obj\tasks.o
 .bss.xSuspendedTaskList
                0x20002dcc       0x14 ..\obj\tasks.o
 .bss.uxTopReadyPriority
                0x20002de0        0x4 ..\obj\tasks.o
 .bss.xYieldPending
                0x20002de4        0x4 ..\obj\tasks.o
 .bss.heap_end.7315
                0x20002de8        0x4 ..\obj\syscalls.o
 .bss.ucMaxSysCallPriority
                0x20002dec        0x1 ..\obj\port.o
 *fill*         0x20002ded        0x3 
 .bss.ulMaxPRIGROUPValue
                0x20002df0        0x4 ..\obj\port.o
 .bss.port_deca_isr
                0x20002df4        0x4 ..\obj\port_deca.o
                0x20002df4                port_deca_isr
 .bss.__malloc_max_total_mem
                0x20002df8        0x4 c:/program files (x86)/gnu tools arm embedded/5.4 2016q3/bin/../lib/gcc/arm-none-eabi/5.4.1/../../../../arm-none-eabi/lib/armv7-m\libc.a(lib_a-mallocr.o)
                0x20002df8                __malloc_max_total_mem
 .bss.__malloc_max_sbrked_mem
                0x20002dfc        0x4 c:/program files (x86)/gnu tools arm embedded/5.4 2016q3/bin/../lib/gcc/arm-none-eabi/5.4.1/../../../../arm-none-eabi/lib/armv7-m\libc.a(lib_a-mallocr.o)
                0x20002dfc                __malloc_max_sbrked_mem
 .bss.__malloc_top_pad
                0x20002e00        0x4 c:/program files (x86)/gnu tools arm embedded/5.4 2016q3/bin/../lib/gcc/arm-none-eabi/5.4.1/../../../../arm-none-eabi/lib/armv7-m\libc.a(lib_a-mallocr.o)
                0x20002e00                __malloc_top_pad
 .bss.__malloc_current_mallinfo
                0x20002e04       0x28 c:/program files (x86)/gnu tools arm embedded/5.4 2016q3/bin/../lib/gcc/arm-none-eabi/5.4.1/../../../../arm-none-eabi/lib/armv7-m\libc.a(lib_a-mallocr.o)
                0x20002e04                __malloc_current_mallinfo
 *(COMMON)
 *fill*         0x20002e2c        0x4 
 COMMON         0x20002e30       0x98 ..\obj\main.o
                0x20002e30                tagaddr
                0x20002e38                ctx
                0x20002eb8                anc_chan
                0x20002eb9                anc_prf
                0x20002ebc                tx_failed_count
                0x20002ec0                chan
                0x20002ec4                ancaddr
 COMMON         0x20002ec8        0x4 ..\obj\stm32f10x_it.o
                0x20002ec8                time32_incr
 COMMON         0x20002ecc        0x4 c:/program files (x86)/gnu tools arm embedded/5.4 2016q3/bin/../lib/gcc/arm-none-eabi/5.4.1/../../../../arm-none-eabi/lib/armv7-m\libc.a(lib_a-reent.o)
                0x20002ecc                errno
                0x20002ed0                . = ALIGN (0x4)
                0x20002ed0                _ebss = .
                0x20002ed0                __bss_end__ = _ebss
                [!provide]                PROVIDE (end, _ebss)
                [!provide]                PROVIDE (_end, _ebss)

._user_heap_stack
                0x20002ed0      0x800 load address 0x0800cf38
                0x20002ed0                . = ALIGN (0x4)
                0x20002ed0                _user_heap_start = .
                0x200032d0                . = (. + _Min_Heap_Size)
 *fill*         0x20002ed0      0x400 
                0x200032d0                _user_heap_end = .
                0x200036d0                . = (. + _Min_Stack_Size)
 *fill*         0x200032d0      0x400 
                0x200036d0                . = ALIGN (0x4)
                [!provide]                PROVIDE (heap_start, _user_heap_start)
                [!provide]                PROVIDE (_heap_start, _user_heap_start)
                [!provide]                PROVIDE (heap_end, _user_heap_end)
                [!provide]                PROVIDE (_heap_end, _user_heap_end)

.memory_b1_text
 *(.mb1text)
 *(.mb1text*)
 *(.mb1rodata)
 *(.mb1rodata*)

/DISCARD/
 libc.a(*)
 libm.a(*)
 libgcc.a(*)

.ARM.attributes
                0x00000000       0x29
 *(.ARM.attributes)
 .ARM.attributes
                0x00000000       0x1d c:/program files (x86)/gnu tools arm embedded/5.4 2016q3/bin/../lib/gcc/arm-none-eabi/5.4.1/armv7-m/crti.o
 .ARM.attributes
                0x0000001d       0x2d c:/program files (x86)/gnu tools arm embedded/5.4 2016q3/bin/../lib/gcc/arm-none-eabi/5.4.1/armv7-m/crtbegin.o
 .ARM.attributes
                0x0000004a       0x33 ..\obj\core_cm3.o
 .ARM.attributes
                0x0000007d       0x33 ..\obj\system_stm32f10x.o
 .ARM.attributes
                0x000000b0       0x33 ..\obj\deca_device.o
 .ARM.attributes
                0x000000e3       0x33 ..\obj\deca_spi.o
 .ARM.attributes
                0x00000116       0x33 ..\obj\stm32f10x_gpio.o
 .ARM.attributes
                0x00000149       0x33 ..\obj\main.o
 .ARM.attributes
                0x0000017c       0x33 ..\obj\tdoa_anc.o
 .ARM.attributes
                0x000001af       0x33 ..\obj\stm32f10x_rcc.o
 .ARM.attributes
                0x000001e2       0x21 ..\obj\startup_stm32f10x_cl.o
 .ARM.attributes
                0x00000203       0x33 ..\obj\stm32f10x_exti.o
 .ARM.attributes
                0x00000236       0x33 ..\obj\tasks.o
 .ARM.attributes
                0x00000269       0x33 ..\obj\deca_mutex.o
 .ARM.attributes
                0x0000029c       0x33 ..\obj\stm32f10x_usart.o
 .ARM.attributes
                0x000002cf       0x33 ..\obj\deca_sleep.o
 .ARM.attributes
                0x00000302       0x33 ..\obj\list.o
 .ARM.attributes
                0x00000335       0x33 ..\obj\syscalls.o
 .ARM.attributes
                0x00000368       0x33 ..\obj\stm32f10x_flash.o
 .ARM.attributes
                0x0000039b       0x33 ..\obj\stm32f10x_it.o
 .ARM.attributes
                0x000003ce       0x33 ..\obj\queue.o
 .ARM.attributes
                0x00000401       0x33 ..\obj\port.o
 .ARM.attributes
                0x00000434       0x33 ..\obj\lcd.o
 .ARM.attributes
                0x00000467       0x33 ..\obj\misc.o
 .ARM.attributes
                0x0000049a       0x33 ..\obj\stm32f10x_spi.o
 .ARM.attributes
                0x000004cd       0x33 ..\obj\deca_params_init.o
 .ARM.attributes
                0x00000500       0x33 ..\obj\port_deca.o
 .ARM.attributes
                0x00000533       0x2d c:/program files (x86)/gnu tools arm embedded/5.4 2016q3/bin/../lib/gcc/arm-none-eabi/5.4.1/../../../../arm-none-eabi/lib/armv7-m\libm.a(lib_a-wf_log10.o)
 .ARM.attributes
                0x00000560       0x2d c:/program files (x86)/gnu tools arm embedded/5.4 2016q3/bin/../lib/gcc/arm-none-eabi/5.4.1/../../../../arm-none-eabi/lib/armv7-m\libm.a(lib_a-ef_log10.o)
 .ARM.attributes
                0x0000058d       0x2d c:/program files (x86)/gnu tools arm embedded/5.4 2016q3/bin/../lib/gcc/arm-none-eabi/5.4.1/../../../../arm-none-eabi/lib/armv7-m\libm.a(lib_a-s_lib_ver.o)
 .ARM.attributes
                0x000005ba       0x2d c:/program files (x86)/gnu tools arm embedded/5.4 2016q3/bin/../lib/gcc/arm-none-eabi/5.4.1/../../../../arm-none-eabi/lib/armv7-m\libm.a(lib_a-s_matherr.o)
 .ARM.attributes
                0x000005e7       0x2d c:/program files (x86)/gnu tools arm embedded/5.4 2016q3/bin/../lib/gcc/arm-none-eabi/5.4.1/../../../../arm-none-eabi/lib/armv7-m\libm.a(lib_a-s_nan.o)
 .ARM.attributes
                0x00000614       0x2d c:/program files (x86)/gnu tools arm embedded/5.4 2016q3/bin/../lib/gcc/arm-none-eabi/5.4.1/../../../../arm-none-eabi/lib/armv7-m\libm.a(lib_a-ef_log.o)
 .ARM.attributes
                0x00000641       0x1d c:/program files (x86)/gnu tools arm embedded/5.4 2016q3/bin/../lib/gcc/arm-none-eabi/5.4.1/armv7-m\libgcc.a(_arm_addsubdf3.o)
 .ARM.attributes
                0x0000065e       0x1d c:/program files (x86)/gnu tools arm embedded/5.4 2016q3/bin/../lib/gcc/arm-none-eabi/5.4.1/armv7-m\libgcc.a(_arm_truncdfsf2.o)
 .ARM.attributes
                0x0000067b       0x1d c:/program files (x86)/gnu tools arm embedded/5.4 2016q3/bin/../lib/gcc/arm-none-eabi/5.4.1/armv7-m\libgcc.a(_arm_addsubsf3.o)
 .ARM.attributes
                0x00000698       0x1d c:/program files (x86)/gnu tools arm embedded/5.4 2016q3/bin/../lib/gcc/arm-none-eabi/5.4.1/armv7-m\libgcc.a(_arm_muldivsf3.o)
 .ARM.attributes
                0x000006b5       0x1d c:/program files (x86)/gnu tools arm embedded/5.4 2016q3/bin/../lib/gcc/arm-none-eabi/5.4.1/armv7-m\libgcc.a(_arm_cmpsf2.o)
 .ARM.attributes
                0x000006d2       0x1d c:/program files (x86)/gnu tools arm embedded/5.4 2016q3/bin/../lib/gcc/arm-none-eabi/5.4.1/armv7-m\libgcc.a(_arm_unordsf2.o)
 .ARM.attributes
                0x000006ef       0x1d c:/program files (x86)/gnu tools arm embedded/5.4 2016q3/bin/../lib/gcc/arm-none-eabi/5.4.1/armv7-m\libgcc.a(_arm_fixsfsi.o)
 .ARM.attributes
                0x0000070c       0x2d c:/program files (x86)/gnu tools arm embedded/5.4 2016q3/bin/../lib/gcc/arm-none-eabi/5.4.1/../../../../arm-none-eabi/lib/armv7-m\libc.a(lib_a-errno.o)
 .ARM.attributes
                0x00000739       0x1b c:/program files (x86)/gnu tools arm embedded/5.4 2016q3/bin/../lib/gcc/arm-none-eabi/5.4.1/../../../../arm-none-eabi/lib/armv7-m\libc.a(lib_a-memcpy.o)
 .ARM.attributes
                0x00000754       0x2d c:/program files (x86)/gnu tools arm embedded/5.4 2016q3/bin/../lib/gcc/arm-none-eabi/5.4.1/../../../../arm-none-eabi/lib/armv7-m\libc.a(lib_a-printf.o)
 .ARM.attributes
                0x00000781       0x2d c:/program files (x86)/gnu tools arm embedded/5.4 2016q3/bin/../lib/gcc/arm-none-eabi/5.4.1/../../../../arm-none-eabi/lib/armv7-m\libc.a(lib_a-strlen-stub.o)
 .ARM.attributes
                0x000007ae       0x2d c:/program files (x86)/gnu tools arm embedded/5.4 2016q3/bin/../lib/gcc/arm-none-eabi/5.4.1/../../../../arm-none-eabi/lib/armv7-m\libc.a(lib_a-vfprintf.o)
 .ARM.attributes
                0x000007db       0x2d c:/program files (x86)/gnu tools arm embedded/5.4 2016q3/bin/../lib/gcc/arm-none-eabi/5.4.1/../../../../arm-none-eabi/lib/armv7-m\libc.a(lib_a-wsetup.o)
 .ARM.attributes
                0x00000808       0x2d c:/program files (x86)/gnu tools arm embedded/5.4 2016q3/bin/../lib/gcc/arm-none-eabi/5.4.1/../../../../arm-none-eabi/lib/armv7-m\libc.a(lib_a-dtoa.o)
 .ARM.attributes
                0x00000835       0x2d c:/program files (x86)/gnu tools arm embedded/5.4 2016q3/bin/../lib/gcc/arm-none-eabi/5.4.1/../../../../arm-none-eabi/lib/armv7-m\libc.a(lib_a-fflush.o)
 .ARM.attributes
                0x00000862       0x2d c:/program files (x86)/gnu tools arm embedded/5.4 2016q3/bin/../lib/gcc/arm-none-eabi/5.4.1/../../../../arm-none-eabi/lib/armv7-m\libc.a(lib_a-findfp.o)
 .ARM.attributes
                0x0000088f       0x2d c:/program files (x86)/gnu tools arm embedded/5.4 2016q3/bin/../lib/gcc/arm-none-eabi/5.4.1/../../../../arm-none-eabi/lib/armv7-m\libc.a(lib_a-freer.o)
 .ARM.attributes
                0x000008bc       0x2d c:/program files (x86)/gnu tools arm embedded/5.4 2016q3/bin/../lib/gcc/arm-none-eabi/5.4.1/../../../../arm-none-eabi/lib/armv7-m\libc.a(lib_a-fwalk.o)
 .ARM.attributes
                0x000008e9       0x2d c:/program files (x86)/gnu tools arm embedded/5.4 2016q3/bin/../lib/gcc/arm-none-eabi/5.4.1/../../../../arm-none-eabi/lib/armv7-m\libc.a(lib_a-localeconv.o)
 .ARM.attributes
                0x00000916       0x2d c:/program files (x86)/gnu tools arm embedded/5.4 2016q3/bin/../lib/gcc/arm-none-eabi/5.4.1/../../../../arm-none-eabi/lib/armv7-m\libc.a(lib_a-makebuf.o)
 .ARM.attributes
                0x00000943       0x2d c:/program files (x86)/gnu tools arm embedded/5.4 2016q3/bin/../lib/gcc/arm-none-eabi/5.4.1/../../../../arm-none-eabi/lib/armv7-m\libc.a(lib_a-mallocr.o)
 .ARM.attributes
                0x00000970       0x2d c:/program files (x86)/gnu tools arm embedded/5.4 2016q3/bin/../lib/gcc/arm-none-eabi/5.4.1/../../../../arm-none-eabi/lib/armv7-m\libc.a(lib_a-memchr-stub.o)
 .ARM.attributes
                0x0000099d       0x2d c:/program files (x86)/gnu tools arm embedded/5.4 2016q3/bin/../lib/gcc/arm-none-eabi/5.4.1/../../../../arm-none-eabi/lib/armv7-m\libc.a(lib_a-mlock.o)
 .ARM.attributes
                0x000009ca       0x2d c:/program files (x86)/gnu tools arm embedded/5.4 2016q3/bin/../lib/gcc/arm-none-eabi/5.4.1/../../../../arm-none-eabi/lib/armv7-m\libc.a(lib_a-mprec.o)
 .ARM.attributes
                0x000009f7       0x2d c:/program files (x86)/gnu tools arm embedded/5.4 2016q3/bin/../lib/gcc/arm-none-eabi/5.4.1/../../../../arm-none-eabi/lib/armv7-m\libc.a(lib_a-sbrkr.o)
 .ARM.attributes
                0x00000a24       0x2d c:/program files (x86)/gnu tools arm embedded/5.4 2016q3/bin/../lib/gcc/arm-none-eabi/5.4.1/../../../../arm-none-eabi/lib/armv7-m\libc.a(lib_a-stdio.o)
 .ARM.attributes
                0x00000a51       0x2d c:/program files (x86)/gnu tools arm embedded/5.4 2016q3/bin/../lib/gcc/arm-none-eabi/5.4.1/../../../../arm-none-eabi/lib/armv7-m\libc.a(lib_a-vfiprintf.o)
 .ARM.attributes
                0x00000a7e       0x2d c:/program files (x86)/gnu tools arm embedded/5.4 2016q3/bin/../lib/gcc/arm-none-eabi/5.4.1/../../../../arm-none-eabi/lib/armv7-m\libc.a(lib_a-writer.o)
 .ARM.attributes
                0x00000aab       0x2d c:/program files (x86)/gnu tools arm embedded/5.4 2016q3/bin/../lib/gcc/arm-none-eabi/5.4.1/../../../../arm-none-eabi/lib/armv7-m\libc.a(lib_a-callocr.o)
 .ARM.attributes
                0x00000ad8       0x2d c:/program files (x86)/gnu tools arm embedded/5.4 2016q3/bin/../lib/gcc/arm-none-eabi/5.4.1/../../../../arm-none-eabi/lib/armv7-m\libc.a(lib_a-fclose.o)
 .ARM.attributes
                0x00000b05       0x2d c:/program files (x86)/gnu tools arm embedded/5.4 2016q3/bin/../lib/gcc/arm-none-eabi/5.4.1/../../../../arm-none-eabi/lib/armv7-m\libc.a(lib_a-fputwc.o)
 .ARM.attributes
                0x00000b32       0x2d c:/program files (x86)/gnu tools arm embedded/5.4 2016q3/bin/../lib/gcc/arm-none-eabi/5.4.1/../../../../arm-none-eabi/lib/armv7-m\libc.a(lib_a-fvwrite.o)
 .ARM.attributes
                0x00000b5f       0x2d c:/program files (x86)/gnu tools arm embedded/5.4 2016q3/bin/../lib/gcc/arm-none-eabi/5.4.1/../../../../arm-none-eabi/lib/armv7-m\libc.a(lib_a-locale.o)
 .ARM.attributes
                0x00000b8c       0x2d c:/program files (x86)/gnu tools arm embedded/5.4 2016q3/bin/../lib/gcc/arm-none-eabi/5.4.1/../../../../arm-none-eabi/lib/armv7-m\libc.a(lib_a-mbtowc_r.o)
 .ARM.attributes
                0x00000bb9       0x2d c:/program files (x86)/gnu tools arm embedded/5.4 2016q3/bin/../lib/gcc/arm-none-eabi/5.4.1/../../../../arm-none-eabi/lib/armv7-m\libc.a(lib_a-memmove.o)
 .ARM.attributes
                0x00000be6       0x2d c:/program files (x86)/gnu tools arm embedded/5.4 2016q3/bin/../lib/gcc/arm-none-eabi/5.4.1/../../../../arm-none-eabi/lib/armv7-m\libc.a(lib_a-reallocr.o)
 .ARM.attributes
                0x00000c13       0x2d c:/program files (x86)/gnu tools arm embedded/5.4 2016q3/bin/../lib/gcc/arm-none-eabi/5.4.1/../../../../arm-none-eabi/lib/armv7-m\libc.a(lib_a-reent.o)
 .ARM.attributes
                0x00000c40       0x2d c:/program files (x86)/gnu tools arm embedded/5.4 2016q3/bin/../lib/gcc/arm-none-eabi/5.4.1/../../../../arm-none-eabi/lib/armv7-m\libc.a(lib_a-wbuf.o)
 .ARM.attributes
                0x00000c6d       0x2d c:/program files (x86)/gnu tools arm embedded/5.4 2016q3/bin/../lib/gcc/arm-none-eabi/5.4.1/../../../../arm-none-eabi/lib/armv7-m\libc.a(lib_a-wcrtomb.o)
 .ARM.attributes
                0x00000c9a       0x2d c:/program files (x86)/gnu tools arm embedded/5.4 2016q3/bin/../lib/gcc/arm-none-eabi/5.4.1/../../../../arm-none-eabi/lib/armv7-m\libc.a(lib_a-wctomb_r.o)
 .ARM.attributes
                0x00000cc7       0x2d c:/program files (x86)/gnu tools arm embedded/5.4 2016q3/bin/../lib/gcc/arm-none-eabi/5.4.1/../../../../arm-none-eabi/lib/armv7-m\libc.a(lib_a-ctype_.o)
 .ARM.attributes
                0x00000cf4       0x1d c:/program files (x86)/gnu tools arm embedded/5.4 2016q3/bin/../lib/gcc/arm-none-eabi/5.4.1/armv7-m\libgcc.a(_arm_muldivdf3.o)
 .ARM.attributes
                0x00000d11       0x1d c:/program files (x86)/gnu tools arm embedded/5.4 2016q3/bin/../lib/gcc/arm-none-eabi/5.4.1/armv7-m\libgcc.a(_arm_cmpdf2.o)
 .ARM.attributes
                0x00000d2e       0x1d c:/program files (x86)/gnu tools arm embedded/5.4 2016q3/bin/../lib/gcc/arm-none-eabi/5.4.1/armv7-m\libgcc.a(_arm_unorddf2.o)
 .ARM.attributes
                0x00000d4b       0x1d c:/program files (x86)/gnu tools arm embedded/5.4 2016q3/bin/../lib/gcc/arm-none-eabi/5.4.1/armv7-m\libgcc.a(_arm_fixdfsi.o)
 .ARM.attributes
                0x00000d68       0x1d c:/program files (x86)/gnu tools arm embedded/5.4 2016q3/bin/../lib/gcc/arm-none-eabi/5.4.1/armv7-m\libgcc.a(_aeabi_uldivmod.o)
 .ARM.attributes
                0x00000d85       0x2d c:/program files (x86)/gnu tools arm embedded/5.4 2016q3/bin/../lib/gcc/arm-none-eabi/5.4.1/armv7-m\libgcc.a(_udivmoddi4.o)
 .ARM.attributes
                0x00000db2       0x1d c:/program files (x86)/gnu tools arm embedded/5.4 2016q3/bin/../lib/gcc/arm-none-eabi/5.4.1/armv7-m\libgcc.a(_dvmd_tls.o)
 .ARM.attributes
                0x00000dcf       0x1d c:/program files (x86)/gnu tools arm embedded/5.4 2016q3/bin/../lib/gcc/arm-none-eabi/5.4.1/armv7-m/crtn.o
LOAD ..\obj\stm32f10x_rtc.o
LOAD ..\obj\stm32f10x_tim.o
LOAD ..\obj\core_cm3.o
LOAD ..\obj\stm32f10x_dbgmcu.o
LOAD ..\obj\system_stm32f10x.o
LOAD ..\obj\deca_device.o
LOAD ..\obj\deca_spi.o
LOAD ..\obj\stm32f10x_fsmc.o
LOAD ..\obj\stm32f10x_pwr.o
LOAD ..\obj\stm32f10x_can.o
LOAD ..\obj\stm32f10x_gpio.o
LOAD ..\obj\stm32f10x_dac.o
LOAD ..\obj\main.o
LOAD ..\obj\tdoa_anc.o
LOAD ..\obj\stm32f10x_crc.o
LOAD ..\obj\stm32f10x_rcc.o
LOAD ..\obj\startup_stm32f10x_cl.o
LOAD ..\obj\stm32f10x_exti.o
LOAD ..\obj\tasks.o
LOAD ..\obj\stm32f10x_adc.o
LOAD ..\obj\deca_mutex.o
LOAD ..\obj\stm32f10x_usart.o
LOAD ..\obj\deca_sleep.o
LOAD ..\obj\list.o
LOAD ..\obj\syscalls.o
LOAD ..\obj\stm32f10x_flash.o
LOAD ..\obj\stm32f10x_it.o
LOAD ..\obj\stm32f10x_cec.o
LOAD ..\obj\queue.o
LOAD ..\obj\port.o
LOAD ..\obj\stm32f10x_sdio.o
LOAD ..\obj\stm32f10x_dma.o
LOAD ..\obj\croutine.o
LOAD ..\obj\lcd.o
LOAD ..\obj\misc.o
LOAD ..\obj\stm32f10x_wwdg.o
LOAD ..\obj\stm32f10x_spi.o
LOAD ..\obj\stm32f10x_i2c.o
LOAD ..\obj\deca_params_init.o
LOAD ..\obj\port_deca.o
LOAD ..\obj\stm32f10x_bkp.o
LOAD ..\obj\stm32f10x_iwdg.o
LOAD c:/program files (x86)/gnu tools arm embedded/5.4 2016q3/bin/../lib/gcc/arm-none-eabi/5.4.1/../../../../arm-none-eabi/lib/armv7-m\libm.a
LOAD c:/program files (x86)/gnu tools arm embedded/5.4 2016q3/bin/../lib/gcc/arm-none-eabi/5.4.1/armv7-m\libgcc.a
LOAD c:/program files (x86)/gnu tools arm embedded/5.4 2016q3/bin/../lib/gcc/arm-none-eabi/5.4.1/../../../../arm-none-eabi/lib/armv7-m\libc.a
START GROUP
LOAD c:/program files (x86)/gnu tools arm embedded/5.4 2016q3/bin/../lib/gcc/arm-none-eabi/5.4.1/armv7-m\libgcc.a
LOAD c:/program files (x86)/gnu tools arm embedded/5.4 2016q3/bin/../lib/gcc/arm-none-eabi/5.4.1/../../../../arm-none-eabi/lib/armv7-m\libg.a
LOAD c:/program files (x86)/gnu tools arm embedded/5.4 2016q3/bin/../lib/gcc/arm-none-eabi/5.4.1/../../../../arm-none-eabi/lib/armv7-m\libc.a
END GROUP
LOAD c:/program files (x86)/gnu tools arm embedded/5.4 2016q3/bin/../lib/gcc/arm-none-eabi/5.4.1/armv7-m/crtend.o
LOAD c:/program files (x86)/gnu tools arm embedded/5.4 2016q3/bin/../lib/gcc/arm-none-eabi/5.4.1/armv7-m/crtn.o
OUTPUT(TREK_TDOA.elf elf32-littlearm)

.debug_info     0x00000000    0x12213
 .debug_info    0x00000000      0x53c ..\obj\core_cm3.o
 .debug_info    0x0000053c      0x4cd ..\obj\system_stm32f10x.o
 .debug_info    0x00000a09     0x3810 ..\obj\deca_device.o
 .debug_info    0x00004219      0x43b ..\obj\deca_spi.o
 .debug_info    0x00004654      0x879 ..\obj\stm32f10x_gpio.o
 .debug_info    0x00004ecd     0x1194 ..\obj\main.o
 .debug_info    0x00006061      0xfd8 ..\obj\tdoa_anc.o
 .debug_info    0x00007039      0xad0 ..\obj\stm32f10x_rcc.o
 .debug_info    0x00007b09      0x10a ..\obj\startup_stm32f10x_cl.o
 .debug_info    0x00007c13      0x33e ..\obj\stm32f10x_exti.o
 .debug_info    0x00007f51     0x285f ..\obj\tasks.o
 .debug_info    0x0000a7b0      0x471 ..\obj\deca_mutex.o
 .debug_info    0x0000ac21      0xb0e ..\obj\stm32f10x_usart.o
 .debug_info    0x0000b72f      0x105 ..\obj\deca_sleep.o
 .debug_info    0x0000b834      0x29d ..\obj\list.o
 .debug_info    0x0000bad1      0x6ad ..\obj\syscalls.o
 .debug_info    0x0000c17e      0x9f6 ..\obj\stm32f10x_flash.o
 .debug_info    0x0000cb74       0xa7 ..\obj\stm32f10x_it.o
 .debug_info    0x0000cc1b     0x1e19 ..\obj\queue.o
 .debug_info    0x0000ea34      0x496 ..\obj\port.o
 .debug_info    0x0000eeca      0x559 ..\obj\lcd.o
 .debug_info    0x0000f423      0x4f8 ..\obj\misc.o
 .debug_info    0x0000f91b      0xa69 ..\obj\stm32f10x_spi.o
 .debug_info    0x00010384      0x273 ..\obj\deca_params_init.o
 .debug_info    0x000105f7     0x1c1c ..\obj\port_deca.o

.debug_abbrev   0x00000000     0x2bd5
 .debug_abbrev  0x00000000       0xbb ..\obj\core_cm3.o
 .debug_abbrev  0x000000bb      0x19b ..\obj\system_stm32f10x.o
 .debug_abbrev  0x00000256      0x254 ..\obj\deca_device.o
 .debug_abbrev  0x000004aa      0x159 ..\obj\deca_spi.o
 .debug_abbrev  0x00000603      0x1ed ..\obj\stm32f10x_gpio.o
 .debug_abbrev  0x000007f0      0x360 ..\obj\main.o
 .debug_abbrev  0x00000b50      0x32c ..\obj\tdoa_anc.o
 .debug_abbrev  0x00000e7c      0x1e2 ..\obj\stm32f10x_rcc.o
 .debug_abbrev  0x0000105e       0x12 ..\obj\startup_stm32f10x_cl.o
 .debug_abbrev  0x00001070      0x164 ..\obj\stm32f10x_exti.o
 .debug_abbrev  0x000011d4      0x36f ..\obj\tasks.o
 .debug_abbrev  0x00001543      0x195 ..\obj\deca_mutex.o
 .debug_abbrev  0x000016d8      0x1c6 ..\obj\stm32f10x_usart.o
 .debug_abbrev  0x0000189e       0xab ..\obj\deca_sleep.o
 .debug_abbrev  0x00001949       0xda ..\obj\list.o
 .debug_abbrev  0x00001a23      0x1df ..\obj\syscalls.o
 .debug_abbrev  0x00001c02      0x1b1 ..\obj\stm32f10x_flash.o
 .debug_abbrev  0x00001db3       0x69 ..\obj\stm32f10x_it.o
 .debug_abbrev  0x00001e1c      0x2e2 ..\obj\queue.o
 .debug_abbrev  0x000020fe      0x255 ..\obj\port.o
 .debug_abbrev  0x00002353      0x152 ..\obj\lcd.o
 .debug_abbrev  0x000024a5      0x165 ..\obj\misc.o
 .debug_abbrev  0x0000260a      0x1c8 ..\obj\stm32f10x_spi.o
 .debug_abbrev  0x000027d2       0x79 ..\obj\deca_params_init.o
 .debug_abbrev  0x0000284b      0x38a ..\obj\port_deca.o

.debug_loc      0x00000000     0x87a3
 .debug_loc     0x00000000      0x33a ..\obj\core_cm3.o
 .debug_loc     0x0000033a      0x1c5 ..\obj\system_stm32f10x.o
 .debug_loc     0x000004ff     0x1a4e ..\obj\deca_device.o
 .debug_loc     0x00001f4d      0x265 ..\obj\deca_spi.o
 .debug_loc     0x000021b2      0x508 ..\obj\stm32f10x_gpio.o
 .debug_loc     0x000026ba      0x149 ..\obj\main.o
 .debug_loc     0x00002803      0x5a3 ..\obj\tdoa_anc.o
 .debug_loc     0x00002da6      0x96f ..\obj\stm32f10x_rcc.o
 .debug_loc     0x00003715      0x1bc ..\obj\stm32f10x_exti.o
 .debug_loc     0x000038d1     0x18f6 ..\obj\tasks.o
 .debug_loc     0x000051c7       0x51 ..\obj\deca_mutex.o
 .debug_loc     0x00005218      0x7e0 ..\obj\stm32f10x_usart.o
 .debug_loc     0x000059f8       0x4d ..\obj\deca_sleep.o
 .debug_loc     0x00005a45       0x65 ..\obj\list.o
 .debug_loc     0x00005aaa      0x2cd ..\obj\syscalls.o
 .debug_loc     0x00005d77      0x7ff ..\obj\stm32f10x_flash.o
 .debug_loc     0x00006576     0x13a7 ..\obj\queue.o
 .debug_loc     0x0000791d       0xce ..\obj\port.o
 .debug_loc     0x000079eb      0x1b4 ..\obj\lcd.o
 .debug_loc     0x00007b9f      0x18d ..\obj\misc.o
 .debug_loc     0x00007d2c      0x6aa ..\obj\stm32f10x_spi.o
 .debug_loc     0x000083d6      0x3cd ..\obj\port_deca.o

.debug_aranges  0x00000000      0xff0
 .debug_aranges
                0x00000000       0xc8 ..\obj\core_cm3.o
 .debug_aranges
                0x000000c8       0x28 ..\obj\system_stm32f10x.o
 .debug_aranges
                0x000000f0      0x2d8 ..\obj\deca_device.o
 .debug_aranges
                0x000003c8       0x38 ..\obj\deca_spi.o
 .debug_aranges
                0x00000400       0xa8 ..\obj\stm32f10x_gpio.o
 .debug_aranges
                0x000004a8       0x58 ..\obj\main.o
 .debug_aranges
                0x00000500       0x88 ..\obj\tdoa_anc.o
 .debug_aranges
                0x00000588      0x160 ..\obj\stm32f10x_rcc.o
 .debug_aranges
                0x000006e8       0x28 ..\obj\startup_stm32f10x_cl.o
 .debug_aranges
                0x00000710       0x58 ..\obj\stm32f10x_exti.o
 .debug_aranges
                0x00000768      0x1b8 ..\obj\tasks.o
 .debug_aranges
                0x00000920       0x28 ..\obj\deca_mutex.o
 .debug_aranges
                0x00000948      0x100 ..\obj\stm32f10x_usart.o
 .debug_aranges
                0x00000a48       0x28 ..\obj\deca_sleep.o
 .debug_aranges
                0x00000a70       0x40 ..\obj\list.o
 .debug_aranges
                0x00000ab0       0x68 ..\obj\syscalls.o
 .debug_aranges
                0x00000b18       0xf8 ..\obj\stm32f10x_flash.o
 .debug_aranges
                0x00000c10       0x20 ..\obj\stm32f10x_it.o
 .debug_aranges
                0x00000c30      0x108 ..\obj\queue.o
 .debug_aranges
                0x00000d38       0x78 ..\obj\port.o
 .debug_aranges
                0x00000db0       0x28 ..\obj\lcd.o
 .debug_aranges