Archive member included to satisfy reference by file (symbol)

c:/program files (x86)/gnu tools arm embedded/5.4 2016q3/bin/../lib/gcc/arm-none-eabi/5.4.1/../../../../arm-none-eabi/lib/armv7-m\libc.a(lib_a-exit.o)
                              c:/program files (x86)/gnu tools arm embedded/5.4 2016q3/bin/../lib/gcc/arm-none-eabi/5.4.1/../../../../arm-none-eabi/lib/armv7-m/crt0.o (exit)
c:/program files (x86)/gnu tools arm embedded/5.4 2016q3/bin/../lib/gcc/arm-none-eabi/5.4.1/../../../../arm-none-eabi/lib/armv7-m\libc.a(lib_a-impure.o)
                              c:/program files (x86)/gnu tools arm embedded/5.4 2016q3/bin/../lib/gcc/arm-none-eabi/5.4.1/../../../../arm-none-eabi/lib/armv7-m\libc.a(lib_a-exit.o) (_global_impure_ptr)
c:/program files (x86)/gnu tools arm embedded/5.4 2016q3/bin/../lib/gcc/arm-none-eabi/5.4.1/../../../../arm-none-eabi/lib/armv7-m\libc.a(lib_a-init.o)
                              c:/program files (x86)/gnu tools arm embedded/5.4 2016q3/bin/../lib/gcc/arm-none-eabi/5.4.1/../../../../arm-none-eabi/lib/armv7-m/crt0.o (__libc_init_array)
c:/program files (x86)/gnu tools arm embedded/5.4 2016q3/bin/../lib/gcc/arm-none-eabi/5.4.1/../../../../arm-none-eabi/lib/armv7-m\libc.a(lib_a-memset.o)
                              c:/program files (x86)/gnu tools arm embedded/5.4 2016q3/bin/../lib/gcc/arm-none-eabi/5.4.1/../../../../arm-none-eabi/lib/armv7-m/crt0.o (memset)
c:/program files (x86)/gnu tools arm embedded/5.4 2016q3/bin/../lib/gcc/arm-none-eabi/5.4.1/../../../../arm-none-eabi/lib/armv7-m\libc.a(lib_a-__call_atexit.o)
                              c:/program files (x86)/gnu tools arm embedded/5.4 2016q3/bin/../lib/gcc/arm-none-eabi/5.4.1/../../../../arm-none-eabi/lib/armv7-m\libc.a(lib_a-exit.o) (__call_exitprocs)
c:/program files (x86)/gnu tools arm embedded/5.4 2016q3/bin/../lib/gcc/arm-none-eabi/5.4.1/../../../../arm-none-eabi/lib/armv7-m\libc.a(lib_a-atexit.o)
                              c:/program files (x86)/gnu tools arm embedded/5.4 2016q3/bin/../lib/gcc/arm-none-eabi/5.4.1/../../../../arm-none-eabi/lib/armv7-m\libc.a(lib_a-__call_atexit.o) (atexit)
c:/program files (x86)/gnu tools arm embedded/5.4 2016q3/bin/../lib/gcc/arm-none-eabi/5.4.1/../../../../arm-none-eabi/lib/armv7-m\libc.a(lib_a-fini.o)
                              c:/program files (x86)/gnu tools arm embedded/5.4 2016q3/bin/../lib/gcc/arm-none-eabi/5.4.1/../../../../arm-none-eabi/lib/armv7-m\libc.a(lib_a-__call_atexit.o) (__libc_fini_array)
c:/program files (x86)/gnu tools arm embedded/5.4 2016q3/bin/../lib/gcc/arm-none-eabi/5.4.1/../../../../arm-none-eabi/lib/armv7-m\libc.a(lib_a-__atexit.o)
                              c:/program files (x86)/gnu tools arm embedded/5.4 2016q3/bin/../lib/gcc/arm-none-eabi/5.4.1/../../../../arm-none-eabi/lib/armv7-m\libc.a(lib_a-atexit.o) (__register_exitproc)
c:/program files (x86)/gnu tools arm embedded/5.4 2016q3/bin/../lib/gcc/arm-none-eabi/5.4.1/../../../../arm-none-eabi/lib/armv7-m\libm.a(lib_a-wf_log10.o)
                              ..\obj\tdoa_tag.o (log10f)
c:/program files (x86)/gnu tools arm embedded/5.4 2016q3/bin/../lib/gcc/arm-none-eabi/5.4.1/../../../../arm-none-eabi/lib/armv7-m\libm.a(lib_a-ef_log10.o)
                              c:/program files (x86)/gnu tools arm embedded/5.4 2016q3/bin/../lib/gcc/arm-none-eabi/5.4.1/../../../../arm-none-eabi/lib/armv7-m\libm.a(lib_a-wf_log10.o) (__ieee754_log10f)
c:/program files (x86)/gnu tools arm embedded/5.4 2016q3/bin/../lib/gcc/arm-none-eabi/5.4.1/../../../../arm-none-eabi/lib/armv7-m\libm.a(lib_a-s_lib_ver.o)
                              c:/program files (x86)/gnu tools arm embedded/5.4 2016q3/bin/../lib/gcc/arm-none-eabi/5.4.1/../../../../arm-none-eabi/lib/armv7-m\libm.a(lib_a-wf_log10.o) (__fdlib_version)
c:/program files (x86)/gnu tools arm embedded/5.4 2016q3/bin/../lib/gcc/arm-none-eabi/5.4.1/../../../../arm-none-eabi/lib/armv7-m\libm.a(lib_a-s_matherr.o)
                              c:/program files (x86)/gnu tools arm embedded/5.4 2016q3/bin/../lib/gcc/arm-none-eabi/5.4.1/../../../../arm-none-eabi/lib/armv7-m\libm.a(lib_a-wf_log10.o) (matherr)
c:/program files (x86)/gnu tools arm embedded/5.4 2016q3/bin/../lib/gcc/arm-none-eabi/5.4.1/../../../../arm-none-eabi/lib/armv7-m\libm.a(lib_a-s_nan.o)
                              c:/program files (x86)/gnu tools arm embedded/5.4 2016q3/bin/../lib/gcc/arm-none-eabi/5.4.1/../../../../arm-none-eabi/lib/armv7-m\libm.a(lib_a-wf_log10.o) (nan)
c:/program files (x86)/gnu tools arm embedded/5.4 2016q3/bin/../lib/gcc/arm-none-eabi/5.4.1/../../../../arm-none-eabi/lib/armv7-m\libm.a(lib_a-ef_log.o)
                              c:/program files (x86)/gnu tools arm embedded/5.4 2016q3/bin/../lib/gcc/arm-none-eabi/5.4.1/../../../../arm-none-eabi/lib/armv7-m\libm.a(lib_a-ef_log10.o) (__ieee754_logf)
c:/program files (x86)/gnu tools arm embedded/5.4 2016q3/bin/../lib/gcc/arm-none-eabi/5.4.1/armv7-m\libgcc.a(_arm_addsubdf3.o)
[...]
Memory Configuration

Name             Origin             Length             Attributes
FLASH            0x08000000         0x00040000         xr
RAM              0x20000000         0x00010000         xrw
MEMORY_B1        0x60000000         0x00000000         xr
*default*        0x00000000         0xffffffff

Linker script and memory map

LOAD c:/program files (x86)/gnu tools arm embedded/5.4 2016q3/bin/../lib/gcc/arm-none-eabi/5.4.1/armv7-m/crti.o
LOAD c:/program files (x86)/gnu tools arm embedded/5.4 2016q3/bin/../lib/gcc/arm-none-eabi/5.4.1/armv7-m/crtbegin.o
LOAD c:/program files (x86)/gnu tools arm embedded/5.4 2016q3/bin/../lib/gcc/arm-none-eabi/5.4.1/../../../../arm-none-eabi/lib/armv7-m/crt0.o
                0x20010000                _estack = 0x20010000
                0x00000400                _Min_Heap_Size = 0x400
                0x00000400                _Min_Stack_Size = 0x400

.isr_vector     0x08000000      0x1e4
                0x08000000                . = ALIGN (0x4)
 *(.isr_vector)
 .isr_vector    0x08000000      0x1e4 ..\obj\startup_stm32f10x_cl.o
                0x08000000                g_pfnVectors
                0x080001e4                . = ALIGN (0x4)

.text           0x080001e8     0x8dc8
                0x080001e8                . = ALIGN (0x4)
 *(.text)
 .text          0x080001e8       0x5c c:/program files (x86)/gnu tools arm embedded/5.4 2016q3/bin/../lib/gcc/arm-none-eabi/5.4.1/armv7-m/crtbegin.o
 .text          0x08000244      0x370 c:/program files (x86)/gnu tools arm embedded/5.4 2016q3/bin/../lib/gcc/arm-none-eabi/5.4.1/armv7-m\libgcc.a(_arm_addsubdf3.o)
                0x08000244                __aeabi_drsub
                0x0800024c                __aeabi_dsub
                0x0800024c                __subdf3
                0x08000250                __aeabi_dadd
                0x08000250                __adddf3
                0x080004c8                __floatunsidf
                0x080004c8                __aeabi_ui2d
                0x080004e8                __floatsidf
                0x080004e8                __aeabi_i2d
                0x0800050c                __aeabi_f2d
                0x0800050c                __extendsfdf2
                0x08000548                __floatundidf
                0x08000548                __aeabi_ul2d
                0x08000558                __floatdidf
                0x08000558                __aeabi_l2d
 .text          0x080005b4      0x424 c:/program files (x86)/gnu tools arm embedded/5.4 2016q3/bin/../lib/gcc/arm-none-eabi/5.4.1/armv7-m\libgcc.a(_arm_muldivdf3.o)
                0x080005b4                __aeabi_dmul
                0x080005b4                __muldf3
                0x08000808                __divdf3
                0x08000808                __aeabi_ddiv
 .text          0x080009d8       0xa0 c:/program files (x86)/gnu tools arm embedded/5.4 2016q3/bin/../lib/gcc/arm-none-eabi/5.4.1/armv7-m\libgcc.a(_arm_truncdfsf2.o)
                0x080009d8                __truncdfsf2
                0x080009d8                __aeabi_d2f
 .text          0x08000a78      0x21c c:/program files (x86)/gnu tools arm embedded/5.4 2016q3/bin/../lib/gcc/arm-none-eabi/5.4.1/armv7-m\libgcc.a(_arm_addsubsf3.o)
                0x08000a78                __aeabi_frsub
                0x08000a80                __subsf3
                0x08000a80                __aeabi_fsub
                0x08000a84                __aeabi_fadd
                0x08000a84                __addsf3
                0x08000be4                __aeabi_ui2f
                0x08000be4                __floatunsisf
                0x08000bec                __aeabi_i2f
                0x08000bec                __floatsisf
                0x08000c08                __aeabi_ul2f
                0x08000c08                __floatundisf
                0x08000c18                __aeabi_l2f
                0x08000c18                __floatdisf
 .text          0x08000c94      0x2a0 c:/program files (x86)/gnu tools arm embedded/5.4 2016q3/bin/../lib/gcc/arm-none-eabi/5.4.1/armv7-m\libgcc.a(_arm_muldivsf3.o)
                0x08000c94                __mulsf3
                0x08000c94                __aeabi_fmul
                0x08000dfc                __aeabi_fdiv
                0x08000dfc                __divsf3
 .text          0x08000f34       0xec c:/program files (x86)/gnu tools arm embedded/5.4 2016q3/bin/../lib/gcc/arm-none-eabi/5.4.1/armv7-m\libgcc.a(_arm_cmpsf2.o)
                0x08000f34                __gesf2
                0x08000f34                __gtsf2
                0x08000f3c                __lesf2
                0x08000f3c                __ltsf2
                0x08000f44                __nesf2
                0x08000f44                __eqsf2
                0x08000f44                __cmpsf2
                0x08000fa4                __aeabi_cfrcmple
                0x08000fac                __aeabi_cfcmpeq
                0x08000fac                __aeabi_cfcmple
                0x08000fbc                __aeabi_fcmpeq
                0x08000fd0                __aeabi_fcmplt
                0x08000fe4                __aeabi_fcmple
                0x08000ff8                __aeabi_fcmpge
                0x0800100c                __aeabi_fcmpgt
 .text          0x08001020       0x2c c:/program files (x86)/gnu tools arm embedded/5.4 2016q3/bin/../lib/gcc/arm-none-eabi/5.4.1/armv7-m\libgcc.a(_arm_unordsf2.o)
                0x08001020                __unordsf2
                0x08001020                __aeabi_fcmpun
 .text          0x0800104c       0x4c c:/program files (x86)/gnu tools arm embedded/5.4 2016q3/bin/../lib/gcc/arm-none-eabi/5.4.1/armv7-m\libgcc.a(_arm_fixsfsi.o)
                0x0800104c                __aeabi_f2iz
                0x0800104c                __fixsfsi
 .text          0x08001098       0x28 c:/program files (x86)/gnu tools arm embedded/5.4 2016q3/bin/../lib/gcc/arm-none-eabi/5.4.1/armv7-m\libgcc.a(_fixsfdi.o)
                0x08001098                __fixsfdi
                0x08001098                __aeabi_f2lz
 .text          0x080010c0       0x30 c:/program files (x86)/gnu tools arm embedded/5.4 2016q3/bin/../lib/gcc/arm-none-eabi/5.4.1/armv7-m\libgcc.a(_fixdfdi.o)
                0x080010c0                __fixdfdi
                0x080010c0                __aeabi_d2lz
 .text          0x080010f0       0x4c c:/program files (x86)/gnu tools arm embedded/5.4 2016q3/bin/../lib/gcc/arm-none-eabi/5.4.1/armv7-m\libgcc.a(_fixunssfdi.o)
                0x080010f0                __fixunssfdi
                0x080010f0                __aeabi_f2ulz
 .text          0x0800113c       0x48 c:/program files (x86)/gnu tools arm embedded/5.4 2016q3/bin/../lib/gcc/arm-none-eabi/5.4.1/armv7-m\libgcc.a(_fixunsdfdi.o)
                0x0800113c                __fixunsdfdi
                0x0800113c                __aeabi_d2ulz
 .text          0x08001184      0x110 c:/program files (x86)/gnu tools arm embedded/5.4 2016q3/bin/../lib/gcc/arm-none-eabi/5.4.1/armv7-m\libgcc.a(_arm_cmpdf2.o)
                0x08001184                __gtdf2
                0x08001184                __gedf2
                0x0800118c                __ltdf2
                0x0800118c                __ledf2
                0x08001194                __nedf2
                0x08001194                __eqdf2
                0x08001194                __cmpdf2
                0x08001210                __aeabi_cdrcmple
                0x08001220                __aeabi_cdcmpeq
                0x08001220                __aeabi_cdcmple
                0x08001230                __aeabi_dcmpeq
                0x08001244                __aeabi_dcmplt
                0x08001258                __aeabi_dcmple
                0x0800126c                __aeabi_dcmpge
                0x08001280                __aeabi_dcmpgt
 .text          0x08001294       0x40 c:/program files (x86)/gnu tools arm embedded/5.4 2016q3/bin/../lib/gcc/arm-none-eabi/5.4.1/armv7-m\libgcc.a(_arm_fixunsdfsi.o)
                0x08001294                __aeabi_d2uiz
                0x08001294                __fixunsdfsi
 .text          0x080012d4       0xec c:/program files (x86)/gnu tools arm embedded/5.4 2016q3/bin/../lib/gcc/arm-none-eabi/5.4.1/../../../../arm-none-eabi/lib/armv7-m\libc.a(lib_a-memcpy.o)
                0x080012d4                memcpy
 *(.text*)
 .text.__libc_init_array
                0x080013c0       0x50 c:/program files (x86)/gnu tools arm embedded/5.4 2016q3/bin/../lib/gcc/arm-none-eabi/5.4.1/../../../../arm-none-eabi/lib/armv7-m\libc.a(lib_a-init.o)
                0x080013c0                __libc_init_array
 .text.memset   0x08001410       0x9c c:/program files (x86)/gnu tools arm embedded/5.4 2016q3/bin/../lib/gcc/arm-none-eabi/5.4.1/../../../../arm-none-eabi/lib/armv7-m\libc.a(lib_a-memset.o)
                0x08001410                memset
 .text.startup.register_fini
                0x080014ac       0x14 c:/program files (x86)/gnu tools arm embedded/5.4 2016q3/bin/../lib/gcc/arm-none-eabi/5.4.1/../../../../arm-none-eabi/lib/armv7-m\libc.a(lib_a-__call_atexit.o)
 .text.atexit   0x080014c0        0xc c:/program files (x86)/gnu tools arm embedded/5.4 2016q3/bin/../lib/gcc/arm-none-eabi/5.4.1/../../../../arm-none-eabi/lib/armv7-m\libc.a(lib_a-atexit.o)
                0x080014c0                atexit
 .text.__libc_fini_array
                0x080014cc       0x28 c:/program files (x86)/gnu tools arm embedded/5.4 2016q3/bin/../lib/gcc/arm-none-eabi/5.4.1/../../../../arm-none-eabi/lib/armv7-m\libc.a(lib_a-fini.o)
                0x080014cc                __libc_fini_array
 .text.__register_exitproc
                0x080014f4       0xa4 c:/program files (x86)/gnu tools arm embedded/5.4 2016q3/bin/../lib/gcc/arm-none-eabi/5.4.1/../../../../arm-none-eabi/lib/armv7-m\libc.a(lib_a-__atexit.o)
                0x080014f4                __register_exitproc
 .text.RTC_WaitForLastTask
                0x08001598       0x20 ..\obj\stm32f10x_rtc.o
                0x08001598                RTC_WaitForLastTask
 .text.RTC_GetITStatus
                0x080015b8       0x50 ..\obj\stm32f10x_rtc.o
                0x080015b8                RTC_GetITStatus
 .text.RTC_ClearITPendingBit
                0x08001608       0x2c ..\obj\stm32f10x_rtc.o
                0x08001608                RTC_ClearITPendingBit
 .text.USB_OTG_EnableCommonInt
                0x08001634       0x44 ..\obj\usb_core.o
 .text.USB_OTG_CoreReset
                0x08001678       0x90 ..\obj\usb_core.o
 .text.USB_OTG_WritePacket
                0x08001708       0x74 ..\obj\usb_core.o
                0x08001708                USB_OTG_WritePacket
 .text.USB_OTG_ReadPacket
                0x0800177c       0x58 ..\obj\usb_core.o
                0x0800177c                USB_OTG_ReadPacket
 .text.USB_OTG_SelectCore
                0x080017d4      0x174 ..\obj\usb_core.o
                0x080017d4                USB_OTG_SelectCore
 .text.USB_OTG_CoreInit
                0x08001948      0x134 ..\obj\usb_core.o
                0x08001948                USB_OTG_CoreInit
 .text.USB_OTG_EnableGlobalInt
                0x08001a7c       0x34 ..\obj\usb_core.o
                0x08001a7c                USB_OTG_EnableGlobalInt
 .text.USB_OTG_DisableGlobalInt
                0x08001ab0       0x38 ..\obj\usb_core.o
                0x08001ab0                USB_OTG_DisableGlobalInt
 .text.USB_OTG_FlushTxFifo
                0x08001ae8       0x74 ..\obj\usb_core.o
                0x08001ae8                USB_OTG_FlushTxFifo
 .text.USB_OTG_FlushRxFifo
                0x08001b5c       0x60 ..\obj\usb_core.o
                0x08001b5c                USB_OTG_FlushRxFifo
 .text.USB_OTG_SetCurrentMode
                0x08001bbc       0x60 ..\obj\usb_core.o
                0x08001bbc                USB_OTG_SetCurrentMode
 .text.USB_OTG_GetMode
                0x08001c1c       0x1c ..\obj\usb_core.o
                0x08001c1c                USB_OTG_GetMode
 .text.USB_OTG_IsDeviceMode
                0x08001c38       0x24 ..\obj\usb_core.o
                0x08001c38                USB_OTG_IsDeviceMode
 .text.USB_OTG_ReadCoreItr
                0x08001c5c       0x2c ..\obj\usb_core.o
                0x08001c5c                USB_OTG_ReadCoreItr
 .text.USB_OTG_InitDevSpeed
                0x08001c88       0x38 ..\obj\usb_core.o
                0x08001c88                USB_OTG_InitDevSpeed
 .text.USB_OTG_CoreInitDev
                0x08001cc0      0x264 ..\obj\usb_core.o
                0x08001cc0                USB_OTG_CoreInitDev
 .text.USB_OTG_EnableDevInt
                0x08001f24       0xa8 ..\obj\usb_core.o
                0x08001f24                USB_OTG_EnableDevInt
 .text.USB_OTG_GetDeviceSpeed
                0x08001fcc       0x48 ..\obj\usb_core.o
                0x08001fcc                USB_OTG_GetDeviceSpeed
 .text.USB_OTG_EP0Activate
                0x08002014       0x74 ..\obj\usb_core.o
                0x08002014                USB_OTG_EP0Activate
 .text.USB_OTG_EPActivate
                0x08002088       0xdc ..\obj\usb_core.o
                0x08002088                USB_OTG_EPActivate
 .text.USB_OTG_EPDeactivate
                0x08002164       0x88 ..\obj\usb_core.o
                0x08002164                USB_OTG_EPDeactivate
 .text.USB_OTG_EPStartXfer
                0x080021ec      0x280 ..\obj\usb_core.o
                0x080021ec                USB_OTG_EPStartXfer
 .text.USB_OTG_EP0StartXfer
                0x0800246c      0x1d4 ..\obj\usb_core.o
                0x0800246c                USB_OTG_EP0StartXfer
 .text.USB_OTG_EPSetStall
                0x08002640       0x84 ..\obj\usb_core.o
                0x08002640                USB_OTG_EPSetStall
 .text.USB_OTG_EPClearStall
                0x080026c4       0x74 ..\obj\usb_core.o
                0x080026c4                USB_OTG_EPClearStall
 .text.USB_OTG_ReadDevAllOutEp_itr
                0x08002738       0x2c ..\obj\usb_core.o
                0x08002738                USB_OTG_ReadDevAllOutEp_itr
 .text.USB_OTG_ReadDevOutEP_itr
                0x08002764       0x34 ..\obj\usb_core.o
                0x08002764                USB_OTG_ReadDevOutEP_itr
 .text.USB_OTG_ReadDevAllInEPItr
                0x08002798       0x2c ..\obj\usb_core.o
                0x08002798                USB_OTG_ReadDevAllInEPItr
 .text.USB_OTG_EP0_OutStart
                0x080027c4       0x70 ..\obj\usb_core.o
                0x080027c4                USB_OTG_EP0_OutStart
 .text.USB_OTG_UngateClock
                0x08002834       0x54 ..\obj\usb_core.o
                0x08002834                USB_OTG_UngateClock
 .text.USBD_USR_Init
                0x08002888        0xc ..\obj\usbd_usr.o
                0x08002888                USBD_USR_Init
 .text.USBD_USR_DeviceReset
                0x08002894       0x20 ..\obj\usbd_usr.o
                0x08002894                USBD_USR_DeviceReset
 .text.USBD_USR_DeviceConfigured
                0x080028b4        0xc ..\obj\usbd_usr.o
                0x080028b4                USBD_USR_DeviceConfigured
 .text.USBD_USR_DeviceSuspended
                0x080028c0        0xc ..\obj\usbd_usr.o
                0x080028c0                USBD_USR_DeviceSuspended
 .text.USBD_USR_DeviceResumed
                0x080028cc        0xc ..\obj\usbd_usr.o
                0x080028cc                USBD_USR_DeviceResumed
 .text.USBD_USR_DeviceConnected
                0x080028d8        0xc ..\obj\usbd_usr.o
                0x080028d8                USBD_USR_DeviceConnected
 .text.USBD_USR_DeviceDisconnected
                0x080028e4        0xc ..\obj\usbd_usr.o
                0x080028e4                USBD_USR_DeviceDisconnected
 .text.USB_OTG_BSP_Init
                0x080028f0       0x6c ..\obj\deca_usb_bsp_evk1000.o
                0x080028f0                USB_OTG_BSP_Init
 .text.USB_OTG_BSP_EnableInterrupt
                0x0800295c       0x34 ..\obj\deca_usb_bsp_evk1000.o
                0x0800295c                USB_OTG_BSP_EnableInterrupt
 .text.USB_OTG_BSP_uDelay
                0x08002990       0x48 ..\obj\deca_usb_bsp_evk1000.o
                0x08002990                USB_OTG_BSP_uDelay
 .text.USB_OTG_BSP_mDelay
                0x080029d8       0x20 ..\obj\deca_usb_bsp_evk1000.o
                0x080029d8                USB_OTG_BSP_mDelay
 .text.SystemInit
                0x080029f8       0x7c ..\obj\system_stm32f10x.o
                0x080029f8                SystemInit
 .text.SetSysClock
                0x08002a74        0xc ..\obj\system_stm32f10x.o
 .text.SetSysClockTo72
                0x08002a80      0x138 ..\obj\system_stm32f10x.o
 .text.dwt_initialise
                0x08002bb8      0x14c ..\obj\deca_device.o
                0x08002bb8                dwt_initialise
 .text.dwt_readdevid
                0x08002d04       0x14 ..\obj\deca_device.o
                0x08002d04                dwt_readdevid
 .text.dwt_configure
                0x08002d18      0x2bc ..\obj\deca_device.o
                0x08002d18                dwt_configure
 .text.dwt_setrxantennadelay
                0x08002fd4       0x20 ..\obj\deca_device.o
                0x08002fd4                dwt_setrxantennadelay
 .text.dwt_settxantennadelay
                0x08002ff4       0x20 ..\obj\deca_device.o
                0x08002ff4                dwt_settxantennadelay
 .text.dwt_readrxdata
                0x08003014       0x24 ..\obj\deca_device.o
                0x08003014                dwt_readrxdata
 .text.dwt_readrxtimestamp
                0x08003038       0x1c ..\obj\deca_device.o
                0x08003038                dwt_readrxtimestamp
 .text.dwt_writetodevice
                0x08003054       0xb8 ..\obj\deca_device.o
                0x08003054                dwt_writetodevice
 .text.dwt_readfromdevice
                0x0800310c       0xb4 ..\obj\deca_device.o
                0x0800310c                dwt_readfromdevice
 .text.dwt_read32bitoffsetreg
                0x080031c0       0x50 ..\obj\deca_device.o
                0x080031c0                dwt_read32bitoffsetreg
 .text.dwt_read16bitoffsetreg
                0x08003210       0x3c ..\obj\deca_device.o
                0x08003210                dwt_read16bitoffsetreg
 .text.dwt_read8bitoffsetreg
                0x0800324c       0x28 ..\obj\deca_device.o
                0x0800324c                dwt_read8bitoffsetreg
 .text.dwt_write8bitoffsetreg
                0x08003274       0x28 ..\obj\deca_device.o
                0x08003274                dwt_write8bitoffsetreg
 .text.dwt_write16bitoffsetreg
                0x0800329c       0x38 ..\obj\deca_device.o
                0x0800329c                dwt_write16bitoffsetreg
 .text.dwt_write32bitoffsetreg
                0x080032d4       0x50 ..\obj\deca_device.o
                0x080032d4                dwt_write32bitoffsetreg
 .text._dwt_otpread
                0x08003324       0x40 ..\obj\deca_device.o
                0x08003324                _dwt_otpread
 .text._dwt_aonarrayupload
                0x08003364       0x1c ..\obj\deca_device.o
                0x08003364                _dwt_aonarrayupload
 .text._dwt_configlde
                0x08003380       0x40 ..\obj\deca_device.o
                0x08003380                _dwt_configlde
 .text._dwt_loaducodefromrom
                0x080033c0       0x28 ..\obj\deca_device.o
                0x080033c0                _dwt_loaducodefromrom
 .text.dwt_setsmarttxpower
                0x080033e8       0x50 ..\obj\deca_device.o
                0x080033e8                dwt_setsmarttxpower
 .text.dwt_setcallbacks
                0x08003438       0x34 ..\obj\deca_device.o
                0x08003438                dwt_setcallbacks
 .text.dwt_isr  0x0800346c      0x19c ..\obj\deca_device.o
                0x0800346c                dwt_isr
 .text.dwt_setleds
                0x08003608       0xb8 ..\obj\deca_device.o
                0x08003608                dwt_setleds
 .text._dwt_enableclocks
                0x080036c0      0x134 ..\obj\deca_device.o
                0x080036c0                _dwt_enableclocks
 .text._dwt_disablesequencing
                0x080037f4       0x18 ..\obj\deca_device.o
                0x080037f4                _dwt_disablesequencing
 .text.dwt_forcetrxoff
                0x0800380c       0x60 ..\obj\deca_device.o
                0x0800380c                dwt_forcetrxoff
 .text.dwt_syncrxbufptrs
                0x0800386c       0x34 ..\obj\deca_device.o
                0x0800386c                dwt_syncrxbufptrs
 .text.dwt_rxenable
                0x080038a0       0x84 ..\obj\deca_device.o
                0x080038a0                dwt_rxenable
 .text.dwt_setrxtimeout
                0x08003924       0x78 ..\obj\deca_device.o
                0x08003924                dwt_setrxtimeout
 .text.dwt_setinterrupt
                0x0800399c       0x50 ..\obj\deca_device.o
                0x0800399c                dwt_setinterrupt
 .text.dwt_rxreset
                0x080039ec       0x1c ..\obj\deca_device.o
                0x080039ec                dwt_rxreset
 .text.dwt_softreset
                0x08003a08       0x48 ..\obj\deca_device.o
                0x08003a08                dwt_softreset
 .text.dwt_setxtaltrim
                0x08003a50       0x30 ..\obj\deca_device.o
                0x08003a50                dwt_setxtaltrim
 .text.writetospi
                0x08003a80       0x74 ..\obj\deca_spi.o
                0x08003a80                writetospi
 .text.readfromspi
                0x08003af4       0x78 ..\obj\deca_spi.o
                0x08003af4                readfromspi
 .text.GPIO_Init
                0x08003b6c      0x178 ..\obj\stm32f10x_gpio.o
                0x08003b6c                GPIO_Init
 .text.GPIO_ReadInputDataBit
                0x08003ce4       0x34 ..\obj\stm32f10x_gpio.o
                0x08003ce4                GPIO_ReadInputDataBit
 .text.GPIO_SetBits
                0x08003d18       0x1c ..\obj\stm32f10x_gpio.o
                0x08003d18                GPIO_SetBits
 .text.GPIO_ResetBits
                0x08003d34       0x1c ..\obj\stm32f10x_gpio.o
                0x08003d34                GPIO_ResetBits
 .text.GPIO_PinRemapConfig
                0x08003d50       0xe0 ..\obj\stm32f10x_gpio.o
                0x08003d50                GPIO_PinRemapConfig
 .text.GPIO_EXTILineConfig
                0x08003e30       0x84 ..\obj\stm32f10x_gpio.o
                0x08003e30                GPIO_EXTILineConfig
 .text.USBD_Init
                0x08003eb4       0x90 ..\obj\usbd_core.o
                0x08003eb4                USBD_Init
 .text.USBD_DeInit
                0x08003f44       0x14 ..\obj\usbd_core.o
                0x08003f44                USBD_DeInit
 .text.USBD_SetupStage
                0x08003f58       0x6c ..\obj\usbd_core.o
 .text.USBD_DataOutStage
                0x08003fc4       0xcc ..\obj\usbd_core.o
 .text.USBD_DataInStage
                0x08004090      0x11c ..\obj\usbd_core.o
 .text.USBD_RunTestMode
                0x080041ac       0x24 ..\obj\usbd_core.o
 .text.USBD_Reset
                0x080041d0       0x44 ..\obj\usbd_core.o
 .text.USBD_Resume
                0x08004214       0x30 ..\obj\usbd_core.o
 .text.USBD_Suspend
                0x08004244       0x30 ..\obj\usbd_core.o
 .text.USBD_SOF
                0x08004274       0x2c ..\obj\usbd_core.o
 .text.USBD_SetCfg
                0x080042a0       0x30 ..\obj\usbd_core.o
                0x080042a0                USBD_SetCfg
 .text.USBD_ClrCfg
                0x080042d0       0x28 ..\obj\usbd_core.o
                0x080042d0                USBD_ClrCfg
 .text.USBD_IsoINIncomplete
                0x080042f8       0x20 ..\obj\usbd_core.o
 .text.USBD_IsoOUTIncomplete
                0x08004318       0x20 ..\obj\usbd_core.o
 .text.USBD_DevConnected
                0x08004338       0x24 ..\obj\usbd_core.o
 .text.USBD_DevDisconnected
                0x0800435c       0x34 ..\obj\usbd_core.o
 .text.NVIC_EnableIRQ
                0x08004390       0x30 ..\obj\main.o
 .text.NVIC_DisableIRQ
                0x080043c0       0x34 ..\obj\main.o
 .text.init_deca
                0x080043f4       0x80 ..\obj\main.o
                0x080043f4                init_deca
 .text.serial_checksum
                0x08004474       0xac ..\obj\main.o
                0x08004474                serial_checksum
 .text.main     0x08004520      0x244 ..\obj\main.o
                0x08004520                main
 .text.RCC_DeInit
                0x08004764       0x70 ..\obj\stm32f10x_rcc.o
                0x08004764                RCC_DeInit
 .text.RCC_HSEConfig
                0x080047d4       0x5c ..\obj\stm32f10x_rcc.o
                0x080047d4                RCC_HSEConfig
 .text.RCC_WaitForHSEStartUp
                0x08004830       0x50 ..\obj\stm32f10x_rcc.o
                0x08004830                RCC_WaitForHSEStartUp
 .text.RCC_PLLConfig
                0x08004880       0x3c ..\obj\stm32f10x_rcc.o
                0x08004880                RCC_PLLConfig
 .text.RCC_PLLCmd
                0x080048bc       0x20 ..\obj\stm32f10x_rcc.o
                0x080048bc                RCC_PLLCmd
 .text.RCC_PREDIV1Config
                0x080048dc       0x40 ..\obj\stm32f10x_rcc.o
                0x080048dc                RCC_PREDIV1Config
 .text.RCC_PREDIV2Config
                0x0800491c       0x38 ..\obj\stm32f10x_rcc.o
                0x0800491c                RCC_PREDIV2Config
 .text.RCC_PLL2Config
                0x08004954       0x38 ..\obj\stm32f10x_rcc.o
                0x08004954                RCC_PLL2Config
 .text.RCC_PLL2Cmd
                0x0800498c       0x20 ..\obj\stm32f10x_rcc.o
                0x0800498c                RCC_PLL2Cmd
 .text.RCC_SYSCLKConfig
                0x080049ac       0x38 ..\obj\stm32f10x_rcc.o
                0x080049ac                RCC_SYSCLKConfig
 .text.RCC_GetSYSCLKSource
                0x080049e4       0x1c ..\obj\stm32f10x_rcc.o
                0x080049e4                RCC_GetSYSCLKSource
 .text.RCC_HCLKConfig
                0x08004a00       0x38 ..\obj\stm32f10x_rcc.o
                0x08004a00                RCC_HCLKConfig
 .text.RCC_PCLK1Config
                0x08004a38       0x38 ..\obj\stm32f10x_rcc.o
                0x08004a38                RCC_PCLK1Config
 .text.RCC_PCLK2Config
                0x08004a70       0x38 ..\obj\stm32f10x_rcc.o
                0x08004a70                RCC_PCLK2Config
 .text.RCC_ADCCLKConfig
                0x08004aa8       0x38 ..\obj\stm32f10x_rcc.o
                0x08004aa8                RCC_ADCCLKConfig
 .text.RCC_GetClocksFreq
                0x08004ae0      0x1c8 ..\obj\stm32f10x_rcc.o
                0x08004ae0                RCC_GetClocksFreq
 .text.RCC_AHBPeriphClockCmd
                0x08004ca8       0x3c ..\obj\stm32f10x_rcc.o
                0x08004ca8                RCC_AHBPeriphClockCmd
 .text.RCC_APB2PeriphClockCmd
                0x08004ce4       0x3c ..\obj\stm32f10x_rcc.o
                0x08004ce4                RCC_APB2PeriphClockCmd
 .text.RCC_APB1PeriphClockCmd
                0x08004d20       0x3c ..\obj\stm32f10x_rcc.o
                0x08004d20                RCC_APB1PeriphClockCmd
 .text.RCC_APB2PeriphResetCmd
                0x08004d5c       0x3c ..\obj\stm32f10x_rcc.o
                0x08004d5c                RCC_APB2PeriphResetCmd
 .text.RCC_APB1PeriphResetCmd
                0x08004d98       0x3c ..\obj\stm32f10x_rcc.o
                0x08004d98                RCC_APB1PeriphResetCmd
 .text.RCC_GetFlagStatus
                0x08004dd4       0x74 ..\obj\stm32f10x_rcc.o
                0x08004dd4                RCC_GetFlagStatus
 .text.Reset_Handler
                0x08004e48       0x48 ..\obj\startup_stm32f10x_cl.o
                0x08004e48                Reset_Handler
 .text.Default_Handler
                0x08004e90        0x2 ..\obj\startup_stm32f10x_cl.o
                0x08004e90                EXTI2_IRQHandler
                0x08004e90                TIM1_CC_IRQHandler
                0x08004e90                TIM6_IRQHandler
                0x08004e90                PVD_IRQHandler
                0x08004e90                CAN2_RX1_IRQHandler
                0x08004e90                EXTI3_IRQHandler
                0x08004e90                EXTI0_IRQHandler
                0x08004e90                I2C2_EV_IRQHandler
                0x08004e90                CAN1_RX0_IRQHandler
                0x08004e90                CAN2_SCE_IRQHandler
                0x08004e90                ADC1_2_IRQHandler
                0x08004e90                SPI1_IRQHandler
                0x08004e90                TAMPER_IRQHandler
                0x08004e90                CAN2_RX0_IRQHandler
                0x08004e90                DMA2_Channel2_IRQHandler
                0x08004e90                DMA1_Channel4_IRQHandler
                0x08004e90                USART3_IRQHandler
                0x08004e90                DMA1_Channel7_IRQHandler
                0x08004e90                CAN1_RX1_IRQHandler
                0x08004e90                UART5_IRQHandler
                0x08004e90                TIM4_IRQHandler
                0x08004e90                DMA2_Channel1_IRQHandler
                0x08004e90                I2C1_EV_IRQHandler
                0x08004e90                DMA1_Channel6_IRQHandler
                0x08004e90                UART4_IRQHandler
                0x08004e90                DMA2_Channel4_IRQHandler
                0x08004e90                TIM3_IRQHandler
                0x08004e90                RCC_IRQHandler
                0x08004e90                TIM1_TRG_COM_IRQHandler
                0x08004e90                DMA1_Channel1_IRQHandler
                0x08004e90                Default_Handler
                0x08004e90                EXTI15_10_IRQHandler
                0x08004e90                TIM7_IRQHandler
                0x08004e90                CAN2_TX_IRQHandler
                0x08004e90                TIM5_IRQHandler
                0x08004e90                ETH_WKUP_IRQHandler
                0x08004e90                SPI2_IRQHandler
                0x08004e90                CAN1_TX_IRQHandler
                0x08004e90                DMA2_Channel5_IRQHandler
                0x08004e90                DMA1_Channel5_IRQHandler
                0x08004e90                EXTI4_IRQHandler
                0x08004e90                DMA1_Channel3_IRQHandler
                0x08004e90                ETH_IRQHandler
                0x08004e90                TIM1_UP_IRQHandler
                0x08004e90                WWDG_IRQHandler
                0x08004e90                TIM2_IRQHandler
                0x08004e90                TIM1_BRK_IRQHandler
                0x08004e90                EXTI1_IRQHandler
                0x08004e90                RTCAlarm_IRQHandler
                0x08004e90                USART2_IRQHandler
                0x08004e90                I2C2_ER_IRQHandler
                0x08004e90                DMA1_Channel2_IRQHandler
                0x08004e90                CAN1_SCE_IRQHandler
                0x08004e90                FLASH_IRQHandler
                0x08004e90                USART1_IRQHandler
                0x08004e90                SPI3_IRQHandler
                0x08004e90                I2C1_ER_IRQHandler
                0x08004e90                DMA2_Channel3_IRQHandler
 *fill*         0x08004e92        0x2 
 .text.EXTI_Init
                0x08004e94       0xe4 ..\obj\stm32f10x_exti.o
                0x08004e94                EXTI_Init
 .text.EXTI_ClearITPendingBit
                0x08004f78       0x1c ..\obj\stm32f10x_exti.o
                0x08004f78                EXTI_ClearITPendingBit
 .text.USBD_USR_DeviceDescriptor
                0x08004f94       0x24 ..\obj\usbd_desc.o
                0x08004f94                USBD_USR_DeviceDescriptor
 .text.USBD_USR_LangIDStrDescriptor
                0x08004fb8       0x24 ..\obj\usbd_desc.o
                0x08004fb8                USBD_USR_LangIDStrDescriptor
 .text.USBD_USR_ProductStrDescriptor
                0x08004fdc       0x40 ..\obj\usbd_desc.o
                0x08004fdc                USBD_USR_ProductStrDescriptor
 .text.USBD_USR_ManufacturerStrDescriptor
                0x0800501c       0x28 ..\obj\usbd_desc.o
                0x0800501c                USBD_USR_ManufacturerStrDescriptor
 .text.USBD_USR_SerialStrDescriptor
                0x08005044       0x40 ..\obj\usbd_desc.o
                0x08005044                USBD_USR_SerialStrDescriptor
 .text.USBD_USR_ConfigStrDescriptor
                0x08005084       0x3c ..\obj\usbd_desc.o
                0x08005084                USBD_USR_ConfigStrDescriptor
 .text.USBD_USR_InterfaceStrDescriptor
                0x080050c0       0x3c ..\obj\usbd_desc.o
                0x080050c0                USBD_USR_InterfaceStrDescriptor
 .text.NVIC_EnableIRQ
                0x080050fc       0x30 ..\obj\deca_mutex.o
 .text.NVIC_DisableIRQ
                0x0800512c       0x34 ..\obj\deca_mutex.o
 .text.decamutexon
                0x08005160       0x28 ..\obj\deca_mutex.o
                0x08005160                decamutexon
 .text.decamutexoff
                0x08005188       0x1c ..\obj\deca_mutex.o
                0x08005188                decamutexoff
 .text.DW_VCP_Init
                0x080051a4       0x10 ..\obj\deca_usb.o
                0x080051a4                DW_VCP_Init
 .text.DW_VCP_DeInit
                0x080051b4       0x10 ..\obj\deca_usb.o
                0x080051b4                DW_VCP_DeInit
 .text.DW_VCP_Ctrl
                0x080051c4       0x18 ..\obj\deca_usb.o
                0x080051c4                DW_VCP_Ctrl
 .text.DW_VCP_DataTx
                0x080051dc       0x44 ..\obj\deca_usb.o
                0x080051dc                DW_VCP_DataTx
 .text.DW_VCP_DataRx
                0x08005220      0x130 ..\obj\deca_usb.o
                0x08005220                DW_VCP_DataRx
 .text.process_usbmessage
                0x08005350        0x4 ..\obj\deca_usb.o
                0x08005350                process_usbmessage
 .text.send_usbmessage
                0x08005354       0x40 ..\obj\deca_usb.o
                0x08005354                send_usbmessage
 .text.usb_init
                0x08005394       0x44 ..\obj\deca_usb.o
                0x08005394                usb_init
 .text.usb_run  0x080053d8       0x34 ..\obj\deca_usb.o
                0x080053d8                usb_run
 .text.deca_sleep
                0x0800540c       0x18 ..\obj\deca_sleep.o
                0x0800540c                deca_sleep
 .text.sleep_ms
                0x08005424       0x2c ..\obj\deca_sleep.o
                0x08005424                sleep_ms
 .text.FLASH_SetLatency
                0x08005450       0x38 ..\obj\stm32f10x_flash.o
                0x08005450                FLASH_SetLatency
 .text.FLASH_PrefetchBufferCmd
                0x08005488       0x30 ..\obj\stm32f10x_flash.o
                0x08005488                FLASH_PrefetchBufferCmd
 .text.NMI_Handler
                0x080054b8        0xc ..\obj\stm32f10x_it.o
                0x080054b8                NMI_Handler
 .text.pop_registers_from_fault_stack
                0x080054c4       0x3c ..\obj\stm32f10x_it.o
                0x080054c4                pop_registers_from_fault_stack
 .text.HardFault_Handler
                0x08005500       0x20 ..\obj\stm32f10x_it.o
                0x08005500                HardFault_Handler
 .text.MemManage_Handler
                0x08005520        0x8 ..\obj\stm32f10x_it.o
                0x08005520                MemManage_Handler
 .text.BusFault_Handler
                0x08005528        0x8 ..\obj\stm32f10x_it.o
                0x08005528                BusFault_Handler
 .text.UsageFault_Handler
                0x08005530        0x8 ..\obj\stm32f10x_it.o
                0x08005530                UsageFault_Handler
 .text.SVC_Handler
                0x08005538        0xc ..\obj\stm32f10x_it.o
                0x08005538                SVC_Handler
 .text.DebugMon_Handler
                0x08005544        0xc ..\obj\stm32f10x_it.o
                0x08005544                DebugMon_Handler
 .text.PendSV_Handler
                0x08005550        0xc ..\obj\stm32f10x_it.o
                0x08005550                PendSV_Handler
 .text.RTC_IRQHandler
                0x0800555c       0x20 ..\obj\stm32f10x_it.o
                0x0800555c                RTC_IRQHandler
 .text.SysTick_Handler
                0x0800557c       0x1c ..\obj\stm32f10x_it.o
                0x0800557c                SysTick_Handler
 .text.EXTI9_5_IRQHandler
                0x08005598       0x2c ..\obj\stm32f10x_it.o
                0x08005598                EXTI9_5_IRQHandler
 .text.OTG_FS_WKUP_IRQHandler
                0x080055c4       0x38 ..\obj\stm32f10x_it.o
                0x080055c4                OTG_FS_WKUP_IRQHandler
 .text.OTG_FS_IRQHandler
                0x080055fc       0x14 ..\obj\stm32f10x_it.o
                0x080055fc                OTG_FS_IRQHandler
 .text.USBD_StdDevReq
                0x08005610       0xa0 ..\obj\usbd_req.o
                0x08005610                USBD_StdDevReq
 .text.USBD_StdItfReq
                0x080056b0       0x68 ..\obj\usbd_req.o
                0x080056b0                USBD_StdItfReq
 .text.USBD_StdEPReq
                0x08005718      0x1b0 ..\obj\usbd_req.o
                0x08005718                USBD_StdEPReq
 .text.USBD_GetDescriptor
                0x080058c8      0x1a8 ..\obj\usbd_req.o
 .text.USBD_SetAddress
                0x08005a70       0x7c ..\obj\usbd_req.o
 .text.USBD_SetConfig
                0x08005aec       0xf4 ..\obj\usbd_req.o
 .text.USBD_GetConfig
                0x08005be0       0x60 ..\obj\usbd_req.o
 .text.USBD_GetStatus
                0x08005c40       0x54 ..\obj\usbd_req.o
 .text.USBD_SetFeature
                0x08005c94       0xd8 ..\obj\usbd_req.o
 .text.USBD_ClrFeature
                0x08005d6c       0x50 ..\obj\usbd_req.o
 .text.USBD_ParseSetupRequest
                0x08005dbc       0x90 ..\obj\usbd_req.o
                0x08005dbc                USBD_ParseSetupRequest
 .text.USBD_CtlError
                0x08005e4c       0x28 ..\obj\usbd_req.o
                0x08005e4c                USBD_CtlError
 .text.USBD_GetString
                0x08005e74       0x88 ..\obj\usbd_req.o
                0x08005e74                USBD_GetString
 .text.USBD_GetLen
                0x08005efc       0x30 ..\obj\usbd_req.o
 .text.USBD_OTG_ISR_Handler
                0x08005f2c      0x190 ..\obj\usb_dcd_int.o
                0x08005f2c                USBD_OTG_ISR_Handler
 .text.DCD_SessionRequest_ISR
                0x080060bc       0x34 ..\obj\usb_dcd_int.o
 .text.DCD_OTG_ISR
                0x080060f0       0x3c ..\obj\usb_dcd_int.o
 .text.DCD_HandleResume_ISR
                0x0800612c       0x80 ..\obj\usb_dcd_int.o
 .text.DCD_HandleUSBSuspend_ISR
                0x080061ac       0xbc ..\obj\usb_dcd_int.o
 .text.DCD_HandleInEP_ISR
                0x08006268      0x19c ..\obj\usb_dcd_int.o
 .text.DCD_HandleOutEP_ISR
                0x08006404      0x150 ..\obj\usb_dcd_int.o
 .text.DCD_HandleSof_ISR
                0x08006554       0x34 ..\obj\usb_dcd_int.o
 .text.DCD_HandleRxStatusQueueLevel_ISR
                0x08006588      0x104 ..\obj\usb_dcd_int.o
 .text.DCD_WriteEmptyTxFifo
                0x0800668c      0x110 ..\obj\usb_dcd_int.o
 .text.DCD_HandleUsbReset_ISR
                0x0800679c      0x120 ..\obj\usb_dcd_int.o
 .text.DCD_HandleEnumDone_ISR
                0x080068bc       0x78 ..\obj\usb_dcd_int.o
 .text.DCD_IsoINIncomplete_ISR
                0x08006934       0x34 ..\obj\usb_dcd_int.o
 .text.DCD_IsoOUTIncomplete_ISR
                0x08006968       0x34 ..\obj\usb_dcd_int.o
 .text.DCD_ReadDevInEP
                0x0800699c       0x50 ..\obj\usb_dcd_int.o
 .text.usbd_cdc_Init
                0x080069ec       0x6c ..\obj\usbd_cdc_core.o
 .text.usbd_cdc_DeInit
                0x08006a58       0x38 ..\obj\usbd_cdc_core.o
 .text.usbd_cdc_Setup
                0x08006a90      0x128 ..\obj\usbd_cdc_core.o
 .text.usbd_cdc_EP0_RxReady
                0x08006bb8       0x40 ..\obj\usbd_cdc_core.o
 .text.usbd_cdc_DataIn
                0x08006bf8       0xa8 ..\obj\usbd_cdc_core.o
 .text.usbd_cdc_DataOut
                0x08006ca0       0x4c ..\obj\usbd_cdc_core.o
 .text.usbd_cdc_SOF
                0x08006cec       0x30 ..\obj\usbd_cdc_core.o
 .text.Handle_USBAsynchXfer
                0x08006d1c       0xe0 ..\obj\usbd_cdc_core.o
 .text.USBD_cdc_GetCfgDesc
                0x08006dfc       0x24 ..\obj\usbd_cdc_core.o
 .text.writetoLCD
                0x08006e20       0xc0 ..\obj\lcd.o
                0x08006e20                writetoLCD
 .text.lcd_display_str
                0x08006ee0       0x48 ..\obj\lcd.o
                0x08006ee0                lcd_display_str
 .text.NVIC_PriorityGroupConfig
                0x08006f28       0x24 ..\obj\misc.o
                0x08006f28                NVIC_PriorityGroupConfig
 .text.NVIC_Init
                0x08006f4c       0xc4 ..\obj\misc.o
                0x08006f4c                NVIC_Init
 .text.DCD_Init
                0x08007010      0x108 ..\obj\usb_dcd.o
                0x08007010                DCD_Init
 .text.DCD_EP_Open
                0x08007118       0xb0 ..\obj\usb_dcd.o
                0x08007118                DCD_EP_Open
 .text.DCD_EP_Close
                0x080071c8       0x78 ..\obj\usb_dcd.o
                0x080071c8                DCD_EP_Close
 .text.DCD_EP_PrepareRx
                0x08007240       0x84 ..\obj\usb_dcd.o
                0x08007240                DCD_EP_PrepareRx
 .text.DCD_EP_Tx
                0x080072c4       0x78 ..\obj\usb_dcd.o
                0x080072c4                DCD_EP_Tx
 .text.DCD_EP_Stall
                0x0800733c       0x7c ..\obj\usb_dcd.o
                0x0800733c                DCD_EP_Stall
 .text.DCD_EP_ClrStall
                0x080073b8       0x7c ..\obj\usb_dcd.o
                0x080073b8                DCD_EP_ClrStall
 .text.DCD_EP_SetAddress
                0x08007434       0x3c ..\obj\usb_dcd.o
                0x08007434                DCD_EP_SetAddress
 .text.SPI_I2S_DeInit
                0x08007470       0x74 ..\obj\stm32f10x_spi.o
                0x08007470                SPI_I2S_DeInit
 .text.SPI_Init
                0x080074e4       0x88 ..\obj\stm32f10x_spi.o
                0x080074e4                SPI_Init
 .text.SPI_Cmd  0x0800756c       0x40 ..\obj\stm32f10x_spi.o
                0x0800756c                SPI_Cmd
 .text.SPI_I2S_SendData
                0x080075ac       0x1c ..\obj\stm32f10x_spi.o
                0x080075ac                SPI_I2S_SendData
 .text.SPI_I2S_ReceiveData
                0x080075c8       0x18 ..\obj\stm32f10x_spi.o
                0x080075c8                SPI_I2S_ReceiveData
 .text.SPI_SSOutputCmd
                0x080075e0       0x40 ..\obj\stm32f10x_spi.o
                0x080075e0                SPI_SSOutputCmd
 .text.SPI_I2S_GetFlagStatus
                0x08007620       0x38 ..\obj\stm32f10x_spi.o
                0x08007620                SPI_I2S_GetFlagStatus
 .text.USBD_CtlSendData
                0x08007658       0x40 ..\obj\usbd_ioreq.o
                0x08007658                USBD_CtlSendData
 .text.USBD_CtlContinueSendData
                0x08007698       0x28 ..\obj\usbd_ioreq.o
                0x08007698                USBD_CtlContinueSendData
 .text.USBD_CtlPrepareRx
                0x080076c0       0x40 ..\obj\usbd_ioreq.o
                0x080076c0                USBD_CtlPrepareRx
 .text.USBD_CtlContinueRx
                0x08007700       0x28 ..\obj\usbd_ioreq.o
                0x08007700                USBD_CtlContinueRx
 .text.USBD_CtlSendStatus
                0x08007728       0x30 ..\obj\usbd_ioreq.o
                0x08007728                USBD_CtlSendStatus
 .text.USBD_CtlReceiveStatus
                0x08007758       0x30 ..\obj\usbd_ioreq.o
                0x08007758                USBD_CtlReceiveStatus
 .text.NVIC_EnableIRQ
                0x08007788       0x30 ..\obj\port_deca.o
 .text.NVIC_DisableIRQ
                0x080077b8       0x34 ..\obj\port_deca.o
 .text.NVIC_SetPriority
                0x080077ec       0x54 ..\obj\port_deca.o
 .text.SysTick_Config
                0x08007840       0x44 ..\obj\port_deca.o
 .text.portGetTickCnt
                0x08007884       0x14 ..\obj\port_deca.o
                0x08007884                portGetTickCnt
 .text.SysTick_Configuration
                0x08007898       0x38 ..\obj\port_deca.o
                0x08007898                SysTick_Configuration
 .text.NVIC_Configuration
                0x080078d0       0x68 ..\obj\port_deca.o
                0x080078d0                NVIC_Configuration
 .text.EXTI_GetITEnStatus
                0x08007938       0x3c ..\obj\port_deca.o
                0x08007938                EXTI_GetITEnStatus
 .text.port_set_deca_isr
                0x08007974       0x3c ..\obj\port_deca.o
                0x08007974                port_set_deca_isr
 .text.RCC_Configuration
                0x080079b0       0xd4 ..\obj\port_deca.o
                0x080079b0                RCC_Configuration
 .text.SPI_ChangeRate
                0x08007a84       0x38 ..\obj\port_deca.o
                0x08007a84                SPI_ChangeRate
 .text.spi_set_rate_low
                0x08007abc       0x10 ..\obj\port_deca.o
                0x08007abc                spi_set_rate_low
 .text.spi_set_rate_high
                0x08007acc       0x10 ..\obj\port_deca.o
                0x08007acc                spi_set_rate_high
 .text.SPI_Configuration
                0x08007adc       0xa8 ..\obj\port_deca.o
                0x08007adc                SPI_Configuration
 .text.SPI2_Configuration
                0x08007b84       0xe0 ..\obj\port_deca.o
                0x08007b84                SPI2_Configuration
 .text.GPIO_Configuration
                0x08007c64       0xc0 ..\obj\port_deca.o
                0x08007c64                GPIO_Configuration
 .text.reset_DW1000
                0x08007d24       0x4c ..\obj\port_deca.o
                0x08007d24                reset_DW1000
 .text.is_button_low
                0x08007d70       0x30 ..\obj\port_deca.o
                0x08007d70                is_button_low
 .text.is_switch_on
                0x08007da0       0x30 ..\obj\port_deca.o
                0x08007da0                is_switch_on
 .text.led_off  0x08007dd0       0x74 ..\obj\port_deca.o
                0x08007dd0                led_off
 .text.led_on   0x08007e44       0x74 ..\obj\port_deca.o
                0x08007e44                led_on
 .text.LCD_Configuration
                0x08007eb8       0x58 ..\obj\port_deca.o
 .text.spi_peripheral_init
                0x08007f10       0x30 ..\obj\port_deca.o
 .text.peripherals_init
                0x08007f40       0x20 ..\obj\port_deca.o
                0x08007f40                peripherals_init
 .text.tdoa_init
                0x08007f60       0x8c ..\obj\tdoa_tag.o
                0x08007f60                tdoa_init
 .text.calcClockCorrection
                0x08007fec       0x38 ..\obj\tdoa_tag.o
                0x08007fec                calcClockCorrection
 .text.truncateToTimeStamp
                0x08008024       0x2c ..\obj\tdoa_tag.o
                0x08008024                truncateToTimeStamp
 .text.timestampToUint64
                0x08008050       0x34 ..\obj\tdoa_tag.o
                0x08008050                timestampToUint64
 *fill*         0x08008084        0x4 
 .text.rx_ok_cb
                0x08008088      0x4a4 ..\obj\tdoa_tag.o
                0x08008088                rx_ok_cb
 .text.rx_to_cb
                0x0800852c       0x18 ..\obj\tdoa_tag.o
                0x0800852c                rx_to_cb
 .text.rx_err_cb
                0x08008544       0x18 ..\obj\tdoa_tag.o
                0x08008544                rx_err_cb
 .text.dwCorrectTimestamp
                0x0800855c      0x284 ..\obj\tdoa_tag.o
                0x0800855c                dwCorrectTimestamp
 .text.dwGetReceivePower
                0x080087e0       0x5c ..\obj\tdoa_tag.o
                0x080087e0                dwGetReceivePower
 .text.calculatePower
                0x0800883c       0xb4 ..\obj\tdoa_tag.o
                0x0800883c                calculatePower
 .text.log10f   0x080088f0       0xe8 c:/program files (x86)/gnu tools arm embedded/5.4 2016q3/bin/../lib/gcc/arm-none-eabi/5.4.1/../../../../arm-none-eabi/lib/armv7-m\libm.a(lib_a-wf_log10.o)
                0x080088f0                log10f
 .text.__ieee754_log10f
                0x080089d8       0xa4 c:/program files (x86)/gnu tools arm embedded/5.4 2016q3/bin/../lib/gcc/arm-none-eabi/5.4.1/../../../../arm-none-eabi/lib/armv7-m\libm.a(lib_a-ef_log10.o)
                0x080089d8                __ieee754_log10f
 .text.matherr  0x08008a7c        0x4 c:/program files (x86)/gnu tools arm embedded/5.4 2016q3/bin/../lib/gcc/arm-none-eabi/5.4.1/../../../../arm-none-eabi/lib/armv7-m\libm.a(lib_a-s_matherr.o)
                0x08008a7c                matherr
 .text.nan      0x08008a80        0xc c:/program files (x86)/gnu tools arm embedded/5.4 2016q3/bin/../lib/gcc/arm-none-eabi/5.4.1/../../../../arm-none-eabi/lib/armv7-m\libm.a(lib_a-s_nan.o)
                0x08008a80                nan
 .text.__ieee754_logf
                0x08008a8c      0x284 c:/program files (x86)/gnu tools arm embedded/5.4 2016q3/bin/../lib/gcc/arm-none-eabi/5.4.1/../../../../arm-none-eabi/lib/armv7-m\libm.a(lib_a-ef_log.o)
                0x08008a8c                __ieee754_logf
 .text.__errno  0x08008d10        0xc c:/program files (x86)/gnu tools arm embedded/5.4 2016q3/bin/../lib/gcc/arm-none-eabi/5.4.1/../../../../arm-none-eabi/lib/armv7-m\libc.a(lib_a-errno.o)
                0x08008d10                __errno
 .text.strlen   0x08008d1c       0x5c c:/program files (x86)/gnu tools arm embedded/5.4 2016q3/bin/../lib/gcc/arm-none-eabi/5.4.1/../../../../arm-none-eabi/lib/armv7-m\libc.a(lib_a-strlen-stub.o)
                0x08008d1c                strlen
 *(.rodata)
 .rodata        0x08008d78       0x61 ..\obj\main.o
 *fill*         0x08008dd9        0x3 
 .rodata        0x08008ddc       0x96 ..\obj\usbd_desc.o
 *fill*         0x08008e72        0x2 
 .rodata        0x08008e74       0xb2 ..\obj\deca_params_init.o
                0x08008e74                chan_idx
                0x08008e7c                tx_config
                0x08008e94                fs_pll_cfg
                0x08008eac                fs_pll_tune
                0x08008eb4                rx_config
                0x08008eb8                agc_config
                0x08008ec0                dwnsSFDlen
                0x08008ec4                sftsh
                0x08008ed0                dtune1
                0x08008ed4                digital_bb_config
                0x08008ef4                lde_replicaCoeff
 *fill*         0x08008f26        0x2 
 .rodata        0x08008f28        0x9 ..\obj\port_deca.o
 *fill*         0x08008f31        0x3 
 .rodata        0x08008f34       0x52 ..\obj\tdoa_tag.o
 *(.rodata*)
 *fill*         0x08008f86        0x2 
 .rodata._global_impure_ptr
                0x08008f88        0x4 c:/program files (x86)/gnu tools arm embedded/5.4 2016q3/bin/../lib/gcc/arm-none-eabi/5.4.1/../../../../arm-none-eabi/lib/armv7-m\libc.a(lib_a-impure.o)
                0x08008f88                _global_impure_ptr
 .rodata.str1.4
                0x08008f8c        0xc c:/program files (x86)/gnu tools arm embedded/5.4 2016q3/bin/../lib/gcc/arm-none-eabi/5.4.1/../../../../arm-none-eabi/lib/armv7-m\libm.a(lib_a-wf_log10.o)
                                  0x9 (size before relaxing)
 *(.glue_7)
 .glue_7        0x08008f98        0x0 linker stubs
 *(.glue_7t)
 .glue_7t       0x08008f98        0x0 linker stubs
 *(.eh_frame)
 .eh_frame      0x08008f98        0x0 c:/program files (x86)/gnu tools arm embedded/5.4 2016q3/bin/../lib/gcc/arm-none-eabi/5.4.1/armv7-m/crtbegin.o
 *(.init)
 .init          0x08008f98        0x4 c:/program files (x86)/gnu tools arm embedded/5.4 2016q3/bin/../lib/gcc/arm-none-eabi/5.4.1/armv7-m/crti.o
                0x08008f98                _init
 .init          0x08008f9c        0x8 c:/program files (x86)/gnu tools arm embedded/5.4 2016q3/bin/../lib/gcc/arm-none-eabi/5.4.1/armv7-m/crtn.o
 *(.fini)
 .fini          0x08008fa4        0x4 c:/program files (x86)/gnu tools arm embedded/5.4 2016q3/bin/../lib/gcc/arm-none-eabi/5.4.1/armv7-m/crti.o
                0x08008fa4                _fini
 .fini          0x08008fa8        0x8 c:/program files (x86)/gnu tools arm embedded/5.4 2016q3/bin/../lib/gcc/arm-none-eabi/5.4.1/armv7-m/crtn.o
                0x08008fb0                . = ALIGN (0x4)
                0x08008fb0                _etext = .

.vfp11_veneer   0x08008fb0        0x0
 .vfp11_veneer  0x08008fb0        0x0 linker stubs

.v4_bx          0x08008fb0        0x0
 .v4_bx         0x08008fb0        0x0 linker stubs

.iplt           0x08008fb0        0x0
 .iplt          0x08008fb0        0x0 c:/program files (x86)/gnu tools arm embedded/5.4 2016q3/bin/../lib/gcc/arm-none-eabi/5.4.1/armv7-m/crtbegin.o

.rel.dyn        0x08008fb0        0x0
 .rel.iplt      0x08008fb0        0x0 c:/program files (x86)/gnu tools arm embedded/5.4 2016q3/bin/../lib/gcc/arm-none-eabi/5.4.1/armv7-m/crtbegin.o

.ARM.extab
 *(.ARM.extab* .gnu.linkonce.armextab.*)

.ARM            0x08008fb0        0x0
                0x08008fb0                __exidx_start = .
 *(.ARM.exidx*)
                0x08008fb0                __exidx_end = .

.preinit_array  0x08008fb0        0x0
                0x08008fb0                PROVIDE (__preinit_array_start, .)
 *(.preinit_array*)
                0x08008fb0                PROVIDE (__preinit_array_end, .)

.init_array     0x08008fb0        0x8
                0x08008fb0                PROVIDE (__init_array_start, .)
 *(SORT(.init_array.*))
 .init_array.00000
                0x08008fb0        0x4 c:/program files (x86)/gnu tools arm embedded/5.4 2016q3/bin/../lib/gcc/arm-none-eabi/5.4.1/../../../../arm-none-eabi/lib/armv7-m\libc.a(lib_a-__call_atexit.o)
 *(.init_array*)
 .init_array    0x08008fb4        0x4 c:/program files (x86)/gnu tools arm embedded/5.4 2016q3/bin/../lib/gcc/arm-none-eabi/5.4.1/armv7-m/crtbegin.o
                0x08008fb8                PROVIDE (__init_array_end, .)

.fini_array     0x08008fb8        0x4
                0x08008fb8                PROVIDE (__fini_array_start, .)
 *(.fini_array*)
 .fini_array    0x08008fb8        0x4 c:/program files (x86)/gnu tools arm embedded/5.4 2016q3/bin/../lib/gcc/arm-none-eabi/5.4.1/armv7-m/crtbegin.o
 *(SORT(.fini_array.*))
                0x08008fbc                PROVIDE (__fini_array_end, .)
                0x08008fbc                _sidata = .

.data           0x20000000      0x5a0 load address 0x08008fbc
                0x20000000                . = ALIGN (0x4)
                0x20000000                _sdata = .
 *(.data)
 .data          0x20000000       0x1c ..\obj\usbd_usr.o
                0x20000000                USR_cb
 .data          0x2000001c       0x14 ..\obj\system_stm32f10x.o
                0x2000001c                SystemCoreClock
                0x20000020                AHBPrescTable
 .data          0x20000030       0x30 ..\obj\usbd_core.o
                0x20000030                USBD_DCD_INT_cb
                0x2000005c                USBD_DCD_INT_fops
 .data          0x20000060       0x30 ..\obj\main.o
                0x20000060                chConfig
 .data          0x20000090       0x14 ..\obj\stm32f10x_rcc.o
 .data          0x200000a4       0x40 ..\obj\usbd_desc.o
                0x200000a4                USR_desc
                0x200000c0                USBD_DeviceDesc
                0x200000d4                USBD_DeviceQualifierDesc
                0x200000e0                USBD_LangIDDesc
 .data          0x200000e4       0x14 ..\obj\deca_usb.o
                0x200000e4                VCP_fops
 .data          0x200000f8       0x74 ..\obj\usbd_cdc_core.o
                0x200000f8                usbd_cdc_CfgDesc
                0x20000140                USBD_CDC_cb
 *(.data*)
 *fill*         0x2000016c        0x4 
 .data.impure_data
                0x20000170      0x428 c:/program files (x86)/gnu tools arm embedded/5.4 2016q3/bin/../lib/gcc/arm-none-eabi/5.4.1/../../../../arm-none-eabi/lib/armv7-m\libc.a(lib_a-impure.o)
 .data._impure_ptr
                0x20000598        0x4 c:/program files (x86)/gnu tools arm embedded/5.4 2016q3/bin/../lib/gcc/arm-none-eabi/5.4.1/../../../../arm-none-eabi/lib/armv7-m\libc.a(lib_a-impure.o)
                0x20000598                _impure_ptr
 .data.__fdlib_version
                0x2000059c        0x1 c:/program files (x86)/gnu tools arm embedded/5.4 2016q3/bin/../lib/gcc/arm-none-eabi/5.4.1/../../../../arm-none-eabi/lib/armv7-m\libm.a(lib_a-s_lib_ver.o)
                0x2000059c                __fdlib_version
                0x200005a0                . = ALIGN (0x4)
 *fill*         0x2000059d        0x3 
                0x200005a0                _edata = .

.jcr            0x200005a0        0x0 load address 0x0800955c
 .jcr           0x200005a0        0x0 c:/program files (x86)/gnu tools arm embedded/5.4 2016q3/bin/../lib/gcc/arm-none-eabi/5.4.1/armv7-m/crtbegin.o

.igot.plt       0x200005a0        0x0 load address 0x0800955c
 .igot.plt      0x200005a0        0x0 c:/program files (x86)/gnu tools arm embedded/5.4 2016q3/bin/../lib/gcc/arm-none-eabi/5.4.1/armv7-m/crtbegin.o
                0x200005a0                . = ALIGN (0x4)

.bss            0x200005a0     0x5880 load address 0x08009560
                0x200005a0                _sbss = .
                0x200005a0                __bss_start__ = _sbss
 *(.bss)
 .bss           0x200005a0       0x1c c:/program files (x86)/gnu tools arm embedded/5.4 2016q3/bin/../lib/gcc/arm-none-eabi/5.4.1/armv7-m/crtbegin.o
 .bss           0x200005bc       0x38 ..\obj\deca_device.o
 .bss           0x200005f4        0x8 ..\obj\main.o
                0x200005f4                s1switch
                0x200005f8                dr_mode
 .bss           0x200005fc       0x10 ..\obj\deca_usb.o
                0x200005fc                local_buff_length
                0x20000600                local_buff_offset
                0x20000604                tx_buff_length
                0x20000608                local_have_data
 .bss           0x2000060c        0xd ..\obj\usbd_req.o
                0x2000060c                USBD_ep_status
                0x20000610                USBD_default_cfg
                0x20000614                USBD_cfg_status
 *fill*         0x20000619        0x3 
 .bss           0x2000061c       0x1c ..\obj\usbd_cdc_core.o
                0x20000620                APP_Rx_ptr_in
                0x20000624                APP_Rx_ptr_out
                0x20000628                APP_Rx_length
                0x2000062c                USB_Tx_State
 .bss           0x20000638        0x4 ..\obj\port_deca.o
                0x20000638                port_deca_isr
 .bss           0x2000063c        0xc ..\obj\tdoa_tag.o
                0x2000063c                statsReceivedPackets
                0x20000640                statsAcceptedAnchorDataPackets
                0x20000644                statsAcceptedPackets
 *(.bss*)
 *(COMMON)
 COMMON         0x20000648        0x4 ..\obj\usbd_core.o
                0x20000648                SET_TEST_MODE
 COMMON         0x2000064c       0x6c ..\obj\main.o
                0x2000064c                tagaddr
                0x20000650                dataseq
                0x200006a0                usbData
                0x200006a8                usbDataReady
                0x200006a9                anc_chan
                0x200006aa                anc_prf
                0x200006ac                tx_failed_count
                0x200006b0                chan
                0x200006b4                ancaddr
 COMMON         0x200006b8     0x4480 ..\obj\deca_usb.o
                0x200006b8                s1configswitch
                0x200006bc                version
                0x200006c0                version_size
                0x200006c4                tx_buff
                0x20002604                USB_OTG_dev
                0x20002bf8                local_buff
 COMMON         0x20004b38        0x4 ..\obj\stm32f10x_it.o
                0x20004b38                time32_incr
 COMMON         0x20004b3c       0xff ..\obj\usbd_req.o
                0x20004b3c                USBD_StrDesc
 *fill*         0x20004c3b        0x1 
 COMMON         0x20004c3c     0x108c ..\obj\usbd_cdc_core.o
                0x20004c3c                usbd_cdc_OtherCfgDesc
                0x20004c80                USB_Rx_Buffer
                0x20004cc0                CmdBuff
                0x20004cc8                APP_Rx_Buffer
 COMMON         0x20005cc8      0x158 ..\obj\tdoa_tag.o
                0x20005cc8                rxPacketBuffer
                0x20005da0                frameTime_in_cl_A
                0x20005db8                clockCorrection_T_To_A
                0x20005dd0                previousAnchor
                0x20005dd8                arrivals
                0x20005e08                uwbTdoaDistDiff
                0x20005e20                . = ALIGN (0x4)
                0x20005e20                _ebss = .
                0x20005e20                __bss_end__ = _ebss
                [!provide]                PROVIDE (end, _ebss)
                [!provide]                PROVIDE (_end, _ebss)

._user_heap_stack
                0x20005e20      0x800 load address 0x0800ede0
                0x20005e20                . = ALIGN (0x4)
                0x20005e20                _user_heap_start = .
                0x20006220                . = (. + _Min_Heap_Size)
 *fill*         0x20005e20      0x400 
                0x20006220                _user_heap_end = .
                0x20006620                . = (. + _Min_Stack_Size)
 *fill*         0x20006220      0x400 
                0x20006620                . = ALIGN (0x4)
                [!provide]                PROVIDE (heap_start, _user_heap_start)
                [!provide]                PROVIDE (_heap_start, _user_heap_start)
                [!provide]                PROVIDE (heap_end, _user_heap_end)
                [!provide]                PROVIDE (_heap_end, _user_heap_end)

.memory_b1_text
 *(.mb1text)
 *(.mb1text*)
 *(.mb1rodata)
 *(.mb1rodata*)

/DISCARD/
 libc.a(*)
 libm.a(*)
 libgcc.a(*)

.ARM.attributes
                0x00000000       0x29
 *(.ARM.attributes)
 .ARM.attributes
                0x00000000       0x1d c:/program files (x86)/gnu tools arm embedded/5.4 2016q3/bin/../lib/gcc/arm-none-eabi/5.4.1/armv7-m/crti.o
 .ARM.attributes
                0x0000001d       0x2d c:/program files (x86)/gnu tools arm embedded/5.4 2016q3/bin/../lib/gcc/arm-none-eabi/5.4.1/armv7-m/crtbegin.o
 .ARM.attributes
                0x0000004a       0x33 ..\obj\stm32f10x_rtc.o
 .ARM.attributes
                0x0000007d       0x33 ..\obj\usb_core.o
 .ARM.attributes
                0x000000b0       0x33 ..\obj\usbd_usr.o
 .ARM.attributes
                0x000000e3       0x33 ..\obj\deca_usb_bsp_evk1000.o
 .ARM.attributes
                0x00000116       0x33 ..\obj\system_stm32f10x.o
 .ARM.attributes
                0x00000149       0x33 ..\obj\deca_device.o
 .ARM.attributes
                0x0000017c       0x33 ..\obj\deca_spi.o
 .ARM.attributes
                0x000001af       0x33 ..\obj\stm32f10x_gpio.o
 .ARM.attributes
                0x000001e2       0x33 ..\obj\usbd_core.o
 .ARM.attributes
                0x00000215       0x33 ..\obj\main.o
 .ARM.attributes
                0x00000248       0x33 ..\obj\stm32f10x_rcc.o
 .ARM.attributes
                0x0000027b       0x21 ..\obj\startup_stm32f10x_cl.o
 .ARM.attributes
                0x0000029c       0x33 ..\obj\stm32f10x_exti.o
 .ARM.attributes
                0x000002cf       0x33 ..\obj\usbd_desc.o
 .ARM.attributes
                0x00000302       0x33 ..\obj\deca_mutex.o
 .ARM.attributes
                0x00000335       0x33 ..\obj\deca_usb.o
 .ARM.attributes
                0x00000368       0x33 ..\obj\deca_sleep.o
 .ARM.attributes
                0x0000039b       0x33 ..\obj\stm32f10x_flash.o
 .ARM.attributes
                0x000003ce       0x33 ..\obj\stm32f10x_it.o
 .ARM.attributes
                0x00000401       0x33 ..\obj\usbd_req.o
 .ARM.attributes
                0x00000434       0x33 ..\obj\usb_dcd_int.o
 .ARM.attributes
                0x00000467       0x33 ..\obj\usbd_cdc_core.o
 .ARM.attributes
                0x0000049a       0x33 ..\obj\lcd.o
 .ARM.attributes
                0x000004cd       0x33 ..\obj\misc.o
 .ARM.attributes
                0x00000500       0x33 ..\obj\usb_dcd.o
 .ARM.attributes
                0x00000533       0x33 ..\obj\stm32f10x_spi.o
 .ARM.attributes
                0x00000566       0x33 ..\obj\deca_params_init.o
 .ARM.attributes
                0x00000599       0x33 ..\obj\usbd_ioreq.o
 .ARM.attributes
                0x000005cc       0x33 ..\obj\port_deca.o
 .ARM.attributes
                0x000005ff       0x33 ..\obj\tdoa_tag.o
 .ARM.attributes
                0x00000632       0x2d c:/program files (x86)/gnu tools arm embedded/5.4 2016q3/bin/../lib/gcc/arm-none-eabi/5.4.1/../../../../arm-none-eabi/lib/armv7-m\libm.a(lib_a-wf_log10.o)
 .ARM.attributes
                0x0000065f       0x2d c:/program files (x86)/gnu tools arm embedded/5.4 2016q3/bin/../lib/gcc/arm-none-eabi/5.4.1/../../../../arm-none-eabi/lib/armv7-m\libm.a(lib_a-ef_log10.o)
 .ARM.attributes
                0x0000068c       0x2d c:/program files (x86)/gnu tools arm embedded/5.4 2016q3/bin/../lib/gcc/arm-none-eabi/5.4.1/../../../../arm-none-eabi/lib/armv7-m\libm.a(lib_a-s_lib_ver.o)
 .ARM.attributes
                0x000006b9       0x2d c:/program files (x86)/gnu tools arm embedded/5.4 2016q3/bin/../lib/gcc/arm-none-eabi/5.4.1/../../../../arm-none-eabi/lib/armv7-m\libm.a(lib_a-s_matherr.o)
 .ARM.attributes
                0x000006e6       0x2d c:/program files (x86)/gnu tools arm embedded/5.4 2016q3/bin/../lib/gcc/arm-none-eabi/5.4.1/../../../../arm-none-eabi/lib/armv7-m\libm.a(lib_a-s_nan.o)
 .ARM.attributes
                0x00000713       0x2d c:/program files (x86)/gnu tools arm embedded/5.4 2016q3/bin/../lib/gcc/arm-none-eabi/5.4.1/../../../../arm-none-eabi/lib/armv7-m\libm.a(lib_a-ef_log.o)
 .ARM.attributes
                0x00000740       0x1d c:/program files (x86)/gnu tools arm embedded/5.4 2016q3/bin/../lib/gcc/arm-none-eabi/5.4.1/armv7-m\libgcc.a(_arm_addsubdf3.o)
 .ARM.attributes
                0x0000075d       0x1d c:/program files (x86)/gnu tools arm embedded/5.4 2016q3/bin/../lib/gcc/arm-none-eabi/5.4.1/armv7-m\libgcc.a(_arm_muldivdf3.o)
 .ARM.attributes
                0x0000077a       0x1d c:/program files (x86)/gnu tools arm embedded/5.4 2016q3/bin/../lib/gcc/arm-none-eabi/5.4.1/armv7-m\libgcc.a(_arm_truncdfsf2.o)
 .ARM.attributes
                0x00000797       0x1d c:/program files (x86)/gnu tools arm embedded/5.4 2016q3/bin/../lib/gcc/arm-none-eabi/5.4.1/armv7-m\libgcc.a(_arm_addsubsf3.o)
 .ARM.attributes
                0x000007b4       0x1d c:/program files (x86)/gnu tools arm embedded/5.4 2016q3/bin/../lib/gcc/arm-none-eabi/5.4.1/armv7-m\libgcc.a(_arm_muldivsf3.o)
 .ARM.attributes
                0x000007d1       0x1d c:/program files (x86)/gnu tools arm embedded/5.4 2016q3/bin/../lib/gcc/arm-none-eabi/5.4.1/armv7-m\libgcc.a(_arm_cmpsf2.o)
 .ARM.attributes
                0x000007ee       0x1d c:/program files (x86)/gnu tools arm embedded/5.4 2016q3/bin/../lib/gcc/arm-none-eabi/5.4.1/armv7-m\libgcc.a(_arm_unordsf2.o)
 .ARM.attributes
                0x0000080b       0x1d c:/program files (x86)/gnu tools arm embedded/5.4 2016q3/bin/../lib/gcc/arm-none-eabi/5.4.1/armv7-m\libgcc.a(_arm_fixsfsi.o)
 .ARM.attributes
                0x00000828       0x2d c:/program files (x86)/gnu tools arm embedded/5.4 2016q3/bin/../lib/gcc/arm-none-eabi/5.4.1/armv7-m\libgcc.a(_fixsfdi.o)
 .ARM.attributes
                0x00000855       0x2d c:/program files (x86)/gnu tools arm embedded/5.4 2016q3/bin/../lib/gcc/arm-none-eabi/5.4.1/armv7-m\libgcc.a(_fixdfdi.o)
 .ARM.attributes
                0x00000882       0x2d c:/program files (x86)/gnu tools arm embedded/5.4 2016q3/bin/../lib/gcc/arm-none-eabi/5.4.1/armv7-m\libgcc.a(_fixunssfdi.o)
 .ARM.attributes
                0x000008af       0x2d c:/program files (x86)/gnu tools arm embedded/5.4 2016q3/bin/../lib/gcc/arm-none-eabi/5.4.1/armv7-m\libgcc.a(_fixunsdfdi.o)
 .ARM.attributes
                0x000008dc       0x1d c:/program files (x86)/gnu tools arm embedded/5.4 2016q3/bin/../lib/gcc/arm-none-eabi/5.4.1/armv7-m\libgcc.a(_arm_cmpdf2.o)
 .ARM.attributes
                0x000008f9       0x1d c:/program files (x86)/gnu tools arm embedded/5.4 2016q3/bin/../lib/gcc/arm-none-eabi/5.4.1/armv7-m\libgcc.a(_arm_fixunsdfsi.o)
 .ARM.attributes
                0x00000916       0x2d c:/program files (x86)/gnu tools arm embedded/5.4 2016q3/bin/../lib/gcc/arm-none-eabi/5.4.1/../../../../arm-none-eabi/lib/armv7-m\libc.a(lib_a-errno.o)
 .ARM.attributes
                0x00000943       0x1b c:/program files (x86)/gnu tools arm embedded/5.4 2016q3/bin/../lib/gcc/arm-none-eabi/5.4.1/../../../../arm-none-eabi/lib/armv7-m\libc.a(lib_a-memcpy.o)
 .ARM.attributes
                0x0000095e       0x2d c:/program files (x86)/gnu tools arm embedded/5.4 2016q3/bin/../lib/gcc/arm-none-eabi/5.4.1/../../../../arm-none-eabi/lib/armv7-m\libc.a(lib_a-strlen-stub.o)
 .ARM.attributes
                0x0000098b       0x1d c:/program files (x86)/gnu tools arm embedded/5.4 2016q3/bin/../lib/gcc/arm-none-eabi/5.4.1/armv7-m/crtn.o
LOAD ..\obj\stm32f10x_rtc.o
LOAD ..\obj\usb_core.o
LOAD ..\obj\stm32f10x_tim.o
LOAD ..\obj\core_cm3.o
LOAD ..\obj\usbd_usr.o
LOAD ..\obj\deca_usb_bsp_evk1000.o
LOAD ..\obj\stm32f10x_dbgmcu.o
LOAD ..\obj\system_stm32f10x.o
LOAD ..\obj\deca_device.o
LOAD ..\obj\deca_spi.o
LOAD ..\obj\stm32f10x_fsmc.o
LOAD ..\obj\stm32f10x_pwr.o
LOAD ..\obj\stm32f10x_can.o
LOAD ..\obj\stm32f10x_gpio.o
LOAD ..\obj\stm32f10x_dac.o
LOAD ..\obj\usbd_core.o
LOAD ..\obj\main.o
LOAD ..\obj\stm32f10x_crc.o
LOAD ..\obj\stm32f10x_rcc.o
LOAD ..\obj\startup_stm32f10x_cl.o
LOAD ..\obj\stm32f10x_exti.o
LOAD ..\obj\stm32f10x_adc.o
LOAD ..\obj\usbd_desc.o
LOAD ..\obj\deca_mutex.o
LOAD ..\obj\deca_usb.o
LOAD ..\obj\stm32f10x_usart.o
LOAD ..\obj\deca_sleep.o
LOAD ..\obj\syscalls.o
LOAD ..\obj\stm32f10x_flash.o
LOAD ..\obj\stm32f10x_it.o
LOAD ..\obj\stm32f10x_cec.o
LOAD ..\obj\usbd_req.o
LOAD ..\obj\usb_dcd_int.o
LOAD ..\obj\stm32f10x_sdio.o
LOAD ..\obj\usbd_cdc_core.o
LOAD ..\obj\stm32f10x_dma.o
LOAD ..\obj\usb_hcd.o
LOAD ..\obj\lcd.o
LOAD ..\obj\misc.o
LOAD ..\obj\usb_dcd.o
LOAD ..\obj\stm32f10x_wwdg.o
LOAD ..\obj\stm32f10x_spi.o
LOAD ..\obj\stm32f10x_i2c.o
LOAD ..\obj\deca_params_init.o
LOAD ..\obj\usbd_ioreq.o
LOAD ..\obj\port_deca.o
LOAD ..\obj\tdoa_tag.o
LOAD ..\obj\stm32f10x_bkp.o
LOAD ..\obj\usb_hcd_int.o
LOAD ..\obj\stm32f10x_iwdg.o
LOAD c:/program files (x86)/gnu tools arm embedded/5.4 2016q3/bin/../lib/gcc/arm-none-eabi/5.4.1/../../../../arm-none-eabi/lib/armv7-m\libm.a
LOAD c:/program files (x86)/gnu tools arm embedded/5.4 2016q3/bin/../lib/gcc/arm-none-eabi/5.4.1/armv7-m\libgcc.a
LOAD c:/program files (x86)/gnu tools arm embedded/5.4 2016q3/bin/../lib/gcc/arm-none-eabi/5.4.1/../../../../arm-none-eabi/lib/armv7-m\libc.a
START GROUP
LOAD c:/program files (x86)/gnu tools arm embedded/5.4 2016q3/bin/../lib/gcc/arm-none-eabi/5.4.1/armv7-m\libgcc.a
LOAD c:/program files (x86)/gnu tools arm embedded/5.4 2016q3/bin/../lib/gcc/arm-none-eabi/5.4.1/../../../../arm-none-eabi/lib/armv7-m\libg.a
LOAD c:/program files (x86)/gnu tools arm embedded/5.4 2016q3/bin/../lib/gcc/arm-none-eabi/5.4.1/../../../../arm-none-eabi/lib/armv7-m\libc.a
END GROUP
LOAD c:/program files (x86)/gnu tools arm embedded/5.4 2016q3/bin/../lib/gcc/arm-none-eabi/5.4.1/armv7-m/crtend.o
LOAD c:/program files (x86)/gnu tools arm embedded/5.4 2016q3/bin/../lib/gcc/arm-none-eabi/5.4.1/armv7-m/crtn.o
OUTPUT(TREK_TAG.elf elf32-littlearm)

.debug_info     0x00000000    0x13b6f
 .debug_info    0x00000000      0x426 ..\obj\stm32f10x_rtc.o
 .debug_info    0x00000426     0x248a ..\obj\usb_core.o
 .debug_info    0x000028b0      0x1b5 ..\obj\usbd_usr.o
 .debug_info    0x00002a65      0xf3b ..\obj\deca_usb_bsp_evk1000.o
 .debug_info    0x000039a0      0x49d ..\obj\system_stm32f10x.o
 .debug_info    0x00003e3d     0x17c7 ..\obj\deca_device.o
 .debug_info    0x00005604      0x397 ..\obj\deca_spi.o
 .debug_info    0x0000599b      0x6e0 ..\obj\stm32f10x_gpio.o
 .debug_info    0x0000607b     0x1051 ..\obj\usbd_core.o
 .debug_info    0x000070cc      0x7ce ..\obj\main.o
 .debug_info    0x0000789a      0xa93 ..\obj\stm32f10x_rcc.o
 .debug_info    0x0000832d      0x107 ..\obj\startup_stm32f10x_cl.o
 .debug_info    0x00008434      0x33b ..\obj\stm32f10x_exti.o
 .debug_info    0x0000876f      0x34d ..\obj\usbd_desc.o
 .debug_info    0x00008abc      0x439 ..\obj\deca_mutex.o
 .debug_info    0x00008ef5      0xe93 ..\obj\deca_usb.o
 .debug_info    0x00009d88       0xd6 ..\obj\deca_sleep.o
 .debug_info    0x00009e5e      0x7a7 ..\obj\stm32f10x_flash.o
 .debug_info    0x0000a605      0xcf7 ..\obj\stm32f10x_it.o
 .debug_info    0x0000b2fc      0xfda ..\obj\usbd_req.o
 .debug_info    0x0000c2d6     0x1ee6 ..\obj\usb_dcd_int.o
 .debug_info    0x0000e1bc      0xf11 ..\obj\usbd_cdc_core.o
 .debug_info    0x0000f0cd      0x305 ..\obj\lcd.o
 .debug_info    0x0000f3d2      0x4f2 ..\obj\misc.o
 .debug_info    0x0000f8c4     0x103e ..\obj\usb_dcd.o
 .debug_info    0x00010902      0x99b ..\obj\stm32f10x_spi.o
 .debug_info    0x0001129d      0x273 ..\obj\deca_params_init.o
 .debug_info    0x00011510      0xcd6 ..\obj\usbd_ioreq.o
 .debug_info    0x000121e6      0xf8a ..\obj\port_deca.o
 .debug_info    0x00013170      0x9ff ..\obj\tdoa_tag.o

.debug_abbrev   0x00000000     0x32d8
 .debug_abbrev  0x00000000      0x18f ..\obj\stm32f10x_rtc.o
 .debug_abbrev  0x0000018f      0x2eb ..\obj\usb_core.o
 .debug_abbrev  0x0000047a       0xdd ..\obj\usbd_usr.o
 .debug_abbrev  0x00000557      0x200 ..\obj\deca_usb_bsp_evk1000.o
 .debug_abbrev  0x00000757      0x179 ..\obj\system_stm32f10x.o
 .debug_abbrev  0x000008d0      0x20e ..\obj\deca_device.o
 .debug_abbrev  0x00000ade      0x131 ..\obj\deca_spi.o
 .debug_abbrev  0x00000c0f      0x1cc ..\obj\stm32f10x_gpio.o
 .debug_abbrev  0x00000ddb      0x277 ..\obj\usbd_core.o
 .debug_abbrev  0x00001052      0x1f5 ..\obj\main.o
 .debug_abbrev  0x00001247      0x1bc ..\obj\stm32f10x_rcc.o
 .debug_abbrev  0x00001403       0x12 ..\obj\startup_stm32f10x_cl.o
 .debug_abbrev  0x00001415      0x155 ..\obj\stm32f10x_exti.o
 .debug_abbrev  0x0000156a      0x12c ..\obj\usbd_desc.o
 .debug_abbrev  0x00001696      0x14d ..\obj\deca_mutex.o
 .debug_abbrev  0x000017e3      0x248 ..\obj\deca_usb.o
 .debug_abbrev  0x00001a2b       0x78 ..\obj\deca_sleep.o
 .debug_abbrev  0x00001aa3      0x18f ..\obj\stm32f10x_flash.o
 .debug_abbrev  0x00001c32      0x204 ..\obj\stm32f10x_it.o
 .debug_abbrev  0x00001e36      0x2a6 ..\obj\usbd_req.o
 .debug_abbrev  0x000020dc      0x26a ..\obj\usb_dcd_int.o
 .debug_abbrev  0x00002346      0x217 ..\obj\usbd_cdc_core.o
 .debug_abbrev  0x0000255d       0xfd ..\obj\lcd.o
 .debug_abbrev  0x0000265a      0x156 ..\obj\misc.o
 .debug_abbrev  0x000027b0      0x25b ..\obj\usb_dcd.o
 .debug_abbrev  0x00002a0b      0x180 ..\obj\stm32f10x_spi.o
 .debug_abbrev  0x00002b8b       0x79 ..\obj\deca_params_init.o
 .debug_abbrev  0x00002c04      0x1b1 ..\obj\usbd_ioreq.o
 .debug_abbrev  0x00002db5      0x353 ..\obj\port_deca.o
 .debug_abbrev  0x00003108      0x1d0 ..\obj\tdoa_tag.o

.debug_aranges  0x00000000     0x10c8
 .debug_aranges
                0x00000000       0x88 ..\obj\stm32f10x_rtc.o
 .debug_aranges
                0x00000088      0x138 ..\obj\usb_core.o
 .debug_aranges
                0x000001c0       0x50 ..\obj\usbd_usr.o
 .debug_aranges
                0x00000210       0x58 ..\obj\deca_usb_bsp_evk1000.o
 .debug_aranges
                0x00000268       0x38 ..\obj\system_stm32f10x.o
 .debug_aranges
                0x000002a0      0x2d8 ..\obj\deca_device.o
 .debug_aranges
                0x00000578       0x38 ..\obj\deca_spi.o
 .debug_aranges
                0x000005b0       0xa8 ..\obj\stm32f10x_gpio.o
 .debug_aranges
                0x00000658       0x98 ..\obj\usbd_core.o
 .debug_aranges
                0x000006f0       0x48 ..\obj\main.o
 .debug_aranges
                0x00000738      0x160 ..\obj\stm32f10x_rcc.o
 .debug_aranges
                0x00000898       0x28 ..\obj\startup_stm32f10x_cl.o
 .debug_aranges
                0x000008c0       0x58 ..\obj\stm32f10x_exti.o
 .debug_aranges
                0x00000918       0x50 ..\obj\usbd_desc.o
 .debug_aranges
                0x00000968       0x38 ..\obj\deca_mutex.o
 .debug_aranges
                0x000009a0       0x68 ..\obj\deca_usb.o
 .debug_aranges
                0x00000a08       0x28 ..\obj\deca_sleep.o
 .debug_aranges
                0x00000a30       0xf8 ..\obj\stm32f10x_flash.o
 .debug_aranges
                0x00000b28       0x88 ..\obj\stm32f10x_it.o
 .debug_aranges
                0x00000bb0       0x88 ..\obj\usbd_req.o
 .debug_aranges
                0x00000c38       0x90 ..\obj\usb_dcd_int.o
 .debug_aranges
                0x00000cc8       0x60 ..\obj\usbd_cdc_core.o
 .debug_aranges
                0x00000d28       0x28 ..\obj\lcd.o
 .debug_aranges
                0x00000d50       0x40 ..\obj\misc.o
 .debug_aranges
                0x00000d90       0x80 ..\obj\usb_dcd.o
 .debug_aranges
                0x00000e10       0xd0 ..\obj\stm32f10x_spi.o
 .debug_aranges
                0x00000ee0       0x18 ..\obj\deca_params_init.o
 .debug_aranges
                0x00000ef8       0x50 ..\obj\usbd_ioreq.o
 .debug_aranges
                0x00000f48      0x118 ..\obj\port_deca.o
 .debug_aranges
                0x00001060       0x68 ..\obj\tdoa_tag.o

.debug_ranges   0x00000000      0xee8
 .debug_ranges  0x00000000       0x78 ..\obj\stm32f10x_rtc.o
 .debug_ranges  0x00000078      0x128 ..\obj\usb_core.o
 .debug_ranges  0x000001a0       0x40 ..\obj\usbd_usr.o
 .debug_ranges  0x000001e0       0x48 ..\obj\deca_usb_bsp_evk1000.o
 .debug_ranges  0x00000228       0x28 ..\obj\system_stm32f10x.o
 .debug_ranges  0x00000250      0x2c8 ..\obj\deca_device.o
 .debug_ranges  0x00000518       0x28 ..\obj\deca_spi.o
 .debug_ranges  0x00000540       0x98 ..\obj\stm32f10x_gpio.o
 .debug_ranges  0x000005d8       0x88 ..\obj\usbd_core.o
 .debug_ranges  0x00000660       0x38 ..\obj\main.o
 .debug_ranges  0x00000698      0x150 ..\obj\stm32f10x_rcc.o
 .debug_ranges  0x000007e8       0x20 ..\obj\startup_stm32f10x_cl.o
 .debug_ranges  0x00000808       0x48 ..\obj\stm32f10x_exti.o
 .debug_ranges  0x00000850       0x40 ..\obj\usbd_desc.o
 .debug_ranges  0x00000890       0x28 ..\obj\deca_mutex.o
 .debug_ranges  0x000008b8       0x58 ..\obj\deca_usb.o
 .debug_ranges  0x00000910       0x18 ..\obj\deca_sleep.o
 .debug_ranges  0x00000928       0xe8 ..\obj\stm32f10x_flash.o
 .debug_ranges  0x00000a10       0x78 ..\obj\stm32f10x_it.o
 .debug_ranges  0x00000a88       0x78 ..\obj\usbd_req.o
 .debug_ranges  0x00000b00       0x80 ..\obj\usb_dcd_int.o
 .debug_ranges  0x00000b80       0x50 ..\obj\usbd_cdc_core.o
 .debug_ranges  0x00000bd0       0x18 ..\obj\lcd.o
 .debug_ranges  0x00000be8       0x30 ..\obj\misc.o
 .debug_ranges  0x00000c18       0x70 ..\obj\usb_dcd.o
 .debug_ranges  0x00000c88       0xc0 ..\obj\stm32f10x_spi.o
 .debug_ranges  0x00000d48       0x40 ..\obj\usbd_ioreq.o
 .debug_ranges  0x00000d88      0x108 ..\obj\port_deca.o
 .debug_ranges  0x00000e90       0x58 ..\obj\tdoa_tag.o

.debug_line     0x00000000     0x7c5d
 .debug_line    0x00000000      0x37f ..\obj\stm32f10x_rtc.o
 .debug_line    0x0000037f      0x7a6 ..\obj\usb_core.o
 .debug_line    0x00000b25      0x2a1 ..\obj\usbd_usr.o
 .debug_line    0x00000dc6      0x3e7 ..\obj\deca_usb_bsp_evk1000.o
 .debug_line    0x000011ad      0x2aa ..\obj\system_stm32f10x.o
 .debug_line    0x00001457      0x9b5 ..\obj\deca_device.o
 .debug_line    0x00001e0c      0x367 ..\obj\deca_spi.o
 .debug_line    0x00002173      0x4bc ..\obj\stm32f10x_gpio.o
 .debug_line    0x0000262f      0x4b5 ..\obj\usbd_core.o
 .debug_line    0x00002ae4      0x43c ..\obj\main.o
 .debug_line    0x00002f20      0x673 ..\obj\stm32f10x_rcc.o
 .debug_line    0x00003593       0xed ..\obj\startup_stm32f10x_cl.o
 .debug_line    0x00003680      0x392 ..\obj\stm32f10x_exti.o
 .debug_line    0x00003a12      0x2c2 ..\obj\usbd_desc.o
 .debug_line    0x00003cd4      0x2e0 ..\obj\deca_mutex.o
 .debug_line    0x00003fb4      0x549 ..\obj\deca_usb.o
 .debug_line    0x000044fd      0x110 ..\obj\deca_sleep.o
 .debug_line    0x0000460d      0x5b8 ..\obj\stm32f10x_flash.o
 .debug_line    0x00004bc5      0x3e4 ..\obj\stm32f10x_it.o
 .debug_line    0x00004fa9      0x536 ..\obj\usbd_req.o
 .debug_line    0x000054df      0x4b2 ..\obj\usb_dcd_int.o
 .debug_line    0x00005991      0x456 ..\obj\usbd_cdc_core.o
 .debug_line    0x00005de7      0x2d7 ..\obj\lcd.o
 .debug_line    0x000060be      0x32f ..\obj\misc.o
 .debug_line    0x000063ed      0x404 ..\obj\usb_dcd.o
 .debug_line    0x000067f1      0x528 ..\obj\stm32f10x_spi.o
 .debug_line    0x00006d19       0xaa ..\obj\deca_params_init.o
 .debug_line    0x00006dc3      0x364 ..\obj\usbd_ioreq.o
 .debug_line    0x00007127      0x6bd ..\obj\port_deca.o
 .debug_line    0x000077e4      0x479 ..\obj\tdoa_tag.o

.debug_str      0x00000000     0x5a4c
 .debug_str     0x00000000      0x37c ..\obj\stm32f10x_rtc.o
                                0x3e4 (size before relaxing)
 .debug_str     0x0000037c     0x125f ..\obj\usb_core.o
                               0x16b2 (size before relaxing)
 .debug_str     0x000015db      0x102 ..\obj\usbd_usr.o
                                0x2c9 (size before relaxing)
 .debug_str     0x000016dd      0x683 ..\obj\deca_usb_bsp_evk1000.o
                                0xf8d (size before relaxing)
 .debug_str     0x00001d60      0x1e8 ..\obj\system_stm32f10x.o
                                0x369 (size before relaxing)
 .debug_str     0x00001f48      0xb41 ..\obj\deca_device.o
                                0xce3 (size before relaxing)
 .debug_str     0x00002a89       0xfd ..\obj\deca_spi.o
                                0x302 (size before relaxing)
 .debug_str     0x00002b86      0x29f ..\obj\stm32f10x_gpio.o
                                0x55b (size before relaxing)
 .debug_str     0x00002e25      0x1ef ..\obj\usbd_core.o
                                0xbfa (size before relaxing)
 .debug_str     0x00003014      0x227 ..\obj\main.o
                                0x809 (size before relaxing)
 .debug_str     0x0000323b      0x528 ..\obj\stm32f10x_rcc.o
                                0x7a4 (size before relaxing)
 .debug_str     0x00003763      0x20b ..\obj\stm32f10x_exti.o
                                0x38b (size before relaxing)
 .debug_str     0x0000396e      0x17b ..\obj\usbd_desc.o
                                0x3a2 (size before relaxing)
 .debug_str     0x00003ae9       0x70 ..\obj\deca_mutex.o
                                0x610 (size before relaxing)
 .debug_str     0x00003b59      0x202 ..\obj\deca_usb.o
                                0xb74 (size before relaxing)
 .debug_str     0x00003d5b       0x73 ..\obj\deca_sleep.o
                                0x19c (size before relaxing)
 .debug_str     0x00003dce      0x440 ..\obj\stm32f10x_flash.o
                                0x62a (size before relaxing)
 .debug_str     0x0000420e      0x1e6 ..\obj\stm32f10x_it.o
                                0xae4 (size before relaxing)
 .debug_str     0x000043f4      0x1a2 ..\obj\usbd_req.o
                                0xb5f (size before relaxing)
 .debug_str     0x00004596      0x385 ..\obj\usb_dcd_int.o
                               0x13f2 (size before relaxing)
 .debug_str     0x0000491b      0x1c1 ..\obj\usbd_cdc_core.o
                                0xb73 (size before relaxing)
 .debug_str     0x00004adc       0x75 ..\obj\lcd.o
                                0x2b4 (size before relaxing)
 .debug_str     0x00004b51      0x155 ..\obj\misc.o
                                0x3fa (size before relaxing)
 .debug_str     0x00004ca6      0x13f ..\obj\usb_dcd.o
                                0xb7a (size before relaxing)
 .debug_str     0x00004de5      0x37a ..\obj\stm32f10x_spi.o
                                0x68c (size before relaxing)
 .debug_str     0x0000515f       0x5f ..\obj\deca_params_init.o
                                0x289 (size before relaxing)
 .debug_str     0x000051be      0x102 ..\obj\usbd_ioreq.o
                                0xa0f (size before relaxing)
 .debug_str     0x000052c0      0x2b6 ..\obj\port_deca.o
                                0xd9c (size before relaxing)
 .debug_str     0x00005576      0x4d6 ..\obj\tdoa_tag.o
                                0x7c5 (size before relaxing)

.comment        0x00000000       0x6e
 .comment       0x00000000       0x6e ..\obj\stm32f10x_rtc.o
                                 0x6f (size before relaxing)
 .comment       0x0000006e       0x6f ..\obj\usb_core.o
 .comment       0x0000006e       0x6f ..\obj\usbd_usr.o
 .comment       0x0000006e       0x6f ..\obj\deca_usb_bsp_evk1000.o
 .comment       0x0000006e       0x6f ..\obj\system_stm32f10x.o
 .comment       0x0000006e       0x6f ..\obj\deca_device.o
 .comment       0x0000006e       0x6f ..\obj\deca_spi.o
 .comment       0x0000006e       0x6f ..\obj\stm32f10x_gpio.o
 .comment       0x0000006e       0x6f ..\obj\usbd_core.o
 .comment       0x0000006e       0x6f ..\obj\main.o
 .comment       0x0000006e       0x6f ..\obj\stm32f10x_rcc.o
 .comment       0x0000006e       0x6f ..\obj\stm32f10x_exti.o
 .comment       0x0000006e       0x6f ..\obj\usbd_desc.o
 .comment       0x0000006e       0x6f ..\obj\deca_mutex.o
 .comment       0x0000006e       0x6f ..\obj\deca_usb.o
 .comment       0x0000006e       0x6f ..\obj\deca_sleep.o
 .comment       0x0000006e       0x6f ..\obj\stm32f10x_flash.o
 .comment       0x0000006e       0x6f ..\obj\stm32f10x_it.o
 .comment       0x0000006e       0x6f ..\obj\usbd_req.o
 .comment       0x0000006e       0x6f ..\obj\usb_dcd_int.o
 .comment       0x0000006e       0x6f ..\obj\usbd_cdc_core.o
 .comment       0x0000006e       0x6f ..\obj\lcd.o
 .comment       0x0000006e       0x6f ..\obj\misc.o
 .comment       0x0000006e       0x6f ..\obj\usb_dcd.o
 .comment       0x0000006e       0x6f ..\obj\stm32f10x_spi.o
 .comment       0x0000006e       0x6f ..\obj\deca_params_init.o
 .comment       0x0000006e       0x6f ..\obj\usbd_ioreq.o
 .comment       0x0000006e       0x6f ..\obj\port_deca.o
 .comment       0x0000006e       0x6f ..\obj\tdoa_tag.o

.debug_frame    0x00000000     0x42cc
 .debug_frame   0x00000000      0x214 ..\obj\stm32f10x_rtc.o
 .debug_frame   0x00000214      0x584 ..\obj\usb_core.o
 .debug_frame   0x00000798       0xf8 ..\obj\usbd_usr.o
 .debug_frame   0x00000890      0x134 ..\obj\deca_usb_bsp_evk1000.o
 .debug_frame   0x000009c4       0x98 ..\obj\system_stm32f10x.o
 .debug_frame   0x00000a5c      0xbf0 ..\obj\deca_device.o
 .debug_frame   0x0000164c       0x8c ..\obj\deca_spi.o
 .debug_frame   0x000016d8      0x2d0 ..\obj\stm32f10x_gpio.o
 .debug_frame   0x000019a8      0x258 ..\obj\usbd_core.o
 .debug_frame   0x00001c00       0xf8 ..\obj\main.o
 .debug_frame   0x00001cf8      0x65c ..\obj\stm32f10x_rcc.o
 .debug_frame   0x00002354      0x148 ..\obj\stm32f10x_exti.o
 .debug_frame   0x0000249c      0x114 ..\obj\usbd_desc.o
 .debug_frame   0x000025b0       0xa8 ..\obj\deca_mutex.o
 .debug_frame   0x00002658      0x140 ..\obj\deca_usb.o
 .debug_frame   0x00002798       0x58 ..\obj\deca_sleep.o
 .debug_frame   0x000027f0      0x410 ..\obj\stm32f10x_flash.o
 .debug_frame   0x00002c00      0x19c ..\obj\stm32f10x_it.o
 .debug_frame   0x00002d9c      0x210 ..\obj\usbd_req.o
 .debug_frame   0x00002fac      0x230 ..\obj\usb_dcd_int.o
 .debug_frame   0x000031dc      0x158 ..\obj\usbd_cdc_core.o
 .debug_frame   0x00003334       0x58 ..\obj\lcd.o
 .debug_frame   0x0000338c       0xd8 ..\obj\misc.o
 .debug_frame   0x00003464      0x1e8 ..\obj\usb_dcd.o
 .debug_frame   0x0000364c      0x3a0 ..\obj\stm32f10x_spi.o
 .debug_frame   0x000039ec      0x110 ..\obj\usbd_ioreq.o
 .debug_frame   0x00003afc      0x460 ..\obj\port_deca.o
 .debug_frame   0x00003f5c      0x190 ..\obj\tdoa_tag.o
 .debug_frame   0x000040ec       0x3c c:/program files (x86)/gnu tools arm embedded/5.4 2016q3/bin/../lib/gcc/arm-none-eabi/5.4.1/../../../../arm-none-eabi/lib/armv7-m\libm.a(lib_a-wf_log10.o)
 .debug_frame   0x00004128       0x2c c:/program files (x86)/gnu tools arm embedded/5.4 2016q3/bin/../lib/gcc/arm-none-eabi/5.4.1/../../../../arm-none-eabi/lib/armv7-m\libm.a(lib_a-ef_log10.o)
 .debug_frame   0x00004154       0x20 c:/program files (x86)/gnu tools arm embedded/5.4 2016q3/bin/../lib/gcc/arm-none-eabi/5.4.1/../../../../arm-none-eabi/lib/armv7-m\libm.a(lib_a-s_matherr.o)
 .debug_frame   0x00004174       0x20 c:/program files (x86)/gnu tools arm embedded/5.4 2016q3/bin/../lib/gcc/arm-none-eabi/5.4.1/../../../../arm-none-eabi/lib/armv7-m\libm.a(lib_a-s_nan.o)
 .debug_frame   0x00004194       0x34 c:/program files (x86)/gnu tools arm embedded/5.4 2016q3/bin/../lib/gcc/arm-none-eabi/5.4.1/../../../../arm-none-eabi/lib/armv7-m\libm.a(lib_a-ef_log.o)
 .debug_frame   0x000041c8       0x30 c:/program files (x86)/gnu tools arm embedded/5.4 2016q3/bin/../lib/gcc/arm-none-eabi/5.4.1/armv7-m\libgcc.a(_fixsfdi.o)
 .debug_frame   0x000041f8       0x3c c:/program files (x86)/gnu tools arm embedded/5.4 2016q3/bin/../lib/gcc/arm-none-eabi/5.4.1/armv7-m\libgcc.a(_fixdfdi.o)
 .debug_frame   0x00004234       0x2c c:/program files (x86)/gnu tools arm embedded/5.4 2016q3/bin/../lib/gcc/arm-none-eabi/5.4.1/armv7-m\libgcc.a(_fixunssfdi.o)
 .debug_frame   0x00004260       0x2c c:/program files (x86)/gnu tools arm embedded/5.4 2016q3/bin/../lib/gcc/arm-none-eabi/5.4.1/armv7-m\libgcc.a(_fixunsdfdi.o)
 .debug_frame   0x0000428c       0x20 c:/program files (x86)/gnu tools arm embedded/5.4 2016q3/bin/../lib/gcc/arm-none-eabi/5.4.1/../../../../arm-none-eabi/lib/armv7-m\libc.a(lib_a-errno.o)
 .debug_frame   0x000042ac       0x20 c:/program files (x86)/gnu tools arm embedded/5.4 2016q3/bin/../lib/gcc/arm-none-eabi/5.4.1/../../../../arm-none-eabi/lib/armv7-m\libc.a(lib_a-strlen-stub.o)
